[32m[Nest] 15852  - [39m07/28/2026, 6:34:30 PM [32m    LOG[39m [38;5;3m[NestFactory] [39m[32mStarting Nest application...[39m
[32m[Nest] 15852  - [39m07/28/2026, 6:34:30 PM [32m    LOG[39m [38;5;3m[InstanceLoader] [39m[32mPrismaModule dependencies initialized[39m[38;5;3m +34ms[39m
[32m[Nest] 15852  - [39m07/28/2026, 6:34:30 PM [32m    LOG[39m [38;5;3m[InstanceLoader] [39m[32mDomainEventModule dependencies initialized[39m[38;5;3m +1ms[39m
[32m[Nest] 15852  - [39m07/28/2026, 6:34:30 PM [32m    LOG[39m [38;5;3m[InstanceLoader] [39m[32mPassportModule dependencies initialized[39m[38;5;3m +0ms[39m
[32m[Nest] 15852  - [39m07/28/2026, 6:34:30 PM [32m    LOG[39m [38;5;3m[InstanceLoader] [39m[32mConfigHostModule dependencies initialized[39m[38;5;3m +9ms[39m
[32m[Nest] 15852  - [39m07/28/2026, 6:34:30 PM [32m    LOG[39m [38;5;3m[InstanceLoader] [39m[32mDiscoveryModule dependencies initialized[39m[38;5;3m +1ms[39m
[32m[Nest] 15852  - [39m07/28/2026, 6:34:30 PM [32m    LOG[39m [38;5;3m[InstanceLoader] [39m[32mConfigModule dependencies initialized[39m[38;5;3m +3ms[39m
[32m[Nest] 15852  - [39m07/28/2026, 6:34:30 PM [32m    LOG[39m [38;5;3m[InstanceLoader] [39m[32mConfigModule dependencies initialized[39m[38;5;3m +0ms[39m
[32m[Nest] 15852  - [39m07/28/2026, 6:34:30 PM [32m    LOG[39m [38;5;3m[InstanceLoader] [39m[32mScheduleModule dependencies initialized[39m[38;5;3m +1ms[39m
[32m[Nest] 15852  - [39m07/28/2026, 6:34:30 PM [32m    LOG[39m [38;5;3m[InstanceLoader] [39m[32mEventEmitterModule dependencies initialized[39m[38;5;3m +0ms[39m
[32m[Nest] 15852  - [39m07/28/2026, 6:34:30 PM [32m    LOG[39m [38;5;3m[InstanceLoader] [39m[32mTerminusModule dependencies initialized[39m[38;5;3m +0ms[39m
[32m[Nest] 15852  - [39m07/28/2026, 6:34:30 PM [32m    LOG[39m [38;5;3m[InstanceLoader] [39m[32mRedisModule dependencies initialized[39m[38;5;3m +2ms[39m
[32m[Nest] 15852  - [39m07/28/2026, 6:34:30 PM [32m    LOG[39m [38;5;3m[InstanceLoader] [39m[32mAuditLogsModule dependencies initialized[39m[38;5;3m +0ms[39m
[32m[Nest] 15852  - [39m07/28/2026, 6:34:30 PM [32m    LOG[39m [38;5;3m[InstanceLoader] [39m[32mCommonModule dependencies initialized[39m[38;5;3m +1ms[39m
[32m[Nest] 15852  - [39m07/28/2026, 6:34:30 PM [32m    LOG[39m [38;5;3m[InstanceLoader] [39m[32mSchedulerModule dependencies initialized[39m[38;5;3m +0ms[39m
[32m[Nest] 15852  - [39m07/28/2026, 6:34:30 PM [32m    LOG[39m [38;5;3m[InstanceLoader] [39m[32mThrottlerModule dependencies initialized[39m[38;5;3m +0ms[39m
[32m[Nest] 15852  - [39m07/28/2026, 6:34:30 PM [32m    LOG[39m [38;5;3m[InstanceLoader] [39m[32mJwtModule dependencies initialized[39m[38;5;3m +0ms[39m
[32m[Nest] 15852  - [39m07/28/2026, 6:34:30 PM [32m    LOG[39m [38;5;3m[InstanceLoader] [39m[32mTenantsModule dependencies initialized[39m[38;5;3m +1ms[39m
[32m[Nest] 15852  - [39m07/28/2026, 6:34:30 PM [32m    LOG[39m [38;5;3m[InstanceLoader] [39m[32mUsersModule dependencies initialized[39m[38;5;3m +0ms[39m
[32m[Nest] 15852  - [39m07/28/2026, 6:34:30 PM [32m    LOG[39m [38;5;3m[InstanceLoader] [39m[32mVariantGroupsModule dependencies initialized[39m[38;5;3m +0ms[39m
[32m[Nest] 15852  - [39m07/28/2026, 6:34:30 PM [32m    LOG[39m [38;5;3m[InstanceLoader] [39m[32mProductVariantsModule dependencies initialized[39m[38;5;3m +0ms[39m
[32m[Nest] 15852  - [39m07/28/2026, 6:34:30 PM [32m    LOG[39m [38;5;3m[InstanceLoader] [39m[32mModifierGroupsModule dependencies initialized[39m[38;5;3m +0ms[39m
[32m[Nest] 15852  - [39m07/28/2026, 6:34:30 PM [32m    LOG[39m [38;5;3m[InstanceLoader] [39m[32mModifiersModule dependencies initialized[39m[38;5;3m +1ms[39m
[32m[Nest] 15852  - [39m07/28/2026, 6:34:30 PM [32m    LOG[39m [38;5;3m[InstanceLoader] [39m[32mProductTagsModule dependencies initialized[39m[38;5;3m +0ms[39m
[32m[Nest] 15852  - [39m07/28/2026, 6:34:30 PM [32m    LOG[39m [38;5;3m[InstanceLoader] [39m[32mAllergensModule dependencies initialized[39m[38;5;3m +0ms[39m
[32m[Nest] 15852  - [39m07/28/2026, 6:34:30 PM [32m    LOG[39m [38;5;3m[InstanceLoader] [39m[32mNutritionModule dependencies initialized[39m[38;5;3m +0ms[39m
[32m[Nest] 15852  - [39m07/28/2026, 6:34:30 PM [32m    LOG[39m [38;5;3m[InstanceLoader] [39m[32mBusinessHoursModule dependencies initialized[39m[38;5;3m +0ms[39m
[32m[Nest] 15852  - [39m07/28/2026, 6:34:30 PM [32m    LOG[39m [38;5;3m[InstanceLoader] [39m[32mBusinessExceptionsModule dependencies initialized[39m[38;5;3m +0ms[39m
[32m[Nest] 15852  - [39m07/28/2026, 6:34:30 PM [32m    LOG[39m [38;5;3m[InstanceLoader] [39m[32mRestaurantSettingsModule dependencies initialized[39m[38;5;3m +0ms[39m
[32m[Nest] 15852  - [39m07/28/2026, 6:34:30 PM [32m    LOG[39m [38;5;3m[InstanceLoader] [39m[32mBranchSettingsModule dependencies initialized[39m[38;5;3m +0ms[39m
[32m[Nest] 15852  - [39m07/28/2026, 6:34:30 PM [32m    LOG[39m [38;5;3m[InstanceLoader] [39m[32mTaxRatesModule dependencies initialized[39m[38;5;3m +0ms[39m
[32m[Nest] 15852  - [39m07/28/2026, 6:34:30 PM [32m    LOG[39m [38;5;3m[InstanceLoader] [39m[32mServiceChargesModule dependencies initialized[39m[38;5;3m +0ms[39m
[32m[Nest] 15852  - [39m07/28/2026, 6:34:30 PM [32m    LOG[39m [38;5;3m[InstanceLoader] [39m[32mUnitsModule dependencies initialized[39m[38;5;3m +0ms[39m
[32m[Nest] 15852  - [39m07/28/2026, 6:34:30 PM [32m    LOG[39m [38;5;3m[InstanceLoader] [39m[32mIngredientsModule dependencies initialized[39m[38;5;3m +1ms[39m
[32m[Nest] 15852  - [39m07/28/2026, 6:34:30 PM [32m    LOG[39m [38;5;3m[InstanceLoader] [39m[32mSuppliersModule dependencies initialized[39m[38;5;3m +0ms[39m
[32m[Nest] 15852  - [39m07/28/2026, 6:34:30 PM [32m    LOG[39m [38;5;3m[InstanceLoader] [39m[32mProductIngredientsModule dependencies initialized[39m[38;5;3m +0ms[39m
[32m[Nest] 15852  - [39m07/28/2026, 6:34:30 PM [32m    LOG[39m [38;5;3m[InstanceLoader] [39m[32mRestaurantsModule dependencies initialized[39m[38;5;3m +0ms[39m
[32m[Nest] 15852  - [39m07/28/2026, 6:34:30 PM [32m    LOG[39m [38;5;3m[InstanceLoader] [39m[32mBranchesModule dependencies initialized[39m[38;5;3m +0ms[39m
[32m[Nest] 15852  - [39m07/28/2026, 6:34:30 PM [32m    LOG[39m [38;5;3m[InstanceLoader] [39m[32mFloorsModule dependencies initialized[39m[38;5;3m +0ms[39m
[32m[Nest] 15852  - [39m07/28/2026, 6:34:30 PM [32m    LOG[39m [38;5;3m[InstanceLoader] [39m[32mDiningAreasModule dependencies initialized[39m[38;5;3m +0ms[39m
[32m[Nest] 15852  - [39m07/28/2026, 6:34:30 PM [32m    LOG[39m [38;5;3m[InstanceLoader] [39m[32mTablesModule dependencies initialized[39m[38;5;3m +1ms[39m
[32m[Nest] 15852  - [39m07/28/2026, 6:34:30 PM [32m    LOG[39m [38;5;3m[InstanceLoader] [39m[32mProductImagesModule dependencies initialized[39m[38;5;3m +0ms[39m
[32m[Nest] 15852  - [39m07/28/2026, 6:34:30 PM [32m    LOG[39m [38;5;3m[InstanceLoader] [39m[32mProductAvailabilityModule dependencies initialized[39m[38;5;3m +0ms[39m
[32m[Nest] 15852  - [39m07/28/2026, 6:34:30 PM [32m    LOG[39m [38;5;3m[InstanceLoader] [39m[32mSessionsModule dependencies initialized[39m[38;5;3m +1ms[39m
[32m[Nest] 15852  - [39m07/28/2026, 6:34:30 PM [32m    LOG[39m [38;5;3m[InstanceLoader] [39m[32mInvitationsModule dependencies initialized[39m[38;5;3m +0ms[39m
[32m[Nest] 15852  - [39m07/28/2026, 6:34:30 PM [32m    LOG[39m [38;5;3m[InstanceLoader] [39m[32mQueueModule dependencies initialized[39m[38;5;3m +0ms[39m
[32m[Nest] 15852  - [39m07/28/2026, 6:34:30 PM [32m    LOG[39m [38;5;3m[InstanceLoader] [39m[32mUsageModule dependencies initialized[39m[38;5;3m +0ms[39m
[32m[Nest] 15852  - [39m07/28/2026, 6:34:30 PM [32m    LOG[39m [38;5;3m[InstanceLoader] [39m[32mHealthModule dependencies initialized[39m[38;5;3m +1ms[39m
[32m[Nest] 15852  - [39m07/28/2026, 6:34:30 PM [32m    LOG[39m [38;5;3m[InstanceLoader] [39m[32mMenuCategoriesModule dependencies initialized[39m[38;5;3m +0ms[39m
[32m[Nest] 15852  - [39m07/28/2026, 6:34:30 PM [32m    LOG[39m [38;5;3m[InstanceLoader] [39m[32mProductsModule dependencies initialized[39m[38;5;3m +0ms[39m
[32m[Nest] 15852  - [39m07/28/2026, 6:34:30 PM [32m    LOG[39m [38;5;3m[InstanceLoader] [39m[32mAuthModule dependencies initialized[39m[38;5;3m +0ms[39m
[32m[Nest] 15852  - [39m07/28/2026, 6:34:30 PM [32m    LOG[39m [38;5;3m[InstanceLoader] [39m[32mAppModule dependencies initialized[39m[38;5;3m +0ms[39m
[33m[Nest] 15852  - [39m07/28/2026, 6:34:30 PM [33m   WARN[39m [38;5;3m[LegacyRouteConverter] [39m[33mUnsupported route path: "/api/*". In previous versions, the symbols ?, *, and + were used to denote optional or repeating path parameters. The latest version of "path-to-regexp" now requires the use of named parameters. For example, instead of using a route like /users/* to capture all routes starting with "/users", you should use /users/*path. For more details, refer to the migration guide. Attempting to auto-convert to "/api/{*path}"...[39m
[32m[Nest] 15852  - [39m07/28/2026, 6:34:30 PM [32m    LOG[39m [38;5;3m[RoutesResolver] [39m[32mHealthController {/api/health} (version: 1):[39m[38;5;3m +1ms[39m
[32m[Nest] 15852  - [39m07/28/2026, 6:34:30 PM [32m    LOG[39m [38;5;3m[RouterExplorer] [39m[32mMapped {/api/health, GET} (version: 1) route[39m[38;5;3m +3ms[39m
[32m[Nest] 15852  - [39m07/28/2026, 6:34:30 PM [32m    LOG[39m [38;5;3m[RoutesResolver] [39m[32mAuthController {/api/auth} (version: 1):[39m[38;5;3m +0ms[39m
[32m[Nest] 15852  - [39m07/28/2026, 6:34:30 PM [32m    LOG[39m [38;5;3m[RouterExplorer] [39m[32mMapped {/api/auth/register, POST} (version: 1) route[39m[38;5;3m +1ms[39m
[32m[Nest] 15852  - [39m07/28/2026, 6:34:30 PM [32m    LOG[39m [38;5;3m[RouterExplorer] [39m[32mMapped {/api/auth/login, POST} (version: 1) route[39m[38;5;3m +1ms[39m
[32m[Nest] 15852  - [39m07/28/2026, 6:34:30 PM [32m    LOG[39m [38;5;3m[RouterExplorer] [39m[32mMapped {/api/auth/refresh, POST} (version: 1) route[39m[38;5;3m +0ms[39m
[32m[Nest] 15852  - [39m07/28/2026, 6:34:30 PM [32m    LOG[39m [38;5;3m[RouterExplorer] [39m[32mMapped {/api/auth/logout, POST} (version: 1) route[39m[38;5;3m +0ms[39m
[32m[Nest] 15852  - [39m07/28/2026, 6:34:30 PM [32m    LOG[39m [38;5;3m[RouterExplorer] [39m[32mMapped {/api/auth/logout-all, POST} (version: 1) route[39m[38;5;3m +1ms[39m
[32m[Nest] 15852  - [39m07/28/2026, 6:34:30 PM [32m    LOG[39m [38;5;3m[RouterExplorer] [39m[32mMapped {/api/auth/forgot-password, POST} (version: 1) route[39m[38;5;3m +0ms[39m
[32m[Nest] 15852  - [39m07/28/2026, 6:34:30 PM [32m    LOG[39m [38;5;3m[RouterExplorer] [39m[32mMapped {/api/auth/reset-password, POST} (version: 1) route[39m[38;5;3m +0ms[39m
[32m[Nest] 15852  - [39m07/28/2026, 6:34:30 PM [32m    LOG[39m [38;5;3m[RouterExplorer] [39m[32mMapped {/api/auth/change-password, POST} (version: 1) route[39m[38;5;3m +1ms[39m
[32m[Nest] 15852  - [39m07/28/2026, 6:34:30 PM [32m    LOG[39m [38;5;3m[RouterExplorer] [39m[32mMapped {/api/auth/verify-email/:token, GET} (version: 1) route[39m[38;5;3m +0ms[39m
[32m[Nest] 15852  - [39m07/28/2026, 6:34:30 PM [32m    LOG[39m [38;5;3m[RouterExplorer] [39m[32mMapped {/api/auth/resend-verification, POST} (version: 1) route[39m[38;5;3m +1ms[39m
[32m[Nest] 15852  - [39m07/28/2026, 6:34:30 PM [32m    LOG[39m [38;5;3m[RoutesResolver] [39m[32mAuditLogsController {/api/audit-logs} (version: 1):[39m[38;5;3m +0ms[39m
[32m[Nest] 15852  - [39m07/28/2026, 6:34:30 PM [32m    LOG[39m [38;5;3m[RouterExplorer] [39m[32mMapped {/api/audit-logs, GET} (version: 1) route[39m[38;5;3m +1ms[39m
[32m[Nest] 15852  - [39m07/28/2026, 6:34:30 PM [32m    LOG[39m [38;5;3m[RoutesResolver] [39m[32mTenantsController {/api/tenants} (version: 1):[39m[38;5;3m +0ms[39m
[32m[Nest] 15852  - [39m07/28/2026, 6:34:30 PM [32m    LOG[39m [38;5;3m[RouterExplorer] [39m[32mMapped {/api/tenants, POST} (version: 1) route[39m[38;5;3m +0ms[39m
[32m[Nest] 15852  - [39m07/28/2026, 6:34:30 PM [32m    LOG[39m [38;5;3m[RouterExplorer] [39m[32mMapped {/api/tenants, GET} (version: 1) route[39m[38;5;3m +1ms[39m
[32m[Nest] 15852  - [39m07/28/2026, 6:34:30 PM [32m    LOG[39m [38;5;3m[RouterExplorer] [39m[32mMapped {/api/tenants/:id, GET} (version: 1) route[39m[38;5;3m +0ms[39m
[32m[Nest] 15852  - [39m07/28/2026, 6:34:30 PM [32m    LOG[39m [38;5;3m[RouterExplorer] [39m[32mMapped {/api/tenants/:id, PUT} (version: 1) route[39m[38;5;3m +0ms[39m
[32m[Nest] 15852  - [39m07/28/2026, 6:34:30 PM [32m    LOG[39m [38;5;3m[RouterExplorer] [39m[32mMapped {/api/tenants/:id, DELETE} (version: 1) route[39m[38;5;3m +1ms[39m
[32m[Nest] 15852  - [39m07/28/2026, 6:34:30 PM [32m    LOG[39m [38;5;3m[RouterExplorer] [39m[32mMapped {/api/tenants/:id/restore, POST} (version: 1) route[39m[38;5;3m +0ms[39m
[32m[Nest] 15852  - [39m07/28/2026, 6:34:30 PM [32m    LOG[39m [38;5;3m[RoutesResolver] [39m[32mUsersController {/api/users} (version: 1):[39m[38;5;3m +0ms[39m
[32m[Nest] 15852  - [39m07/28/2026, 6:34:30 PM [32m    LOG[39m [38;5;3m[RouterExplorer] [39m[32mMapped {/api/users, POST} (version: 1) route[39m[38;5;3m +0ms[39m
[32m[Nest] 15852  - [39m07/28/2026, 6:34:30 PM [32m    LOG[39m [38;5;3m[RouterExplorer] [39m[32mMapped {/api/users, GET} (version: 1) route[39m[38;5;3m +1ms[39m
[32m[Nest] 15852  - [39m07/28/2026, 6:34:30 PM [32m    LOG[39m [38;5;3m[RouterExplorer] [39m[32mMapped {/api/users/:id, GET} (version: 1) route[39m[38;5;3m +0ms[39m
[32m[Nest] 15852  - [39m07/28/2026, 6:34:30 PM [32m    LOG[39m [38;5;3m[RouterExplorer] [39m[32mMapped {/api/users/:id, PUT} (version: 1) route[39m[38;5;3m +0ms[39m
[32m[Nest] 15852  - [39m07/28/2026, 6:34:30 PM [32m    LOG[39m [38;5;3m[RouterExplorer] [39m[32mMapped {/api/users/:id, DELETE} (version: 1) route[39m[38;5;3m +0ms[39m
[32m[Nest] 15852  - [39m07/28/2026, 6:34:30 PM [32m    LOG[39m [38;5;3m[RouterExplorer] [39m[32mMapped {/api/users/:id/restore, POST} (version: 1) route[39m[38;5;3m +1ms[39m
[32m[Nest] 15852  - [39m07/28/2026, 6:34:30 PM [32m    LOG[39m [38;5;3m[RoutesResolver] [39m[32mSessionsController {/api/sessions} (version: 1):[39m[38;5;3m +0ms[39m
[32m[Nest] 15852  - [39m07/28/2026, 6:34:30 PM [32m    LOG[39m [38;5;3m[RouterExplorer] [39m[32mMapped {/api/sessions, GET} (version: 1) route[39m[38;5;3m +0ms[39m
[32m[Nest] 15852  - [39m07/28/2026, 6:34:30 PM [32m    LOG[39m [38;5;3m[RouterExplorer] [39m[32mMapped {/api/sessions/:id, DELETE} (version: 1) route[39m[38;5;3m +0ms[39m
[32m[Nest] 15852  - [39m07/28/2026, 6:34:30 PM [32m    LOG[39m [38;5;3m[RouterExplorer] [39m[32mMapped {/api/sessions/revoke-all, POST} (version: 1) route[39m[38;5;3m +1ms[39m
[32m[Nest] 15852  - [39m07/28/2026, 6:34:30 PM [32m    LOG[39m [38;5;3m[RoutesResolver] [39m[32mInvitationsController {/api/invitations} (version: 1):[39m[38;5;3m +0ms[39m
[32m[Nest] 15852  - [39m07/28/2026, 6:34:30 PM [32m    LOG[39m [38;5;3m[RouterExplorer] [39m[32mMapped {/api/invitations, POST} (version: 1) route[39m[38;5;3m +0ms[39m
[32m[Nest] 15852  - [39m07/28/2026, 6:34:30 PM [32m    LOG[39m [38;5;3m[RouterExplorer] [39m[32mMapped {/api/invitations, GET} (version: 1) route[39m[38;5;3m +0ms[39m
[32m[Nest] 15852  - [39m07/28/2026, 6:34:30 PM [32m    LOG[39m [38;5;3m[RouterExplorer] [39m[32mMapped {/api/invitations/token/:token, GET} (version: 1) route[39m[38;5;3m +1ms[39m
[32m[Nest] 15852  - [39m07/28/2026, 6:34:30 PM [32m    LOG[39m [38;5;3m[RouterExplorer] [39m[32mMapped {/api/invitations/accept, POST} (version: 1) route[39m[38;5;3m +0ms[39m
[32m[Nest] 15852  - [39m07/28/2026, 6:34:30 PM [32m    LOG[39m [38;5;3m[RouterExplorer] [39m[32mMapped {/api/invitations/:id/revoke, POST} (version: 1) route[39m[38;5;3m +0ms[39m
[32m[Nest] 15852  - [39m07/28/2026, 6:34:30 PM [32m    LOG[39m [38;5;3m[RoutesResolver] [39m[32mRestaurantsController {/api/restaurants} (version: 1):[39m[38;5;3m +0ms[39m
[32m[Nest] 15852  - [39m07/28/2026, 6:34:30 PM [32m    LOG[39m [38;5;3m[RouterExplorer] [39m[32mMapped {/api/restaurants, POST} (version: 1) route[39m[38;5;3m +1ms[39m
[32m[Nest] 15852  - [39m07/28/2026, 6:34:30 PM [32m    LOG[39m [38;5;3m[RouterExplorer] [39m[32mMapped {/api/restaurants, GET} (version: 1) route[39m[38;5;3m +0ms[39m
[32m[Nest] 15852  - [39m07/28/2026, 6:34:30 PM [32m    LOG[39m [38;5;3m[RouterExplorer] [39m[32mMapped {/api/restaurants/:id, GET} (version: 1) route[39m[38;5;3m +1ms[39m
[32m[Nest] 15852  - [39m07/28/2026, 6:34:30 PM [32m    LOG[39m [38;5;3m[RouterExplorer] [39m[32mMapped {/api/restaurants/:id, PUT} (version: 1) route[39m[38;5;3m +0ms[39m
[32m[Nest] 15852  - [39m07/28/2026, 6:34:30 PM [32m    LOG[39m [38;5;3m[RouterExplorer] [39m[32mMapped {/api/restaurants/:id, DELETE} (version: 1) route[39m[38;5;3m +0ms[39m
[32m[Nest] 15852  - [39m07/28/2026, 6:34:30 PM [32m    LOG[39m [38;5;3m[RouterExplorer] [39m[32mMapped {/api/restaurants/:id/restore, POST} (version: 1) route[39m[38;5;3m +0ms[39m
[32m[Nest] 15852  - [39m07/28/2026, 6:34:30 PM [32m    LOG[39m [38;5;3m[RoutesResolver] [39m[32mBranchesController {/api/restaurants/:restaurantId/branches} (version: 1):[39m[38;5;3m +1ms[39m
[32m[Nest] 15852  - [39m07/28/2026, 6:34:30 PM [32m    LOG[39m [38;5;3m[RouterExplorer] [39m[32mMapped {/api/restaurants/:restaurantId/branches, POST} (version: 1) route[39m[38;5;3m +0ms[39m
[32m[Nest] 15852  - [39m07/28/2026, 6:34:30 PM [32m    LOG[39m [38;5;3m[RouterExplorer] [39m[32mMapped {/api/restaurants/:restaurantId/branches, GET} (version: 1) route[39m[38;5;3m +0ms[39m
[32m[Nest] 15852  - [39m07/28/2026, 6:34:30 PM [32m    LOG[39m [38;5;3m[RouterExplorer] [39m[32mMapped {/api/restaurants/:restaurantId/branches/:id, GET} (version: 1) route[39m[38;5;3m +0ms[39m
[32m[Nest] 15852  - [39m07/28/2026, 6:34:30 PM [32m    LOG[39m [38;5;3m[RouterExplorer] [39m[32mMapped {/api/restaurants/:restaurantId/branches/:id, PUT} (version: 1) route[39m[38;5;3m +2ms[39m
[32m[Nest] 15852  - [39m07/28/2026, 6:34:30 PM [32m    LOG[39m [38;5;3m[RouterExplorer] [39m[32mMapped {/api/restaurants/:restaurantId/branches/:id, DELETE} (version: 1) route[39m[38;5;3m +0ms[39m
[32m[Nest] 15852  - [39m07/28/2026, 6:34:30 PM [32m    LOG[39m [38;5;3m[RouterExplorer] [39m[32mMapped {/api/restaurants/:restaurantId/branches/:id/restore, POST} (version: 1) route[39m[38;5;3m +1ms[39m
[32m[Nest] 15852  - [39m07/28/2026, 6:34:30 PM [32m    LOG[39m [38;5;3m[RoutesResolver] [39m[32mFloorsController {/api/restaurants/:restaurantId/branches/:branchId/floors} (version: 1):[39m[38;5;3m +0ms[39m
[32m[Nest] 15852  - [39m07/28/2026, 6:34:30 PM [32m    LOG[39m [38;5;3m[RouterExplorer] [39m[32mMapped {/api/restaurants/:restaurantId/branches/:branchId/floors, POST} (version: 1) route[39m[38;5;3m +0ms[39m
[32m[Nest] 15852  - [39m07/28/2026, 6:34:30 PM [32m    LOG[39m [38;5;3m[RouterExplorer] [39m[32mMapped {/api/restaurants/:restaurantId/branches/:branchId/floors, GET} (version: 1) route[39m[38;5;3m +0ms[39m
[32m[Nest] 15852  - [39m07/28/2026, 6:34:30 PM [32m    LOG[39m [38;5;3m[RouterExplorer] [39m[32mMapped {/api/restaurants/:restaurantId/branches/:branchId/floors/:id, GET} (version: 1) route[39m[38;5;3m +1ms[39m
[32m[Nest] 15852  - [39m07/28/2026, 6:34:30 PM [32m    LOG[39m [38;5;3m[RouterExplorer] [39m[32mMapped {/api/restaurants/:restaurantId/branches/:branchId/floors/:id, PUT} (version: 1) route[39m[38;5;3m +0ms[39m
[32m[Nest] 15852  - [39m07/28/2026, 6:34:30 PM [32m    LOG[39m [38;5;3m[RouterExplorer] [39m[32mMapped {/api/restaurants/:restaurantId/branches/:branchId/floors/:id, DELETE} (version: 1) route[39m[38;5;3m +1ms[39m
[32m[Nest] 15852  - [39m07/28/2026, 6:34:30 PM [32m    LOG[39m [38;5;3m[RouterExplorer] [39m[32mMapped {/api/restaurants/:restaurantId/branches/:branchId/floors/:id/restore, POST} (version: 1) route[39m[38;5;3m +0ms[39m
[32m[Nest] 15852  - [39m07/28/2026, 6:34:30 PM [32m    LOG[39m [38;5;3m[RoutesResolver] [39m[32mDiningAreasController {/api/restaurants/:restaurantId/branches/:branchId/areas} (version: 1):[39m[38;5;3m +0ms[39m
[32m[Nest] 15852  - [39m07/28/2026, 6:34:30 PM [32m    LOG[39m [38;5;3m[RouterExplorer] [39m[32mMapped {/api/restaurants/:restaurantId/branches/:branchId/areas, POST} (version: 1) route[39m[38;5;3m +0ms[39m
[32m[Nest] 15852  - [39m07/28/2026, 6:34:30 PM [32m    LOG[39m [38;5;3m[RouterExplorer] [39m[32mMapped {/api/restaurants/:restaurantId/branches/:branchId/areas, GET} (version: 1) route[39m[38;5;3m +1ms[39m
[32m[Nest] 15852  - [39m07/28/2026, 6:34:30 PM [32m    LOG[39m [38;5;3m[RouterExplorer] [39m[32mMapped {/api/restaurants/:restaurantId/branches/:branchId/areas/:id, GET} (version: 1) route[39m[38;5;3m +0ms[39m
[32m[Nest] 15852  - [39m07/28/2026, 6:34:30 PM [32m    LOG[39m [38;5;3m[RouterExplorer] [39m[32mMapped {/api/restaurants/:restaurantId/branches/:branchId/areas/:id, PUT} (version: 1) route[39m[38;5;3m +0ms[39m
[32m[Nest] 15852  - [39m07/28/2026, 6:34:30 PM [32m    LOG[39m [38;5;3m[RouterExplorer] [39m[32mMapped {/api/restaurants/:restaurantId/branches/:branchId/areas/:id, DELETE} (version: 1) route[39m[38;5;3m +1ms[39m
[32m[Nest] 15852  - [39m07/28/2026, 6:34:30 PM [32m    LOG[39m [38;5;3m[RouterExplorer] [39m[32mMapped {/api/restaurants/:restaurantId/branches/:branchId/areas/:id/restore, POST} (version: 1) route[39m[38;5;3m +0ms[39m
[32m[Nest] 15852  - [39m07/28/2026, 6:34:30 PM [32m    LOG[39m [38;5;3m[RoutesResolver] [39m[32mTablesController {/api/restaurants/:restaurantId/branches/:branchId/tables} (version: 1):[39m[38;5;3m +0ms[39m
[32m[Nest] 15852  - [39m07/28/2026, 6:34:30 PM [32m    LOG[39m [38;5;3m[RouterExplorer] [39m[32mMapped {/api/restaurants/:restaurantId/branches/:branchId/tables, POST} (version: 1) route[39m[38;5;3m +0ms[39m
[32m[Nest] 15852  - [39m07/28/2026, 6:34:30 PM [32m    LOG[39m [38;5;3m[RouterExplorer] [39m[32mMapped {/api/restaurants/:restaurantId/branches/:branchId/tables, GET} (version: 1) route[39m[38;5;3m +1ms[39m
[32m[Nest] 15852  - [39m07/28/2026, 6:34:30 PM [32m    LOG[39m [38;5;3m[RouterExplorer] [39m[32mMapped {/api/restaurants/:restaurantId/branches/:branchId/tables/:id, GET} (version: 1) route[39m[38;5;3m +0ms[39m
[32m[Nest] 15852  - [39m07/28/2026, 6:34:30 PM [32m    LOG[39m [38;5;3m[RouterExplorer] [39m[32mMapped {/api/restaurants/:restaurantId/branches/:branchId/tables/:id, PUT} (version: 1) route[39m[38;5;3m +0ms[39m
[32m[Nest] 15852  - [39m07/28/2026, 6:34:30 PM [32m    LOG[39m [38;5;3m[RouterExplorer] [39m[32mMapped {/api/restaurants/:restaurantId/branches/:branchId/tables/:id/status, PUT} (version: 1) route[39m[38;5;3m +0ms[39m
[32m[Nest] 15852  - [39m07/28/2026, 6:34:30 PM [32m    LOG[39m [38;5;3m[RouterExplorer] [39m[32mMapped {/api/restaurants/:restaurantId/branches/:branchId/tables/:id/qr-regenerate, POST} (version: 1) route[39m[38;5;3m +1ms[39m
[32m[Nest] 15852  - [39m07/28/2026, 6:34:30 PM [32m    LOG[39m [38;5;3m[RouterExplorer] [39m[32mMapped {/api/restaurants/:restaurantId/branches/:branchId/tables/:id, DELETE} (version: 1) route[39m[38;5;3m +0ms[39m
[32m[Nest] 15852  - [39m07/28/2026, 6:34:30 PM [32m    LOG[39m [38;5;3m[RouterExplorer] [39m[32mMapped {/api/restaurants/:restaurantId/branches/:branchId/tables/:id/restore, POST} (version: 1) route[39m[38;5;3m +0ms[39m
[32m[Nest] 15852  - [39m07/28/2026, 6:34:30 PM [32m    LOG[39m [38;5;3m[RoutesResolver] [39m[32mMenuCategoriesController {/api/restaurants/:restaurantId/menu-categories} (version: 1):[39m[38;5;3m +0ms[39m
[32m[Nest] 15852  - [39m07/28/2026, 6:34:30 PM [32m    LOG[39m [38;5;3m[RouterExplorer] [39m[32mMapped {/api/restaurants/:restaurantId/menu-categories, POST} (version: 1) route[39m[38;5;3m +0ms[39m
[32m[Nest] 15852  - [39m07/28/2026, 6:34:30 PM [32m    LOG[39m [38;5;3m[RouterExplorer] [39m[32mMapped {/api/restaurants/:restaurantId/menu-categories, GET} (version: 1) route[39m[38;5;3m +0ms[39m
[32m[Nest] 15852  - [39m07/28/2026, 6:34:30 PM [32m    LOG[39m [38;5;3m[RouterExplorer] [39m[32mMapped {/api/restaurants/:restaurantId/menu-categories/:id, GET} (version: 1) route[39m[38;5;3m +0ms[39m
[32m[Nest] 15852  - [39m07/28/2026, 6:34:30 PM [32m    LOG[39m [38;5;3m[RouterExplorer] [39m[32mMapped {/api/restaurants/:restaurantId/menu-categories/:id, PUT} (version: 1) route[39m[38;5;3m +1ms[39m
[32m[Nest] 15852  - [39m07/28/2026, 6:34:30 PM [32m    LOG[39m [38;5;3m[RouterExplorer] [39m[32mMapped {/api/restaurants/:restaurantId/menu-categories/:id, DELETE} (version: 1) route[39m[38;5;3m +0ms[39m
[32m[Nest] 15852  - [39m07/28/2026, 6:34:30 PM [32m    LOG[39m [38;5;3m[RouterExplorer] [39m[32mMapped {/api/restaurants/:restaurantId/menu-categories/:id/restore, POST} (version: 1) route[39m[38;5;3m +0ms[39m
[32m[Nest] 15852  - [39m07/28/2026, 6:34:30 PM [32m    LOG[39m [38;5;3m[RoutesResolver] [39m[32mProductsController {/api/restaurants/:restaurantId/products} (version: 1):[39m[38;5;3m +1ms[39m
[32m[Nest] 15852  - [39m07/28/2026, 6:34:30 PM [32m    LOG[39m [38;5;3m[RouterExplorer] [39m[32mMapped {/api/restaurants/:restaurantId/products, POST} (version: 1) route[39m[38;5;3m +0ms[39m
[32m[Nest] 15852  - [39m07/28/2026, 6:34:30 PM [32m    LOG[39m [38;5;3m[RouterExplorer] [39m[32mMapped {/api/restaurants/:restaurantId/products, GET} (version: 1) route[39m[38;5;3m +0ms[39m
[32m[Nest] 15852  - [39m07/28/2026, 6:34:30 PM [32m    LOG[39m [38;5;3m[RouterExplorer] [39m[32mMapped {/api/restaurants/:restaurantId/products/:id, GET} (version: 1) route[39m[38;5;3m +1ms[39m
[32m[Nest] 15852  - [39m07/28/2026, 6:34:30 PM [32m    LOG[39m [38;5;3m[RouterExplorer] [39m[32mMapped {/api/restaurants/:restaurantId/products/:id, PUT} (version: 1) route[39m[38;5;3m +0ms[39m
[32m[Nest] 15852  - [39m07/28/2026, 6:34:30 PM [32m    LOG[39m [38;5;3m[RouterExplorer] [39m[32mMapped {/api/restaurants/:restaurantId/products/:id, DELETE} (version: 1) route[39m[38;5;3m +0ms[39m
[32m[Nest] 15852  - [39m07/28/2026, 6:34:30 PM [32m    LOG[39m [38;5;3m[RouterExplorer] [39m[32mMapped {/api/restaurants/:restaurantId/products/:id/restore, POST} (version: 1) route[39m[38;5;3m +0ms[39m
[32m[Nest] 15852  - [39m07/28/2026, 6:34:30 PM [32m    LOG[39m [38;5;3m[RoutesResolver] [39m[32mProductImagesController {/api/restaurants/:restaurantId/products/:productId/images} (version: 1):[39m[38;5;3m +1ms[39m
[32m[Nest] 15852  - [39m07/28/2026, 6:34:30 PM [32m    LOG[39m [38;5;3m[RouterExplorer] [39m[32mMapped {/api/restaurants/:restaurantId/products/:productId/images, POST} (version: 1) route[39m[38;5;3m +0ms[39m
[32m[Nest] 15852  - [39m07/28/2026, 6:34:30 PM [32m    LOG[39m [38;5;3m[RouterExplorer] [39m[32mMapped {/api/restaurants/:restaurantId/products/:productId/images, GET} (version: 1) route[39m[38;5;3m +0ms[39m
[32m[Nest] 15852  - [39m07/28/2026, 6:34:30 PM [32m    LOG[39m [38;5;3m[RouterExplorer] [39m[32mMapped {/api/restaurants/:restaurantId/products/:productId/images/:id, GET} (version: 1) route[39m[38;5;3m +0ms[39m
[32m[Nest] 15852  - [39m07/28/2026, 6:34:30 PM [32m    LOG[39m [38;5;3m[RouterExplorer] [39m[32mMapped {/api/restaurants/:restaurantId/products/:productId/images/:id, PUT} (version: 1) route[39m[38;5;3m +0ms[39m
[32m[Nest] 15852  - [39m07/28/2026, 6:34:30 PM [32m    LOG[39m [38;5;3m[RouterExplorer] [39m[32mMapped {/api/restaurants/:restaurantId/products/:productId/images/:id, DELETE} (version: 1) route[39m[38;5;3m +1ms[39m
[32m[Nest] 15852  - [39m07/28/2026, 6:34:30 PM [32m    LOG[39m [38;5;3m[RoutesResolver] [39m[32mProductAvailabilityController {/api/restaurants/:restaurantId/products/:productId/availability} (version: 1):[39m[38;5;3m +0ms[39m
[32m[Nest] 15852  - [39m07/28/2026, 6:34:30 PM [32m    LOG[39m [38;5;3m[RouterExplorer] [39m[32mMapped {/api/restaurants/:restaurantId/products/:productId/availability, POST} (version: 1) route[39m[38;5;3m +0ms[39m
[32m[Nest] 15852  - [39m07/28/2026, 6:34:30 PM [32m    LOG[39m [38;5;3m[RouterExplorer] [39m[32mMapped {/api/restaurants/:restaurantId/products/:productId/availability, GET} (version: 1) route[39m[38;5;3m +0ms[39m
[32m[Nest] 15852  - [39m07/28/2026, 6:34:30 PM [32m    LOG[39m [38;5;3m[RouterExplorer] [39m[32mMapped {/api/restaurants/:restaurantId/products/:productId/availability/:id, GET} (version: 1) route[39m[38;5;3m +1ms[39m
[32m[Nest] 15852  - [39m07/28/2026, 6:34:30 PM [32m    LOG[39m [38;5;3m[RouterExplorer] [39m[32mMapped {/api/restaurants/:restaurantId/products/:productId/availability/:id, PUT} (version: 1) route[39m[38;5;3m +0ms[39m
[32m[Nest] 15852  - [39m07/28/2026, 6:34:30 PM [32m    LOG[39m [38;5;3m[RouterExplorer] [39m[32mMapped {/api/restaurants/:restaurantId/products/:productId/availability/:id, DELETE} (version: 1) route[39m[38;5;3m +0ms[39m
[32m[Nest] 15852  - [39m07/28/2026, 6:34:30 PM [32m    LOG[39m [38;5;3m[RoutesResolver] [39m[32mVariantGroupsController {/api/restaurants/:restaurantId/variant-groups} (version: 1):[39m[38;5;3m +0ms[39m
[32m[Nest] 15852  - [39m07/28/2026, 6:34:30 PM [32m    LOG[39m [38;5;3m[RouterExplorer] [39m[32mMapped {/api/restaurants/:restaurantId/variant-groups, POST} (version: 1) route[39m[38;5;3m +1ms[39m
[32m[Nest] 15852  - [39m07/28/2026, 6:34:30 PM [32m    LOG[39m [38;5;3m[RouterExplorer] [39m[32mMapped {/api/restaurants/:restaurantId/variant-groups, GET} (version: 1) route[39m[38;5;3m +0ms[39m
[32m[Nest] 15852  - [39m07/28/2026, 6:34:30 PM [32m    LOG[39m [38;5;3m[RouterExplorer] [39m[32mMapped {/api/restaurants/:restaurantId/variant-groups/:id, GET} (version: 1) route[39m[38;5;3m +0ms[39m
[32m[Nest] 15852  - [39m07/28/2026, 6:34:30 PM [32m    LOG[39m [38;5;3m[RouterExplorer] [39m[32mMapped {/api/restaurants/:restaurantId/variant-groups/:id, PUT} (version: 1) route[39m[38;5;3m +1ms[39m
[32m[Nest] 15852  - [39m07/28/2026, 6:34:30 PM [32m    LOG[39m [38;5;3m[RouterExplorer] [39m[32mMapped {/api/restaurants/:restaurantId/variant-groups/:id, DELETE} (version: 1) route[39m[38;5;3m +0ms[39m
[32m[Nest] 15852  - [39m07/28/2026, 6:34:30 PM [32m    LOG[39m [38;5;3m[RouterExplorer] [39m[32mMapped {/api/restaurants/:restaurantId/variant-groups/:id/restore, POST} (version: 1) route[39m[38;5;3m +0ms[39m
[32m[Nest] 15852  - [39m07/28/2026, 6:34:30 PM [32m    LOG[39m [38;5;3m[RoutesResolver] [39m[32mProductVariantsController {/api/restaurants/:restaurantId/products/:productId/variants} (version: 1):[39m[38;5;3m +0ms[39m
[32m[Nest] 15852  - [39m07/28/2026, 6:34:30 PM [32m    LOG[39m [38;5;3m[RouterExplorer] [39m[32mMapped {/api/restaurants/:restaurantId/products/:productId/variants, POST} (version: 1) route[39m[38;5;3m +1ms[39m
[32m[Nest] 15852  - [39m07/28/2026, 6:34:30 PM [32m    LOG[39m [38;5;3m[RouterExplorer] [39m[32mMapped {/api/restaurants/:restaurantId/products/:productId/variants, GET} (version: 1) route[39m[38;5;3m +1ms[39m
[32m[Nest] 15852  - [39m07/28/2026, 6:34:30 PM [32m    LOG[39m [38;5;3m[RouterExplorer] [39m[32mMapped {/api/restaurants/:restaurantId/products/:productId/variants/:id, GET} (version: 1) route[39m[38;5;3m +0ms[39m
[32m[Nest] 15852  - [39m07/28/2026, 6:34:30 PM [32m    LOG[39m [38;5;3m[RouterExplorer] [39m[32mMapped {/api/restaurants/:restaurantId/products/:productId/variants/:id, PUT} (version: 1) route[39m[38;5;3m +0ms[39m
[32m[Nest] 15852  - [39m07/28/2026, 6:34:30 PM [32m    LOG[39m [38;5;3m[RouterExplorer] [39m[32mMapped {/api/restaurants/:restaurantId/products/:productId/variants/:id, DELETE} (version: 1) route[39m[38;5;3m +0ms[39m
[32m[Nest] 15852  - [39m07/28/2026, 6:34:30 PM [32m    LOG[39m [38;5;3m[RouterExplorer] [39m[32mMapped {/api/restaurants/:restaurantId/products/:productId/variants/:id/restore, POST} (version: 1) route[39m[38;5;3m +1ms[39m
[32m[Nest] 15852  - [39m07/28/2026, 6:34:30 PM [32m    LOG[39m [38;5;3m[RoutesResolver] [39m[32mModifierGroupsController {/api/restaurants/:restaurantId/modifier-groups} (version: 1):[39m[38;5;3m +0ms[39m
[32m[Nest] 15852  - [39m07/28/2026, 6:34:30 PM [32m    LOG[39m [38;5;3m[RouterExplorer] [39m[32mMapped {/api/restaurants/:restaurantId/modifier-groups, POST} (version: 1) route[39m[38;5;3m +0ms[39m
[32m[Nest] 15852  - [39m07/28/2026, 6:34:30 PM [32m    LOG[39m [38;5;3m[RouterExplorer] [39m[32mMapped {/api/restaurants/:restaurantId/modifier-groups, GET} (version: 1) route[39m[38;5;3m +0ms[39m
[32m[Nest] 15852  - [39m07/28/2026, 6:34:30 PM [32m    LOG[39m [38;5;3m[RouterExplorer] [39m[32mMapped {/api/restaurants/:restaurantId/modifier-groups/:id, GET} (version: 1) route[39m[38;5;3m +1ms[39m
[32m[Nest] 15852  - [39m07/28/2026, 6:34:30 PM [32m    LOG[39m [38;5;3m[RouterExplorer] [39m[32mMapped {/api/restaurants/:restaurantId/modifier-groups/:id, PUT} (version: 1) route[39m[38;5;3m +0ms[39m
[32m[Nest] 15852  - [39m07/28/2026, 6:34:30 PM [32m    LOG[39m [38;5;3m[RouterExplorer] [39m[32mMapped {/api/restaurants/:restaurantId/modifier-groups/:id, DELETE} (version: 1) route[39m[38;5;3m +0ms[39m
[32m[Nest] 15852  - [39m07/28/2026, 6:34:30 PM [32m    LOG[39m [38;5;3m[RouterExplorer] [39m[32mMapped {/api/restaurants/:restaurantId/modifier-groups/:id/restore, POST} (version: 1) route[39m[38;5;3m +0ms[39m
[32m[Nest] 15852  - [39m07/28/2026, 6:34:30 PM [32m    LOG[39m [38;5;3m[RoutesResolver] [39m[32mModifiersController {/api/restaurants/:restaurantId/modifier-groups/:modifierGroupId/modifiers} (version: 1):[39m[38;5;3m +1ms[39m
[32m[Nest] 15852  - [39m07/28/2026, 6:34:30 PM [32m    LOG[39m [38;5;3m[RouterExplorer] [39m[32mMapped {/api/restaurants/:restaurantId/modifier-groups/:modifierGroupId/modifiers, POST} (version: 1) route[39m[38;5;3m +0ms[39m
[32m[Nest] 15852  - [39m07/28/2026, 6:34:30 PM [32m    LOG[39m [38;5;3m[RouterExplorer] [39m[32mMapped {/api/restaurants/:restaurantId/modifier-groups/:modifierGroupId/modifiers, GET} (version: 1) route[39m[38;5;3m +0ms[39m
[32m[Nest] 15852  - [39m07/28/2026, 6:34:30 PM [32m    LOG[39m [38;5;3m[RouterExplorer] [39m[32mMapped {/api/restaurants/:restaurantId/modifier-groups/:modifierGroupId/modifiers/:id, GET} (version: 1) route[39m[38;5;3m +0ms[39m
[32m[Nest] 15852  - [39m07/28/2026, 6:34:30 PM [32m    LOG[39m [38;5;3m[RouterExplorer] [39m[32mMapped {/api/restaurants/:restaurantId/modifier-groups/:modifierGroupId/modifiers/:id, PUT} (version: 1) route[39m[38;5;3m +1ms[39m
[32m[Nest] 15852  - [39m07/28/2026, 6:34:30 PM [32m    LOG[39m [38;5;3m[RouterExplorer] [39m[32mMapped {/api/restaurants/:restaurantId/modifier-groups/:modifierGroupId/modifiers/:id, DELETE} (version: 1) route[39m[38;5;3m +0ms[39m
[32m[Nest] 15852  - [39m07/28/2026, 6:34:30 PM [32m    LOG[39m [38;5;3m[RouterExplorer] [39m[32mMapped {/api/restaurants/:restaurantId/modifier-groups/:modifierGroupId/modifiers/:id/restore, POST} (version: 1) route[39m[38;5;3m +0ms[39m
[32m[Nest] 15852  - [39m07/28/2026, 6:34:30 PM [32m    LOG[39m [38;5;3m[RoutesResolver] [39m[32mProductTagsController {/api/restaurants/:restaurantId/tags} (version: 1):[39m[38;5;3m +0ms[39m
[32m[Nest] 15852  - [39m07/28/2026, 6:34:30 PM [32m    LOG[39m [38;5;3m[RouterExplorer] [39m[32mMapped {/api/restaurants/:restaurantId/tags, POST} (version: 1) route[39m[38;5;3m +1ms[39m
[32m[Nest] 15852  - [39m07/28/2026, 6:34:30 PM [32m    LOG[39m [38;5;3m[RouterExplorer] [39m[32mMapped {/api/restaurants/:restaurantId/tags, GET} (version: 1) route[39m[38;5;3m +0ms[39m
[32m[Nest] 15852  - [39m07/28/2026, 6:34:30 PM [32m    LOG[39m [38;5;3m[RouterExplorer] [39m[32mMapped {/api/restaurants/:restaurantId/tags/:id, GET} (version: 1) route[39m[38;5;3m +0ms[39m
[32m[Nest] 15852  - [39m07/28/2026, 6:34:30 PM [32m    LOG[39m [38;5;3m[RouterExplorer] [39m[32mMapped {/api/restaurants/:restaurantId/tags/:id, PUT} (version: 1) route[39m[38;5;3m +0ms[39m
[32m[Nest] 15852  - [39m07/28/2026, 6:34:30 PM [32m    LOG[39m [38;5;3m[RouterExplorer] [39m[32mMapped {/api/restaurants/:restaurantId/tags/:id, DELETE} (version: 1) route[39m[38;5;3m +1ms[39m
[32m[Nest] 15852  - [39m07/28/2026, 6:34:30 PM [32m    LOG[39m [38;5;3m[RouterExplorer] [39m[32mMapped {/api/restaurants/:restaurantId/tags/:id/restore, POST} (version: 1) route[39m[38;5;3m +0ms[39m
[32m[Nest] 15852  - [39m07/28/2026, 6:34:30 PM [32m    LOG[39m [38;5;3m[RoutesResolver] [39m[32mProductTagAssignmentsController {/api/restaurants/:restaurantId/products/:productId/tags} (version: 1):[39m[38;5;3m +1ms[39m
[32m[Nest] 15852  - [39m07/28/2026, 6:34:30 PM [32m    LOG[39m [38;5;3m[RouterExplorer] [39m[32mMapped {/api/restaurants/:restaurantId/products/:productId/tags, GET} (version: 1) route[39m[38;5;3m +0ms[39m
[32m[Nest] 15852  - [39m07/28/2026, 6:34:30 PM [32m    LOG[39m [38;5;3m[RouterExplorer] [39m[32mMapped {/api/restaurants/:restaurantId/products/:productId/tags, POST} (version: 1) route[39m[38;5;3m +0ms[39m
[32m[Nest] 15852  - [39m07/28/2026, 6:34:30 PM [32m    LOG[39m [38;5;3m[RouterExplorer] [39m[32mMapped {/api/restaurants/:restaurantId/products/:productId/tags/:tagId, DELETE} (version: 1) route[39m[38;5;3m +1ms[39m
[32m[Nest] 15852  - [39m07/28/2026, 6:34:30 PM [32m    LOG[39m [38;5;3m[RoutesResolver] [39m[32mAllergensController {/api/restaurants/:restaurantId/allergens} (version: 1):[39m[38;5;3m +0ms[39m
[32m[Nest] 15852  - [39m07/28/2026, 6:34:30 PM [32m    LOG[39m [38;5;3m[RouterExplorer] [39m[32mMapped {/api/restaurants/:restaurantId/allergens, POST} (version: 1) route[39m[38;5;3m +0ms[39m
[32m[Nest] 15852  - [39m07/28/2026, 6:34:30 PM [32m    LOG[39m [38;5;3m[RouterExplorer] [39m[32mMapped {/api/restaurants/:restaurantId/allergens, GET} (version: 1) route[39m[38;5;3m +0ms[39m
[32m[Nest] 15852  - [39m07/28/2026, 6:34:30 PM [32m    LOG[39m [38;5;3m[RouterExplorer] [39m[32mMapped {/api/restaurants/:restaurantId/allergens/:id, GET} (version: 1) route[39m[38;5;3m +0ms[39m
[32m[Nest] 15852  - [39m07/28/2026, 6:34:30 PM [32m    LOG[39m [38;5;3m[RouterExplorer] [39m[32mMapped {/api/restaurants/:restaurantId/allergens/:id, PUT} (version: 1) route[39m[38;5;3m +1ms[39m
[32m[Nest] 15852  - [39m07/28/2026, 6:34:30 PM [32m    LOG[39m [38;5;3m[RouterExplorer] [39m[32mMapped {/api/restaurants/:restaurantId/allergens/:id, DELETE} (version: 1) route[39m[38;5;3m +0ms[39m
[32m[Nest] 15852  - [39m07/28/2026, 6:34:30 PM [32m    LOG[39m [38;5;3m[RouterExplorer] [39m[32mMapped {/api/restaurants/:restaurantId/allergens/:id/restore, POST} (version: 1) route[39m[38;5;3m +0ms[39m
[32m[Nest] 15852  - [39m07/28/2026, 6:34:30 PM [32m    LOG[39m [38;5;3m[RoutesResolver] [39m[32mProductAllergenAssignmentsController {/api/restaurants/:restaurantId/products/:productId/allergens} (version: 1):[39m[38;5;3m +0ms[39m
[32m[Nest] 15852  - [39m07/28/2026, 6:34:30 PM [32m    LOG[39m [38;5;3m[RouterExplorer] [39m[32mMapped {/api/restaurants/:restaurantId/products/:productId/allergens, GET} (version: 1) route[39m[38;5;3m +1ms[39m
[32m[Nest] 15852  - [39m07/28/2026, 6:34:30 PM [32m    LOG[39m [38;5;3m[RouterExplorer] [39m[32mMapped {/api/restaurants/:restaurantId/products/:productId/allergens, POST} (version: 1) route[39m[38;5;3m +0ms[39m
[32m[Nest] 15852  - [39m07/28/2026, 6:34:30 PM [32m    LOG[39m [38;5;3m[RouterExplorer] [39m[32mMapped {/api/restaurants/:restaurantId/products/:productId/allergens/:allergenId, DELETE} (version: 1) route[39m[38;5;3m +0ms[39m
[32m[Nest] 15852  - [39m07/28/2026, 6:34:30 PM [32m    LOG[39m [38;5;3m[RoutesResolver] [39m[32mNutritionController {/api/restaurants/:restaurantId/products/:productId/nutrition} (version: 1):[39m[38;5;3m +0ms[39m
[32m[Nest] 15852  - [39m07/28/2026, 6:34:30 PM [32m    LOG[39m [38;5;3m[RouterExplorer] [39m[32mMapped {/api/restaurants/:restaurantId/products/:productId/nutrition, POST} (version: 1) route[39m[38;5;3m +1ms[39m
[32m[Nest] 15852  - [39m07/28/2026, 6:34:30 PM [32m    LOG[39m [38;5;3m[RouterExplorer] [39m[32mMapped {/api/restaurants/:restaurantId/products/:productId/nutrition, GET} (version: 1) route[39m[38;5;3m +0ms[39m
[32m[Nest] 15852  - [39m07/28/2026, 6:34:30 PM [32m    LOG[39m [38;5;3m[RouterExplorer] [39m[32mMapped {/api/restaurants/:restaurantId/products/:productId/nutrition, PUT} (version: 1) route[39m[38;5;3m +0ms[39m
[32m[Nest] 15852  - [39m07/28/2026, 6:34:30 PM [32m    LOG[39m [38;5;3m[RouterExplorer] [39m[32mMapped {/api/restaurants/:restaurantId/products/:productId/nutrition, DELETE} (version: 1) route[39m[38;5;3m +0ms[39m
[32m[Nest] 15852  - [39m07/28/2026, 6:34:30 PM [32m    LOG[39m [38;5;3m[RoutesResolver] [39m[32mBusinessHoursController {/api/restaurants/:restaurantId/business-hours} (version: 1):[39m[38;5;3m +0ms[39m
[32m[Nest] 15852  - [39m07/28/2026, 6:34:30 PM [32m    LOG[39m [38;5;3m[RouterExplorer] [39m[32mMapped {/api/restaurants/:restaurantId/business-hours, POST} (version: 1) route[39m[38;5;3m +1ms[39m
[32m[Nest] 15852  - [39m07/28/2026, 6:34:30 PM [32m    LOG[39m [38;5;3m[RouterExplorer] [39m[32mMapped {/api/restaurants/:restaurantId/business-hours, GET} (version: 1) route[39m[38;5;3m +0ms[39m
[32m[Nest] 15852  - [39m07/28/2026, 6:34:30 PM [32m    LOG[39m [38;5;3m[RouterExplorer] [39m[32mMapped {/api/restaurants/:restaurantId/business-hours/:id, GET} (version: 1) route[39m[38;5;3m +1ms[39m
[32m[Nest] 15852  - [39m07/28/2026, 6:34:30 PM [32m    LOG[39m [38;5;3m[RouterExplorer] [39m[32mMapped {/api/restaurants/:restaurantId/business-hours/:id, PUT} (version: 1) route[39m[38;5;3m +0ms[39m
[32m[Nest] 15852  - [39m07/28/2026, 6:34:30 PM [32m    LOG[39m [38;5;3m[RouterExplorer] [39m[32mMapped {/api/restaurants/:restaurantId/business-hours/:id, DELETE} (version: 1) route[39m[38;5;3m +1ms[39m
[32m[Nest] 15852  - [39m07/28/2026, 6:34:30 PM [32m    LOG[39m [38;5;3m[RoutesResolver] [39m[32mBusinessExceptionsController {/api/restaurants/:restaurantId/business-exceptions} (version: 1):[39m[38;5;3m +0ms[39m
[32m[Nest] 15852  - [39m07/28/2026, 6:34:30 PM [32m    LOG[39m [38;5;3m[RouterExplorer] [39m[32mMapped {/api/restaurants/:restaurantId/business-exceptions, POST} (version: 1) route[39m[38;5;3m +0ms[39m
[32m[Nest] 15852  - [39m07/28/2026, 6:34:30 PM [32m    LOG[39m [38;5;3m[RouterExplorer] [39m[32mMapped {/api/restaurants/:restaurantId/business-exceptions, GET} (version: 1) route[39m[38;5;3m +0ms[39m
[32m[Nest] 15852  - [39m07/28/2026, 6:34:30 PM [32m    LOG[39m [38;5;3m[RouterExplorer] [39m[32mMapped {/api/restaurants/:restaurantId/business-exceptions/:id, GET} (version: 1) route[39m[38;5;3m +1ms[39m
[32m[Nest] 15852  - [39m07/28/2026, 6:34:30 PM [32m    LOG[39m [38;5;3m[RouterExplorer] [39m[32mMapped {/api/restaurants/:restaurantId/business-exceptions/:id, PUT} (version: 1) route[39m[38;5;3m +0ms[39m
[32m[Nest] 15852  - [39m07/28/2026, 6:34:30 PM [32m    LOG[39m [38;5;3m[RouterExplorer] [39m[32mMapped {/api/restaurants/:restaurantId/business-exceptions/:id, DELETE} (version: 1) route[39m[38;5;3m +0ms[39m
[32m[Nest] 15852  - [39m07/28/2026, 6:34:30 PM [32m    LOG[39m [38;5;3m[RoutesResolver] [39m[32mRestaurantSettingsController {/api/restaurants/:restaurantId/settings} (version: 1):[39m[38;5;3m +0ms[39m
[32m[Nest] 15852  - [39m07/28/2026, 6:34:30 PM [32m    LOG[39m [38;5;3m[RouterExplorer] [39m[32mMapped {/api/restaurants/:restaurantId/settings, GET} (version: 1) route[39m[38;5;3m +1ms[39m
[32m[Nest] 15852  - [39m07/28/2026, 6:34:30 PM [32m    LOG[39m [38;5;3m[RouterExplorer] [39m[32mMapped {/api/restaurants/:restaurantId/settings, PUT} (version: 1) route[39m[38;5;3m +0ms[39m
[32m[Nest] 15852  - [39m07/28/2026, 6:34:30 PM [32m    LOG[39m [38;5;3m[RoutesResolver] [39m[32mBranchSettingsController {/api/restaurants/:restaurantId/branches/:branchId/settings} (version: 1):[39m[38;5;3m +0ms[39m
[32m[Nest] 15852  - [39m07/28/2026, 6:34:30 PM [32m    LOG[39m [38;5;3m[RouterExplorer] [39m[32mMapped {/api/restaurants/:restaurantId/branches/:branchId/settings, GET} (version: 1) route[39m[38;5;3m +0ms[39m
[32m[Nest] 15852  - [39m07/28/2026, 6:34:30 PM [32m    LOG[39m [38;5;3m[RouterExplorer] [39m[32mMapped {/api/restaurants/:restaurantId/branches/:branchId/settings, PUT} (version: 1) route[39m[38;5;3m +1ms[39m
[32m[Nest] 15852  - [39m07/28/2026, 6:34:30 PM [32m    LOG[39m [38;5;3m[RoutesResolver] [39m[32mTaxRatesController {/api/restaurants/:restaurantId/tax-rates} (version: 1):[39m[38;5;3m +0ms[39m
[32m[Nest] 15852  - [39m07/28/2026, 6:34:30 PM [32m    LOG[39m [38;5;3m[RouterExplorer] [39m[32mMapped {/api/restaurants/:restaurantId/tax-rates, POST} (version: 1) route[39m[38;5;3m +0ms[39m
[32m[Nest] 15852  - [39m07/28/2026, 6:34:30 PM [32m    LOG[39m [38;5;3m[RouterExplorer] [39m[32mMapped {/api/restaurants/:restaurantId/tax-rates, GET} (version: 1) route[39m[38;5;3m +1ms[39m
[32m[Nest] 15852  - [39m07/28/2026, 6:34:30 PM [32m    LOG[39m [38;5;3m[RouterExplorer] [39m[32mMapped {/api/restaurants/:restaurantId/tax-rates/:id, GET} (version: 1) route[39m[38;5;3m +0ms[39m
[32m[Nest] 15852  - [39m07/28/2026, 6:34:30 PM [32m    LOG[39m [38;5;3m[RouterExplorer] [39m[32mMapped {/api/restaurants/:restaurantId/tax-rates/:id, PUT} (version: 1) route[39m[38;5;3m +0ms[39m
[32m[Nest] 15852  - [39m07/28/2026, 6:34:30 PM [32m    LOG[39m [38;5;3m[RouterExplorer] [39m[32mMapped {/api/restaurants/:restaurantId/tax-rates/:id, DELETE} (version: 1) route[39m[38;5;3m +1ms[39m
[32m[Nest] 15852  - [39m07/28/2026, 6:34:30 PM [32m    LOG[39m [38;5;3m[RouterExplorer] [39m[32mMapped {/api/restaurants/:restaurantId/tax-rates/:id/restore, POST} (version: 1) route[39m[38;5;3m +0ms[39m
[32m[Nest] 15852  - [39m07/28/2026, 6:34:30 PM [32m    LOG[39m [38;5;3m[RoutesResolver] [39m[32mServiceChargesController {/api/restaurants/:restaurantId/service-charges} (version: 1):[39m[38;5;3m +0ms[39m
[32m[Nest] 15852  - [39m07/28/2026, 6:34:30 PM [32m    LOG[39m [38;5;3m[RouterExplorer] [39m[32mMapped {/api/restaurants/:restaurantId/service-charges, POST} (version: 1) route[39m[38;5;3m +1ms[39m
[32m[Nest] 15852  - [39m07/28/2026, 6:34:30 PM [32m    LOG[39m [38;5;3m[RouterExplorer] [39m[32mMapped {/api/restaurants/:restaurantId/service-charges, GET} (version: 1) route[39m[38;5;3m +0ms[39m
[32m[Nest] 15852  - [39m07/28/2026, 6:34:30 PM [32m    LOG[39m [38;5;3m[RouterExplorer] [39m[32mMapped {/api/restaurants/:restaurantId/service-charges/:id, GET} (version: 1) route[39m[38;5;3m +0ms[39m
[32m[Nest] 15852  - [39m07/28/2026, 6:34:30 PM [32m    LOG[39m [38;5;3m[RouterExplorer] [39m[32mMapped {/api/restaurants/:restaurantId/service-charges/:id, PUT} (version: 1) route[39m[38;5;3m +0ms[39m
[32m[Nest] 15852  - [39m07/28/2026, 6:34:30 PM [32m    LOG[39m [38;5;3m[RouterExplorer] [39m[32mMapped {/api/restaurants/:restaurantId/service-charges/:id, DELETE} (version: 1) route[39m[38;5;3m +1ms[39m
[32m[Nest] 15852  - [39m07/28/2026, 6:34:30 PM [32m    LOG[39m [38;5;3m[RouterExplorer] [39m[32mMapped {/api/restaurants/:restaurantId/service-charges/:id/restore, POST} (version: 1) route[39m[38;5;3m +0ms[39m
[32m[Nest] 15852  - [39m07/28/2026, 6:34:30 PM [32m    LOG[39m [38;5;3m[RoutesResolver] [39m[32mUnitsController {/api/units} (version: 1):[39m[38;5;3m +0ms[39m
[32m[Nest] 15852  - [39m07/28/2026, 6:34:30 PM [32m    LOG[39m [38;5;3m[RouterExplorer] [39m[32mMapped {/api/units, POST} (version: 1) route[39m[38;5;3m +1ms[39m
[32m[Nest] 15852  - [39m07/28/2026, 6:34:30 PM [32m    LOG[39m [38;5;3m[RouterExplorer] [39m[32mMapped {/api/units, GET} (version: 1) route[39m[38;5;3m +0ms[39m
[32m[Nest] 15852  - [39m07/28/2026, 6:34:30 PM [32m    LOG[39m [38;5;3m[RouterExplorer] [39m[32mMapped {/api/units/:id, GET} (version: 1) route[39m[38;5;3m +0ms[39m
[32m[Nest] 15852  - [39m07/28/2026, 6:34:30 PM [32m    LOG[39m [38;5;3m[RouterExplorer] [39m[32mMapped {/api/units/:id, PUT} (version: 1) route[39m[38;5;3m +0ms[39m
[32m[Nest] 15852  - [39m07/28/2026, 6:34:30 PM [32m    LOG[39m [38;5;3m[RouterExplorer] [39m[32mMapped {/api/units/:id, DELETE} (version: 1) route[39m[38;5;3m +1ms[39m
[32m[Nest] 15852  - [39m07/28/2026, 6:34:30 PM [32m    LOG[39m [38;5;3m[RouterExplorer] [39m[32mMapped {/api/units/:id/restore, POST} (version: 1) route[39m[38;5;3m +0ms[39m
[32m[Nest] 15852  - [39m07/28/2026, 6:34:30 PM [32m    LOG[39m [38;5;3m[RoutesResolver] [39m[32mQueueController {/api/queues} (version: 1):[39m[38;5;3m +0ms[39m
[32m[Nest] 15852  - [39m07/28/2026, 6:34:30 PM [32m    LOG[39m [38;5;3m[RouterExplorer] [39m[32mMapped {/api/queues/:name/stats, GET} (version: 1) route[39m[38;5;3m +0ms[39m
[32m[Nest] 15852  - [39m07/28/2026, 6:34:30 PM [32m    LOG[39m [38;5;3m[RoutesResolver] [39m[32mIngredientsController {/api/ingredients} (version: 1):[39m[38;5;3m +1ms[39m
[32m[Nest] 15852  - [39m07/28/2026, 6:34:30 PM [32m    LOG[39m [38;5;3m[RouterExplorer] [39m[32mMapped {/api/ingredients, POST} (version: 1) route[39m[38;5;3m +0ms[39m
[32m[Nest] 15852  - [39m07/28/2026, 6:34:30 PM [32m    LOG[39m [38;5;3m[RouterExplorer] [39m[32mMapped {/api/ingredients, GET} (version: 1) route[39m[38;5;3m +0ms[39m
[32m[Nest] 15852  - [39m07/28/2026, 6:34:30 PM [32m    LOG[39m [38;5;3m[RouterExplorer] [39m[32mMapped {/api/ingredients/:id, GET} (version: 1) route[39m[38;5;3m +0ms[39m
[32m[Nest] 15852  - [39m07/28/2026, 6:34:30 PM [32m    LOG[39m [38;5;3m[RouterExplorer] [39m[32mMapped {/api/ingredients/:id, PUT} (version: 1) route[39m[38;5;3m +1ms[39m
[32m[Nest] 15852  - [39m07/28/2026, 6:34:30 PM [32m    LOG[39m [38;5;3m[RouterExplorer] [39m[32mMapped {/api/ingredients/:id, DELETE} (version: 1) route[39m[38;5;3m +0ms[39m
[32m[Nest] 15852  - [39m07/28/2026, 6:34:30 PM [32m    LOG[39m [38;5;3m[RouterExplorer] [39m[32mMapped {/api/ingredients/:id/restore, POST} (version: 1) route[39m[38;5;3m +0ms[39m
[32m[Nest] 15852  - [39m07/28/2026, 6:34:30 PM [32m    LOG[39m [38;5;3m[RoutesResolver] [39m[32mSuppliersController {/api/suppliers} (version: 1):[39m[38;5;3m +0ms[39m
[32m[Nest] 15852  - [39m07/28/2026, 6:34:30 PM [32m    LOG[39m [38;5;3m[RouterExplorer] [39m[32mMapped {/api/suppliers, POST} (version: 1) route[39m[38;5;3m +1ms[39m
[32m[Nest] 15852  - [39m07/28/2026, 6:34:30 PM [32m    LOG[39m [38;5;3m[RouterExplorer] [39m[32mMapped {/api/suppliers, GET} (version: 1) route[39m[38;5;3m +0ms[39m
[32m[Nest] 15852  - [39m07/28/2026, 6:34:30 PM [32m    LOG[39m [38;5;3m[RouterExplorer] [39m[32mMapped {/api/suppliers/:id, GET} (version: 1) route[39m[38;5;3m +1ms[39m
[32m[Nest] 15852  - [39m07/28/2026, 6:34:30 PM [32m    LOG[39m [38;5;3m[RouterExplorer] [39m[32mMapped {/api/suppliers/:id, PUT} (version: 1) route[39m[38;5;3m +0ms[39m
[32m[Nest] 15852  - [39m07/28/2026, 6:34:30 PM [32m    LOG[39m [38;5;3m[RouterExplorer] [39m[32mMapped {/api/suppliers/:id, DELETE} (version: 1) route[39m[38;5;3m +0ms[39m
[32m[Nest] 15852  - [39m07/28/2026, 6:34:30 PM [32m    LOG[39m [38;5;3m[RouterExplorer] [39m[32mMapped {/api/suppliers/:id/restore, POST} (version: 1) route[39m[38;5;3m +1ms[39m
[32m[Nest] 15852  - [39m07/28/2026, 6:34:30 PM [32m    LOG[39m [38;5;3m[RoutesResolver] [39m[32mProductIngredientsController {/api/restaurants/:restaurantId/product-ingredients} (version: 1):[39m[38;5;3m +0ms[39m
[32m[Nest] 15852  - [39m07/28/2026, 6:34:30 PM [32m    LOG[39m [38;5;3m[RouterExplorer] [39m[32mMapped {/api/restaurants/:restaurantId/product-ingredients, POST} (version: 1) route[39m[38;5;3m +0ms[39m
[32m[Nest] 15852  - [39m07/28/2026, 6:34:30 PM [32m    LOG[39m [38;5;3m[RouterExplorer] [39m[32mMapped {/api/restaurants/:restaurantId/product-ingredients/product/:productId, GET} (version: 1) route[39m[38;5;3m +0ms[39m
[32m[Nest] 15852  - [39m07/28/2026, 6:34:30 PM [32m    LOG[39m [38;5;3m[RouterExplorer] [39m[32mMapped {/api/restaurants/:restaurantId/product-ingredients/product/:productId/cost, GET} (version: 1) route[39m[38;5;3m +1ms[39m
[32m[Nest] 15852  - [39m07/28/2026, 6:34:30 PM [32m    LOG[39m [38;5;3m[RouterExplorer] [39m[32mMapped {/api/restaurants/:restaurantId/product-ingredients/:id, GET} (version: 1) route[39m[38;5;3m +0ms[39m
[32m[Nest] 15852  - [39m07/28/2026, 6:34:30 PM [32m    LOG[39m [38;5;3m[RouterExplorer] [39m[32mMapped {/api/restaurants/:restaurantId/product-ingredients/:id, PUT} (version: 1) route[39m[38;5;3m +0ms[39m
[32m[Nest] 15852  - [39m07/28/2026, 6:34:30 PM [32m    LOG[39m [38;5;3m[RouterExplorer] [39m[32mMapped {/api/restaurants/:restaurantId/product-ingredients/:id, DELETE} (version: 1) route[39m[38;5;3m +1ms[39m
[32m[Nest] 15852  - [39m07/28/2026, 6:34:30 PM [32m    LOG[39m [38;5;3m[RoutesResolver] [39m[32mUsageController {/api/restaurants/:restaurantId/usage} (version: 1):[39m[38;5;3m +0ms[39m
[32m[Nest] 15852  - [39m07/28/2026, 6:34:30 PM [32m    LOG[39m [38;5;3m[RouterExplorer] [39m[32mMapped {/api/restaurants/:restaurantId/usage/orders/count, GET} (version: 1) route[39m[38;5;3m +0ms[39m
[32m[Nest] 15852  - [39m07/28/2026, 6:34:30 PM [32m    LOG[39m [38;5;3m[RouterExplorer] [39m[32mMapped {/api/restaurants/:restaurantId/usage/products/:productId/count, GET} (version: 1) route[39m[38;5;3m +1ms[39m
[32m[Nest] 15852  - [39m07/28/2026, 6:34:30 PM [32m    LOG[39m [38;5;3m[RouterExplorer] [39m[32mMapped {/api/restaurants/:restaurantId/usage/products/top, GET} (version: 1) route[39m[38;5;3m +0ms[39m
[32m[Nest] 15852  - [39m07/28/2026, 6:34:30 PM [32m    LOG[39m [38;5;3m[RouterExplorer] [39m[32mMapped {/api/restaurants/:restaurantId/usage/orders/daily, GET} (version: 1) route[39m[38;5;3m +0ms[39m
[32m[Nest] 15852  - [39m07/28/2026, 6:34:30 PM [32m    LOG[39m [38;5;3m[PrismaService] [39m[32mDatabase connected successfully[39m
[32m[Nest] 15852  - [39m07/28/2026, 6:34:30 PM [32m    LOG[39m [38;5;3m[QueueService] [39m[32mQueueService initialized[39m
[32m[Nest] 15852  - [39m07/28/2026, 6:34:30 PM [32m    LOG[39m [38;5;3m[QueueService] [39m[32mWorker registered for queue "email" with concurrency 3[39m
[32m[Nest] 15852  - [39m07/28/2026, 6:34:30 PM [32m    LOG[39m [38;5;3m[EmailProcessor] [39m[32mEmail processor registered[39m
[32m[Nest] 15852  - [39m07/28/2026, 6:34:30 PM [32m    LOG[39m [38;5;3m[QueueService] [39m[32mWorker registered for queue "cleanup" with concurrency 1[39m
[32m[Nest] 15852  - [39m07/28/2026, 6:34:30 PM [32m    LOG[39m [38;5;3m[CleanupProcessor] [39m[32mCleanup processor registered[39m
[32m[Nest] 15852  - [39m07/28/2026, 6:34:30 PM [32m    LOG[39m [38;5;3m[QueueService] [39m[32mWorker registered for queue "notification" with concurrency 5[39m
[32m[Nest] 15852  - [39m07/28/2026, 6:34:30 PM [32m    LOG[39m [38;5;3m[NotificationProcessor] [39m[32mNotification processor registered[39m
[32m[Nest] 15852  - [39m07/28/2026, 6:34:30 PM [32m    LOG[39m [38;5;3m[UsageTrackingService] [39m[32mUsageTrackingService initialized[39m
[32m[Nest] 15852  - [39m07/28/2026, 6:34:30 PM [32m    LOG[39m [38;5;3m[NestApplication] [39m[32mNest application successfully started[39m[38;5;3m +17ms[39m
                                                                                                                                                                                                                                                                                                                                                                                                                                                                    [33m[Nest] 10124  - [39m07/28/2026, 6:34:38 PM [33m   WARN[39m [38;5;3m[HttpExceptionFilter] [39m[33m[4aa446a153356d4055ac5029878b2409] GET /api/health - 404 - "Cannot GET /api/health"[39m
[33m[Nest] 10124  - [39m07/28/2026, 6:34:39 PM [33m   WARN[39m [38;5;3m[HttpExceptionFilter] [39m[33m[d76a422ea3b044b60455861cf4491bc4] GET /api/docs-json - 404 - "Cannot GET /api/docs-json"[39m
[33m[Nest] 10124  - [39m07/28/2026, 6:34:43 PM [33m   WARN[39m [38;5;3m[HttpExceptionFilter] [39m[33m[4e2768ef69a3398358008e66c69c9ebe] GET / - 404 - "Cannot GET /"[39m
[33m[Nest] 10124  - [39m07/28/2026, 6:35:13 PM [33m   WARN[39m [38;5;3m[HttpExceptionFilter] [39m[33m[b5822f7ca90db34f7c84a5109a130d4a] POST /api/v1/auth/login - 401 - "Invalid email or password"[39m
[32m[Nest] 10124  - [39m07/28/2026, 6:35:14 PM [32m    LOG[39m [38;5;3m[AuthService] [39m[32mPassword reset token generated for user f75ea616-c205-44a9-bdda-6406b570a4b9[39m
[33m[Nest] 10124  - [39m07/28/2026, 6:35:14 PM [33m   WARN[39m [38;5;3m[HttpExceptionFilter] [39m[33m[d897f6ddbda73e6eee5a057fabea80e8] POST /api/v1/restaurants/1ee5928f-2bea-4b23-9bbc-082685ee5dc9/variant-groups - 409 - "A variant group with this name already exists"[39m
[33m[Nest] 10124  - [39m07/28/2026, 6:35:14 PM [33m   WARN[39m [38;5;3m[HttpExceptionFilter] [39m[33m[09e0fa9f2c7283f7edcea4faad8038c1] GET /api/v1/auth/verify-email/invalid-token - 400 - "Invalid or expired verification token"[39m
[32m[Nest] 10124  - [39m07/28/2026, 6:35:14 PM [32m    LOG[39m [38;5;3m[AuthService] [39m[32mEmail verification token generated for user f75ea616-c205-44a9-bdda-6406b570a4b9[39m
[33m[Nest] 10124  - [39m07/28/2026, 6:35:14 PM [33m   WARN[39m [38;5;3m[HttpExceptionFilter] [39m[33m[f150f54d05eca8903b44dba521b93562] POST /api/v1/restaurants/1ee5928f-2bea-4b23-9bbc-082685ee5dc9/products/346a8837-35b0-4f03-80e3-c9eb22af8c90/variants - 409 - "A variant with this name already exists for this product"[39m
[33m[Nest] 10124  - [39m07/28/2026, 6:35:14 PM [33m   WARN[39m [38;5;3m[HttpExceptionFilter] [39m[33m[9e85dd9b528cec8f1e55941022c5d60d] POST /api/v1/restaurants/1ee5928f-2bea-4b23-9bbc-082685ee5dc9/modifier-groups - 409 - "A modifier group with this name already exists"[39m
[33m[Nest] 10124  - [39m07/28/2026, 6:35:14 PM [33m   WARN[39m [38;5;3m[HttpExceptionFilter] [39m[33m[2fd082b6db99ad76f386202f04aa245c] POST /api/v1/restaurants/1ee5928f-2bea-4b23-9bbc-082685ee5dc9/modifier-groups/4f49164d-b2c4-4c33-803c-11d8322c6434/modifiers - 409 - "A modifier with this name already exists in this group"[39m
[33m[Nest] 10124  - [39m07/28/2026, 6:35:14 PM [33m   WARN[39m [38;5;3m[HttpExceptionFilter] [39m[33m[dcc38b915dec7a536c81c3b35b5f23d6] DELETE /api/v1/restaurants/1ee5928f-2bea-4b23-9bbc-082685ee5dc9/modifier-groups/4f49164d-b2c4-4c33-803c-11d8322c6434 - 409 - "Cannot delete modifier group with active modifiers. Remove modifiers first."[39m
[33m[Nest] 10124  - [39m07/28/2026, 6:35:14 PM [33m   WARN[39m [38;5;3m[HttpExceptionFilter] [39m[33m[cbfdf4c6771c7d532e442f6c6154956d] POST /api/v1/restaurants/6425ca2f-9c06-4e3e-a105-6698c45e721c/tags - 409 - "A tag with this slug already exists"[39m
[33m[Nest] 10124  - [39m07/28/2026, 6:35:14 PM [33m   WARN[39m [38;5;3m[HttpExceptionFilter] [39m[33m[50451d11364ccabdd6410f7b98876a72] DELETE /api/v1/restaurants/1ee5928f-2bea-4b23-9bbc-082685ee5dc9/variant-groups/48aca218-179b-4681-9c69-7548ab677522 - 409 - "Cannot delete variant group with active variants. Remove variants first."[39m
[33m[Nest] 10124  - [39m07/28/2026, 6:35:14 PM [33m   WARN[39m [38;5;3m[HttpExceptionFilter] [39m[33m[557860f9c4534255c387e3692b0fb0b8] POST /api/v1/restaurants/6425ca2f-9c06-4e3e-a105-6698c45e721c/tags - 400 - ["name must be longer than or equal to 1 characters"][39m
[33m[Nest] 10124  - [39m07/28/2026, 6:35:14 PM [33m   WARN[39m [38;5;3m[HttpExceptionFilter] [39m[33m[d482347b5196958f6a382c6a3a7d97bb] POST /api/v1/restaurants/1ee5928f-2bea-4b23-9bbc-082685ee5dc9/variant-groups - 400 - ["name must be longer than or equal to 1 characters"][39m
[33m[Nest] 10124  - [39m07/28/2026, 6:35:14 PM [33m   WARN[39m [38;5;3m[HttpExceptionFilter] [39m[33m[6c030825ed5ff2b2f4b2d65af384f267] POST /api/v1/restaurants/1ee5928f-2bea-4b23-9bbc-082685ee5dc9/products/346a8837-35b0-4f03-80e3-c9eb22af8c90/variants - 400 - ["name must be longer than or equal to 1 characters","price must not be less than 0","price must be a number conforming to the specified constraints"][39m
[33m[Nest] 10124  - [39m07/28/2026, 6:35:14 PM [33m   WARN[39m [38;5;3m[HttpExceptionFilter] [39m[33m[423db5a9382f714988a1ad20c71cf3be] POST /api/v1/restaurants/1ee5928f-2bea-4b23-9bbc-082685ee5dc9/modifier-groups - 400 - ["name must be longer than or equal to 1 characters"][39m
[33m[Nest] 10124  - [39m07/28/2026, 6:35:14 PM [33m   WARN[39m [38;5;3m[HttpExceptionFilter] [39m[33m[e001925e0f7094637d456b98547ddf91] POST /api/v1/restaurants/1ee5928f-2bea-4b23-9bbc-082685ee5dc9/modifier-groups/4f49164d-b2c4-4c33-803c-11d8322c6434/modifiers - 400 - ["name must be longer than or equal to 1 characters","price must not be less than 0","price must be a number conforming to the specified constraints"][39m
[33m[Nest] 10124  - [39m07/28/2026, 6:35:14 PM [33m   WARN[39m [38;5;3m[HttpExceptionFilter] [39m[33m[518d646abbb643a03af80090f9e56851] POST /api/v1/restaurants/6425ca2f-9c06-4e3e-a105-6698c45e721c/allergens - 409 - "An allergen with this slug already exists"[39m
[33m[Nest] 10124  - [39m07/28/2026, 6:35:14 PM [33m   WARN[39m [38;5;3m[HttpExceptionFilter] [39m[33m[8fdb2b84177c59322913420a4783d8aa] POST /api/v1/restaurants/6425ca2f-9c06-4e3e-a105-6698c45e721c/allergens - 400 - ["name must be longer than or equal to 1 characters"][39m
[32m[Nest] 10124  - [39m07/28/2026, 6:35:14 PM [32m    LOG[39m [38;5;3m[AuthService] [39m[32mPassword reset token generated for user f75ea616-c205-44a9-bdda-6406b570a4b9[39m
[33m[Nest] 10124  - [39m07/28/2026, 6:35:14 PM [33m   WARN[39m [38;5;3m[HttpExceptionFilter] [39m[33m[14e4ffe32fa3423b0bd181a7259eacb7] POST /api/v1/auth/reset-password - 400 - "Invalid or expired reset token"[39m
[33m[Nest] 10124  - [39m07/28/2026, 6:35:14 PM [33m   WARN[39m [38;5;3m[HttpExceptionFilter] [39m[33m[11079c79657e3c97b96a64d146bdfe96] GET /api/v1/restaurants/6425ca2f-9c06-4e3e-a105-6698c45e721c/products/e6cbaaa9-2cf9-4dcc-8d6f-63591fd0604c/nutrition - 404 - "Nutritional info not found for this product"[39m
[33m[Nest] 10124  - [39m07/28/2026, 6:35:14 PM [33m   WARN[39m [38;5;3m[HttpExceptionFilter] [39m[33m[2a565a470adbcf9c47d2de8441d23c6b] POST /api/v1/restaurants/fec8ec63-a31e-4065-87aa-c6177ae7cebf/business-hours - 400 - ["openTime must be HH:MM (24h)"][39m
[95m[Nest] 10124  - [39m07/28/2026, 6:35:15 PM [95m  DEBUG[39m [38;5;3m[AuditLogsService] [39m[95mSkipping audit log for USER_LOGOUT on User: no tenant context[39m
[95m[Nest] 10124  - [39m07/28/2026, 6:35:15 PM [95m  DEBUG[39m [38;5;3m[AuditLogsService] [39m[95mSkipping audit log for USER_LOGOUT_ALL_DEVICES on User: no tenant context[39m
[33m[Nest] 10124  - [39m07/28/2026, 6:35:15 PM [33m   WARN[39m [38;5;3m[HttpExceptionFilter] [39m[33m[437beeca3ae2db9d8139de652d5dfd06] GET /api/v1/restaurants/fec8ec63-a31e-4065-87aa-c6177ae7cebf/business-hours - 404 - "Restaurant not found"[39m
[33m[Nest] 10124  - [39m07/28/2026, 6:35:15 PM [33m   WARN[39m [38;5;3m[HttpExceptionFilter] [39m[33m[049a193668eaf625c76ded2a26478caa] GET /api/v1/restaurants/fec8ec63-a31e-4065-87aa-c6177ae7cebf/business-exceptions - 404 - "Restaurant not found"[39m
[33m[Nest] 10124  - [39m07/28/2026, 6:35:15 PM [33m   WARN[39m [38;5;3m[HttpExceptionFilter] [39m[33m[17b3a4f31de01e6fd8087add81c2ed6f] GET /api/v1/restaurants/fec8ec63-a31e-4065-87aa-c6177ae7cebf/settings - 404 - "Restaurant not found"[39m
[33m[Nest] 10124  - [39m07/28/2026, 6:35:15 PM [33m   WARN[39m [38;5;3m[HttpExceptionFilter] [39m[33m[781e87c4f8ea776f7d616b670996febe] POST /api/v1/auth/register - 400 - ["email must be an email","Password must contain at least one uppercase letter, one lowercase letter, and one number","Password must not exceed 128 characters","Password must be at least 8 characters","password must be a string","firstName must be shorter than or equal to 100 characters","First name is required","firstName must be a string","lastName must be shorter than or equal to 100 characters","Last name is required","lastName must be a string"][39m
[33m[Nest] 10124  - [39m07/28/2026, 6:35:15 PM [33m   WARN[39m [38;5;3m[HttpExceptionFilter] [39m[33m[2326b1413e33afcd8f888b6132394b75] POST /api/v1/auth/register - 400 - ["Password must contain at least one uppercase letter, one lowercase letter, and one number","Password must be at least 8 characters","firstName must be shorter than or equal to 100 characters","First name is required","firstName must be a string","lastName must be shorter than or equal to 100 characters","Last name is required","lastName must be a string"][39m
[33m[Nest] 10124  - [39m07/28/2026, 6:35:15 PM [33m   WARN[39m [38;5;3m[HttpExceptionFilter] [39m[33m[ac9e88471ea48f5ae2583f0092f6c64c] POST /api/v1/auth/register - 400 - ["email must be an email","Password must contain at least one uppercase letter, one lowercase letter, and one number","Password must not exceed 128 characters","Password must be at least 8 characters","password must be a string","firstName must be shorter than or equal to 100 characters","First name is required","firstName must be a string","lastName must be shorter than or equal to 100 characters","Last name is required","lastName must be a string"][39m
[33m[Nest] 10124  - [39m07/28/2026, 6:35:15 PM [33m   WARN[39m [38;5;3m[HttpExceptionFilter] [39m[33m[31724eca775e3878f69e991388fce2bb] GET /api/v1/sessions - 401 - "Invalid or expired token"[39m
[33m[Nest] 10124  - [39m07/28/2026, 6:35:15 PM [33m   WARN[39m [38;5;3m[HttpExceptionFilter] [39m[33m[5aa23c38edd18f95b42d0f29454a4135] GET /api/v1/sessions - 401 - "Invalid or expired token"[39m
[33m[Nest] 10124  - [39m07/28/2026, 6:35:15 PM [33m   WARN[39m [38;5;3m[HttpExceptionFilter] [39m[33m[321ce083d088c7153d475e6694d3cb75] GET /api/v1/tenants - 403 - "Insufficient permissions"[39m
[33m[Nest] 10124  - [39m07/28/2026, 6:35:16 PM [33m   WARN[39m [38;5;3m[HttpExceptionFilter] [39m[33m[5556c319a9eb03039fb2c0ce876b40b3] POST /api/v1/users - 403 - "Insufficient permissions"[39m
[33m[Nest] 10124  - [39m07/28/2026, 6:35:16 PM [33m   WARN[39m [38;5;3m[HttpExceptionFilter] [39m[33m[4036738674898f4c6816ca91edb0c2dd] POST /api/v1/invitations - 403 - "Insufficient permissions"[39m
[33m[Nest] 10124  - [39m07/28/2026, 6:35:16 PM [33m   WARN[39m [38;5;3m[HttpExceptionFilter] [39m[33m[d15b20a7917d73f752a9181d85a2d149] GET /api/v1/users - 403 - "Insufficient permissions"[39m
[33m[Nest] 10124  - [39m07/28/2026, 6:35:34 PM [33m   WARN[39m [38;5;3m[HttpExceptionFilter] [39m[33m[bdf561890b7761d1588fe4e855f6a5bd] POST /api/v1/restaurants/162d0083-0c8a-4839-8d42-81d46d96ad3f/tax-rates - 409 - "A tax rate with this name already exists"[39m
[33m[Nest] 10124  - [39m07/28/2026, 6:35:34 PM [33m   WARN[39m [38;5;3m[HttpExceptionFilter] [39m[33m[5f3deaef9d625d704b25999da20870cf] POST /api/v1/restaurants/162d0083-0c8a-4839-8d42-81d46d96ad3f/tax-rates - 400 - ["name must be longer than or equal to 1 characters"][39m
[33m[Nest] 10124  - [39m07/28/2026, 6:35:34 PM [33m   WARN[39m [38;5;3m[HttpExceptionFilter] [39m[33m[752250f2929d3cd6899581832aa12554] POST /api/v1/restaurants/162d0083-0c8a-4839-8d42-81d46d96ad3f/service-charges - 409 - "A service charge with this name already exists"[39m
[33m[Nest] 10124  - [39m07/28/2026, 6:35:34 PM [33m   WARN[39m [38;5;3m[HttpExceptionFilter] [39m[33m[92936b2ea0958a77c9f7e7bf95d9d417] POST /api/v1/restaurants/162d0083-0c8a-4839-8d42-81d46d96ad3f/service-charges - 400 - ["name must be longer than or equal to 1 characters"][39m
[33m[Nest] 10124  - [39m07/28/2026, 6:35:34 PM [33m   WARN[39m [38;5;3m[HttpExceptionFilter] [39m[33m[0491354ee1b05c20ef5b95891c3be0eb] POST /api/v1/units - 409 - "A unit with this name already exists"[39m
[33m[Nest] 10124  - [39m07/28/2026, 6:35:34 PM [33m   WARN[39m [38;5;3m[HttpExceptionFilter] [39m[33m[fc82d0e5fa8de72c10dfa7be13bebd29] POST /api/v1/units - 400 - ["name must be longer than or equal to 1 characters","abbreviation must be longer than or equal to 1 characters","type must be one of the following values: WEIGHT, VOLUME, COUNT, LENGTH"][39m
[33m[Nest] 10124  - [39m07/28/2026, 6:35:34 PM [33m   WARN[39m [38;5;3m[HttpExceptionFilter] [39m[33m[6cdf9b832d7e52ca377e07a0713d47a3] POST /api/v1/ingredients - 409 - "An ingredient with this name already exists"[39m
[33m[Nest] 10124  - [39m07/28/2026, 6:35:34 PM [33m   WARN[39m [38;5;3m[HttpExceptionFilter] [39m[33m[1b356e0cfe4225c5a0b79d0bc3a84e62] POST /api/v1/ingredients - 400 - ["name must be longer than or equal to 1 characters","unit must be longer than or equal to 1 characters"][39m
[33m[Nest] 10124  - [39m07/28/2026, 6:35:34 PM [33m   WARN[39m [38;5;3m[HttpExceptionFilter] [39m[33m[0148b9377c4ade5d85b0a64865f178b3] POST /api/v1/suppliers - 409 - "A supplier with this name already exists"[39m
[33m[Nest] 10124  - [39m07/28/2026, 6:35:34 PM [33m   WARN[39m [38;5;3m[HttpExceptionFilter] [39m[33m[c0a155ac4e0b877d7a1313e7d583d9bf] POST /api/v1/suppliers - 400 - ["name must be longer than or equal to 1 characters","email must be an email"][39m
[33m[Nest] 10124  - [39m07/28/2026, 6:35:34 PM [33m   WARN[39m [38;5;3m[HttpExceptionFilter] [39m[33m[3b789ec74e47424dab52c674e8c76759] POST /api/v1/restaurants/8d3a51ff-52ca-4c03-9c5c-2283af542de0/product-ingredients - 409 - "This ingredient is already linked to this product"[39m
[33m[Nest] 10124  - [39m07/28/2026, 6:35:34 PM [33m   WARN[39m [38;5;3m[HttpExceptionFilter] [39m[33m[8b8f499d2f96d0ae2ce34cf2c8b74ed2] GET /api/v1/restaurants/162d0083-0c8a-4839-8d42-81d46d96ad3f/tax-rates - 404 - "Restaurant not found"[39m
[33m[Nest] 10124  - [39m07/28/2026, 6:35:34 PM [33m   WARN[39m [38;5;3m[HttpExceptionFilter] [39m[33m[235e295e65795609a9c2909bc444ce75] GET /api/v1/restaurants/162d0083-0c8a-4839-8d42-81d46d96ad3f/service-charges - 404 - "Restaurant not found"[39m
[33m[Nest] 10124  - [39m07/28/2026, 6:35:35 PM [33m   WARN[39m [38;5;3m[HttpExceptionFilter] [39m[33m[e606b87f6faace838648bbc9c44fedab] GET /api/v1/restaurants/8d3a51ff-52ca-4c03-9c5c-2283af542de0/usage/orders/count - 404 - "Restaurant not found"[39m
[33m[Nest] 10124  - [39m07/28/2026, 6:35:35 PM [33m   WARN[39m [38;5;3m[HttpExceptionFilter] [39m[33m[bb54cb5994984e115ff38bde2111469f] POST /api/v1/auth/login - 401 - "Invalid email or password"[39m
[33m[Nest] 10124  - [39m07/28/2026, 6:35:35 PM [33m   WARN[39m [38;5;3m[HttpExceptionFilter] [39m[33m[45cdcd3d5f225c4ca7eb84ebc63ef7a2] POST /api/v1/auth/login - 401 - "Invalid email or password"[39m
[33m[Nest] 10124  - [39m07/28/2026, 6:35:35 PM [33m   WARN[39m [38;5;3m[HttpExceptionFilter] [39m[33m[1a2c01ba913bb7b56ad90d18d46cc443] POST /api/v1/auth/login - 401 - "Invalid email or password"[39m
[33m[Nest] 10124  - [39m07/28/2026, 6:35:36 PM [33m   WARN[39m [38;5;3m[HttpExceptionFilter] [39m[33m[1b73e907cd9dbe42c08687c6258c77ed] POST /api/v1/auth/login - 401 - "Invalid email or password"[39m
[33m[Nest] 10124  - [39m07/28/2026, 6:35:36 PM [33m   WARN[39m [38;5;3m[HttpExceptionFilter] [39m[33m[4b87c4a07062d08321d14a5e8ad279a5] POST /api/v1/auth/login - 401 - "Account locked due to 5 failed attempts. Try again in 15 minute(s)."[39m
[33m[Nest] 10124  - [39m07/28/2026, 6:35:36 PM [33m   WARN[39m [38;5;3m[PlanThrottleGuard] [39m[33mRate limit exceeded: ratelimit:ip:::1 21/20 on /api/v1/auth/login[39m
[33m[Nest] 10124  - [39m07/28/2026, 6:35:36 PM [33m   WARN[39m [38;5;3m[HttpExceptionFilter] [39m[33m[34401a27dfa17d78d7c89d80bf8590b7] POST /api/v1/auth/login - 429 - "Rate limit exceeded. Please try again later."[39m
[33m[Nest] 10124  - [39m07/28/2026, 6:35:36 PM [33m   WARN[39m [38;5;3m[PlanThrottleGuard] [39m[33mRate limit exceeded: ratelimit:ip:::1 22/20 on /api/v1/auth/login[39m
[33m[Nest] 10124  - [39m07/28/2026, 6:35:36 PM [33m   WARN[39m [38;5;3m[HttpExceptionFilter] [39m[33m[5909db96903b8c3e719e1efc2245b59f] POST /api/v1/auth/login - 429 - "Rate limit exceeded. Please try again later."[39m
[33m[Nest] 10124  - [39m07/28/2026, 6:35:36 PM [33m   WARN[39m [38;5;3m[PlanThrottleGuard] [39m[33mRate limit exceeded: ratelimit:ip:::1 23/20 on /api/v1/auth/login[39m
[33m[Nest] 10124  - [39m07/28/2026, 6:35:36 PM [33m   WARN[39m [38;5;3m[HttpExceptionFilter] [39m[33m[9b5071f5e31e9a901b923e3cdd4df1a0] POST /api/v1/auth/login - 429 - "Rate limit exceeded. Please try again later."[39m
[33m[Nest] 10124  - [39m07/28/2026, 6:35:44 PM [33m   WARN[39m [38;5;3m[HttpExceptionFilter] [39m[33m[4f3d46000520814a703640342ae263d9] POST /api/v1/auth/login - 401 - "Invalid email or password"[39m
[33m[Nest] 10124  - [39m07/28/2026, 6:35:45 PM [33m   WARN[39m [38;5;3m[HttpExceptionFilter] [39m[33m[e615cc9771709fe39db53cf85003108a] POST /api/v1/auth/login - 401 - "Invalid email or password"[39m
[33m[Nest] 10124  - [39m07/28/2026, 6:35:45 PM [33m   WARN[39m [38;5;3m[HttpExceptionFilter] [39m[33m[c25d6fa799a95315bd1d3626b64e3f74] POST /api/v1/auth/login - 401 - "Invalid email or password"[39m
[33m[Nest] 10124  - [39m07/28/2026, 6:35:45 PM [33m   WARN[39m [38;5;3m[HttpExceptionFilter] [39m[33m[83f9debd0d8cf55944248a263e0b7990] POST /api/v1/auth/login - 401 - "Invalid email or password"[39m
[33m[Nest] 10124  - [39m07/28/2026, 6:35:45 PM [33m   WARN[39m [38;5;3m[HttpExceptionFilter] [39m[33m[bf204ac7398d1016c46f1f6a100aed29] POST /api/v1/auth/login - 401 - "Account locked due to 5 failed attempts. Try again in 15 minute(s)."[39m
[33m[Nest] 10124  - [39m07/28/2026, 6:35:45 PM [33m   WARN[39m [38;5;3m[HttpExceptionFilter] [39m[33m[7a7c0a3434fd94137d87ee4658b1d316] POST /api/v1/auth/login - 401 - "Account is locked. Try again in 15 minute(s)."[39m
[33m[Nest] 10124  - [39m07/28/2026, 6:35:47 PM [33m   WARN[39m [38;5;3m[HttpExceptionFilter] [39m[33m[4d1340dcbc0c1777efbb6f0cae207003] GET /api/v1/restaurants/33f3da67-1e65-443c-a3e8-e1bafe283052 - 404 - "Restaurant not found"[39m
[33m[Nest] 10124  - [39m07/28/2026, 6:35:47 PM [33m   WARN[39m [38;5;3m[HttpExceptionFilter] [39m[33m[42142d1a190718e0d816d0442ad61738] PUT /api/v1/ingredients/e59e2445-8e59-484d-84af-ea6b5f57a22e - 404 - "Ingredient not found"[39m
[33m[Nest] 10124  - [39m07/28/2026, 6:35:47 PM [33m   WARN[39m [38;5;3m[HttpExceptionFilter] [39m[33m[c644658df3eea90b2e1d631e3d8b0af1] DELETE /api/v1/suppliers/82d9805d-6270-4f7f-b275-3af8347cc4bc - 404 - "Supplier not found"[39m
[33m[Nest] 10124  - [39m07/28/2026, 6:35:47 PM [33m   WARN[39m [38;5;3m[HttpExceptionFilter] [39m[33m[a99d9a0550480c8c5837122ec8da554d] GET /api/v1/restaurants/33f3da67-1e65-443c-a3e8-e1bafe283052/usage/orders/count - 404 - "Restaurant not found"[39m
[33m[Nest] 10124  - [39m07/28/2026, 6:35:47 PM [33m   WARN[39m [38;5;3m[HttpExceptionFilter] [39m[33m[c8af12a06da526a6e3c12079260d41a7] GET /api/v1/restaurants/33f3da67-1e65-443c-a3e8-e1bafe283052/tax-rates - 404 - "Restaurant not found"[39m
[33m[Nest] 10124  - [39m07/28/2026, 6:35:47 PM [33m   WARN[39m [38;5;3m[HttpExceptionFilter] [39m[33m[ce79d4f2d46aef6c29c9378a18615b89] GET /api/v1/restaurants/33f3da67-1e65-443c-a3e8-e1bafe283052/business-hours - 404 - "Restaurant not found"[39m
[33m[Nest] 10124  - [39m07/28/2026, 6:35:47 PM [33m   WARN[39m [38;5;3m[HttpExceptionFilter] [39m[33m[8207d384558c372e5667ee322a4b8e24] GET /api/v1/restaurants/33f3da67-1e65-443c-a3e8-e1bafe283052/settings - 404 - "Restaurant not found"[39m
[95m[Nest] 10124  - [39m07/28/2026, 6:35:47 PM [95m  DEBUG[39m [38;5;3m[AuditLogsService] [39m[95mSkipping audit log for USER_REGISTERED on User: no tenant context[39m
[95m[Nest] 10124  - [39m07/28/2026, 6:35:47 PM [95m  DEBUG[39m [38;5;3m[AuditLogsService] [39m[95mSkipping audit log for USER_LOGIN on User: no tenant context[39m
[33m[Nest] 10124  - [39m07/28/2026, 6:35:47 PM [33m   WARN[39m [38;5;3m[HttpExceptionFilter] [39m[33m[b2ddce3ba8569ea44ebb78534912974f] POST /api/v1/users - 403 - "Insufficient permissions"[39m
[33m[Nest] 10124  - [39m07/28/2026, 6:35:47 PM [33m   WARN[39m [38;5;3m[HttpExceptionFilter] [39m[33m[6cb8384ae913cffff0ab90973edce6dc] POST /api/v1/invitations - 403 - "Insufficient permissions"[39m
[33m[Nest] 10124  - [39m07/28/2026, 6:35:47 PM [33m   WARN[39m [38;5;3m[HttpExceptionFilter] [39m[33m[940a7de41830c985ca9e51e88cce83d7] GET /api/v1/users - 403 - "Insufficient permissions"[39m
[33m[Nest] 10124  - [39m07/28/2026, 6:35:47 PM [33m   WARN[39m [38;5;3m[HttpExceptionFilter] [39m[33m[7360baa166c38be6b81a2fbcde5a63fe] GET /api/v1/users - 401 - "Invalid or expired token"[39m
[33m[Nest] 10124  - [39m07/28/2026, 6:35:47 PM [33m   WARN[39m [38;5;3m[HttpExceptionFilter] [39m[33m[1e74eba0ad530b839a15cf7c389f4104] GET /api/v1/users - 401 - "Invalid or expired token"[39m
[33m[Nest] 10124  - [39m07/28/2026, 6:35:47 PM [33m   WARN[39m [38;5;3m[HttpExceptionFilter] [39m[33m[e5ec8834292b1f509fe21bcf0b88d410] GET /api/v1/tenants - 403 - "Insufficient permissions"[39m
[33m[Nest] 10124  - [39m07/28/2026, 6:35:47 PM [33m   WARN[39m [38;5;3m[HttpExceptionFilter] [39m[33m[18015dc3a264fc3707c233cdd25cb88c] POST /api/v1/auth/register - 400 - ["email must be an email"][39m
[33m[Nest] 10124  - [39m07/28/2026, 6:35:47 PM [33m   WARN[39m [38;5;3m[HttpExceptionFilter] [39m[33m[d46fe635d963251fa9c971f593ec0903] POST /api/v1/auth/register - 400 - ["Password must contain at least one uppercase letter, one lowercase letter, and one number","Password must be at least 8 characters"][39m
[33m[Nest] 10124  - [39m07/28/2026, 6:35:47 PM [33m   WARN[39m [38;5;3m[HttpExceptionFilter] [39m[33m[e08f8728126cb15a9b6f349d7bc0eb22] POST /api/v1/ingredients - 400 - ["name must be longer than or equal to 1 characters","unit must be longer than or equal to 1 characters"][39m
[33m[Nest] 10124  - [39m07/28/2026, 6:35:47 PM [33m   WARN[39m [38;5;3m[HttpExceptionFilter] [39m[33m[49a25e71d6da576b2f82a52981e2f552] POST /api/v1/suppliers - 400 - ["email must be an email"][39m
[33m[Nest] 10124  - [39m07/28/2026, 6:35:47 PM [33m   WARN[39m [38;5;3m[HttpExceptionFilter] [39m[33m[c8c43532133d011d46161e5814bb7448] POST /api/v1/restaurants - 409 - "A restaurant with this slug already exists"[39m
[33m[Nest] 10124  - [39m07/28/2026, 6:35:47 PM [33m   WARN[39m [38;5;3m[HttpExceptionFilter] [39m[33m[fbe4d52d22eb7bb9acbf7c03b3123039] POST /api/v1/auth/refresh - 401 - "Invalid refresh token"[39m
[95m[Nest] 10124  - [39m07/28/2026, 6:35:48 PM [95m  DEBUG[39m [38;5;3m[AuditLogsService] [39m[95mSkipping audit log for USER_LOGOUT on User: no tenant context[39m
[33m[Nest] 10124  - [39m07/28/2026, 6:35:49 PM [33m   WARN[39m [38;5;3m[HttpExceptionFilter] [39m[33m[39e672217b11fecf3d0ac44b1f05b292] POST /api/v1/auth/change-password - 400 - "New password must be different from current password"[39m
[33m[Nest] 10124  - [39m07/28/2026, 6:36:22 PM [33m   WARN[39m [38;5;3m[HttpExceptionFilter] [39m[33m[26928e75449cda3b2a51896875e401b7] GET /api/v1/users - 401 - "Invalid or expired token"[39m
[33m[Nest] 10124  - [39m07/28/2026, 6:36:22 PM [33m   WARN[39m [38;5;3m[HttpExceptionFilter] [39m[33m[f13630830501e8854491ea8b783f982f] GET /api/v1/invitations - 401 - "Invalid or expired token"[39m
[33m[Nest] 10124  - [39m07/28/2026, 6:36:22 PM [33m   WARN[39m [38;5;3m[HttpExceptionFilter] [39m[33m[c932f66d214536637736996ae7722414] POST /api/v1/invitations/some-id/revoke - 401 - "Invalid or expired token"[39m
[33m[Nest] 10124  - [39m07/28/2026, 6:36:22 PM [33m   WARN[39m [38;5;3m[HttpExceptionFilter] [39m[33m[72227d97bb70ceb678fcffd41605e6aa] PUT /api/v1/users/some-id - 401 - "Invalid or expired token"[39m
[33m[Nest] 10124  - [39m07/28/2026, 6:36:22 PM [33m   WARN[39m [38;5;3m[HttpExceptionFilter] [39m[33m[71ee57f56c9e2f9bee2ad2cbab5b5683] GET /api/v1/sessions - 401 - "Invalid or expired token"[39m
[33m[Nest] 10124  - [39m07/28/2026, 6:36:22 PM [33m   WARN[39m [38;5;3m[HttpExceptionFilter] [39m[33m[bdfd2281ff463691a0edca68245e4203] POST /api/v1/auth/logout - 401 - "Invalid or expired token"[39m
[33m[Nest] 10124  - [39m07/28/2026, 6:36:44 PM [33m   WARN[39m [38;5;3m[HttpExceptionFilter] [39m[33m[8ae29193935ea33879f4ad75ca4fc175] GET /api/v1/users - 401 - "Invalid or expired token"[39m
[33m[Nest] 10124  - [39m07/28/2026, 6:36:44 PM [33m   WARN[39m [38;5;3m[HttpExceptionFilter] [39m[33m[d252e4bc72856994a05fddc8b26d48cc] GET /api/v1/invitations - 401 - "Invalid or expired token"[39m
[33m[Nest] 10124  - [39m07/28/2026, 6:36:44 PM [33m   WARN[39m [38;5;3m[HttpExceptionFilter] [39m[33m[5155f5b1a7554e38675e25e40d7a3e53] GET /api/v1/sessions - 401 - "Invalid or expired token"[39m
[33m[Nest] 10124  - [39m07/28/2026, 6:37:00 PM [33m   WARN[39m [38;5;3m[HttpExceptionFilter] [39m[33m[5dbed8aacd8b862b9837df33ed1147f9] GET /api/v1/users - 403 - "Insufficient permissions"[39m
[33m[Nest] 10124  - [39m07/28/2026, 6:37:00 PM [33m   WARN[39m [38;5;3m[HttpExceptionFilter] [39m[33m[1dfb1171af9e1de35c4ff612e55a0b1e] GET /api/v1/invitations - 403 - "Insufficient permissions"[39m
