[32m[Nest] 7956  - [39m07/28/2026, 6:10:07 PM [32m    LOG[39m [38;5;3m[NestFactory] [39m[32mStarting Nest application...[39m
[32m[Nest] 7956  - [39m07/28/2026, 6:10:07 PM [32m    LOG[39m [38;5;3m[InstanceLoader] [39m[32mPrismaModule dependencies initialized[39m[38;5;3m +31ms[39m
[32m[Nest] 7956  - [39m07/28/2026, 6:10:07 PM [32m    LOG[39m [38;5;3m[InstanceLoader] [39m[32mDomainEventModule dependencies initialized[39m[38;5;3m +0ms[39m
[32m[Nest] 7956  - [39m07/28/2026, 6:10:07 PM [32m    LOG[39m [38;5;3m[InstanceLoader] [39m[32mPassportModule dependencies initialized[39m[38;5;3m +0ms[39m
[32m[Nest] 7956  - [39m07/28/2026, 6:10:07 PM [32m    LOG[39m [38;5;3m[InstanceLoader] [39m[32mConfigHostModule dependencies initialized[39m[38;5;3m +9ms[39m
[32m[Nest] 7956  - [39m07/28/2026, 6:10:07 PM [32m    LOG[39m [38;5;3m[InstanceLoader] [39m[32mDiscoveryModule dependencies initialized[39m[38;5;3m +1ms[39m
[32m[Nest] 7956  - [39m07/28/2026, 6:10:07 PM [32m    LOG[39m [38;5;3m[InstanceLoader] [39m[32mConfigModule dependencies initialized[39m[38;5;3m +2ms[39m
[32m[Nest] 7956  - [39m07/28/2026, 6:10:07 PM [32m    LOG[39m [38;5;3m[InstanceLoader] [39m[32mConfigModule dependencies initialized[39m[38;5;3m +0ms[39m
[32m[Nest] 7956  - [39m07/28/2026, 6:10:07 PM [32m    LOG[39m [38;5;3m[InstanceLoader] [39m[32mScheduleModule dependencies initialized[39m[38;5;3m +0ms[39m
[32m[Nest] 7956  - [39m07/28/2026, 6:10:07 PM [32m    LOG[39m [38;5;3m[InstanceLoader] [39m[32mEventEmitterModule dependencies initialized[39m[38;5;3m +0ms[39m
[32m[Nest] 7956  - [39m07/28/2026, 6:10:07 PM [32m    LOG[39m [38;5;3m[InstanceLoader] [39m[32mTerminusModule dependencies initialized[39m[38;5;3m +0ms[39m
[32m[Nest] 7956  - [39m07/28/2026, 6:10:07 PM [32m    LOG[39m [38;5;3m[InstanceLoader] [39m[32mRedisModule dependencies initialized[39m[38;5;3m +1ms[39m
[32m[Nest] 7956  - [39m07/28/2026, 6:10:07 PM [32m    LOG[39m [38;5;3m[InstanceLoader] [39m[32mAuditLogsModule dependencies initialized[39m[38;5;3m +1ms[39m
[32m[Nest] 7956  - [39m07/28/2026, 6:10:07 PM [32m    LOG[39m [38;5;3m[InstanceLoader] [39m[32mCommonModule dependencies initialized[39m[38;5;3m +0ms[39m
[32m[Nest] 7956  - [39m07/28/2026, 6:10:07 PM [32m    LOG[39m [38;5;3m[InstanceLoader] [39m[32mSchedulerModule dependencies initialized[39m[38;5;3m +0ms[39m
[32m[Nest] 7956  - [39m07/28/2026, 6:10:07 PM [32m    LOG[39m [38;5;3m[InstanceLoader] [39m[32mThrottlerModule dependencies initialized[39m[38;5;3m +0ms[39m
[32m[Nest] 7956  - [39m07/28/2026, 6:10:07 PM [32m    LOG[39m [38;5;3m[InstanceLoader] [39m[32mJwtModule dependencies initialized[39m[38;5;3m +1ms[39m
[32m[Nest] 7956  - [39m07/28/2026, 6:10:07 PM [32m    LOG[39m [38;5;3m[InstanceLoader] [39m[32mTenantsModule dependencies initialized[39m[38;5;3m +0ms[39m
[32m[Nest] 7956  - [39m07/28/2026, 6:10:07 PM [32m    LOG[39m [38;5;3m[InstanceLoader] [39m[32mUsersModule dependencies initialized[39m[38;5;3m +0ms[39m
[32m[Nest] 7956  - [39m07/28/2026, 6:10:07 PM [32m    LOG[39m [38;5;3m[InstanceLoader] [39m[32mVariantGroupsModule dependencies initialized[39m[38;5;3m +0ms[39m
[32m[Nest] 7956  - [39m07/28/2026, 6:10:07 PM [32m    LOG[39m [38;5;3m[InstanceLoader] [39m[32mProductVariantsModule dependencies initialized[39m[38;5;3m +0ms[39m
[32m[Nest] 7956  - [39m07/28/2026, 6:10:07 PM [32m    LOG[39m [38;5;3m[InstanceLoader] [39m[32mModifierGroupsModule dependencies initialized[39m[38;5;3m +0ms[39m
[32m[Nest] 7956  - [39m07/28/2026, 6:10:07 PM [32m    LOG[39m [38;5;3m[InstanceLoader] [39m[32mModifiersModule dependencies initialized[39m[38;5;3m +0ms[39m
[32m[Nest] 7956  - [39m07/28/2026, 6:10:07 PM [32m    LOG[39m [38;5;3m[InstanceLoader] [39m[32mProductTagsModule dependencies initialized[39m[38;5;3m +0ms[39m
[32m[Nest] 7956  - [39m07/28/2026, 6:10:07 PM [32m    LOG[39m [38;5;3m[InstanceLoader] [39m[32mAllergensModule dependencies initialized[39m[38;5;3m +0ms[39m
[32m[Nest] 7956  - [39m07/28/2026, 6:10:07 PM [32m    LOG[39m [38;5;3m[InstanceLoader] [39m[32mNutritionModule dependencies initialized[39m[38;5;3m +0ms[39m
[32m[Nest] 7956  - [39m07/28/2026, 6:10:07 PM [32m    LOG[39m [38;5;3m[InstanceLoader] [39m[32mBusinessHoursModule dependencies initialized[39m[38;5;3m +0ms[39m
[32m[Nest] 7956  - [39m07/28/2026, 6:10:07 PM [32m    LOG[39m [38;5;3m[InstanceLoader] [39m[32mBusinessExceptionsModule dependencies initialized[39m[38;5;3m +0ms[39m
[32m[Nest] 7956  - [39m07/28/2026, 6:10:07 PM [32m    LOG[39m [38;5;3m[InstanceLoader] [39m[32mRestaurantSettingsModule dependencies initialized[39m[38;5;3m +0ms[39m
[32m[Nest] 7956  - [39m07/28/2026, 6:10:07 PM [32m    LOG[39m [38;5;3m[InstanceLoader] [39m[32mBranchSettingsModule dependencies initialized[39m[38;5;3m +0ms[39m
[32m[Nest] 7956  - [39m07/28/2026, 6:10:07 PM [32m    LOG[39m [38;5;3m[InstanceLoader] [39m[32mTaxRatesModule dependencies initialized[39m[38;5;3m +0ms[39m
[32m[Nest] 7956  - [39m07/28/2026, 6:10:07 PM [32m    LOG[39m [38;5;3m[InstanceLoader] [39m[32mServiceChargesModule dependencies initialized[39m[38;5;3m +0ms[39m
[32m[Nest] 7956  - [39m07/28/2026, 6:10:07 PM [32m    LOG[39m [38;5;3m[InstanceLoader] [39m[32mUnitsModule dependencies initialized[39m[38;5;3m +0ms[39m
[32m[Nest] 7956  - [39m07/28/2026, 6:10:07 PM [32m    LOG[39m [38;5;3m[InstanceLoader] [39m[32mIngredientsModule dependencies initialized[39m[38;5;3m +0ms[39m
[32m[Nest] 7956  - [39m07/28/2026, 6:10:07 PM [32m    LOG[39m [38;5;3m[InstanceLoader] [39m[32mSuppliersModule dependencies initialized[39m[38;5;3m +0ms[39m
[32m[Nest] 7956  - [39m07/28/2026, 6:10:07 PM [32m    LOG[39m [38;5;3m[InstanceLoader] [39m[32mProductIngredientsModule dependencies initialized[39m[38;5;3m +0ms[39m
[32m[Nest] 7956  - [39m07/28/2026, 6:10:07 PM [32m    LOG[39m [38;5;3m[InstanceLoader] [39m[32mRestaurantsModule dependencies initialized[39m[38;5;3m +0ms[39m
[32m[Nest] 7956  - [39m07/28/2026, 6:10:07 PM [32m    LOG[39m [38;5;3m[InstanceLoader] [39m[32mBranchesModule dependencies initialized[39m[38;5;3m +0ms[39m
[32m[Nest] 7956  - [39m07/28/2026, 6:10:07 PM [32m    LOG[39m [38;5;3m[InstanceLoader] [39m[32mFloorsModule dependencies initialized[39m[38;5;3m +0ms[39m
[32m[Nest] 7956  - [39m07/28/2026, 6:10:07 PM [32m    LOG[39m [38;5;3m[InstanceLoader] [39m[32mDiningAreasModule dependencies initialized[39m[38;5;3m +0ms[39m
[32m[Nest] 7956  - [39m07/28/2026, 6:10:07 PM [32m    LOG[39m [38;5;3m[InstanceLoader] [39m[32mTablesModule dependencies initialized[39m[38;5;3m +0ms[39m
[32m[Nest] 7956  - [39m07/28/2026, 6:10:07 PM [32m    LOG[39m [38;5;3m[InstanceLoader] [39m[32mProductImagesModule dependencies initialized[39m[38;5;3m +0ms[39m
[32m[Nest] 7956  - [39m07/28/2026, 6:10:07 PM [32m    LOG[39m [38;5;3m[InstanceLoader] [39m[32mProductAvailabilityModule dependencies initialized[39m[38;5;3m +0ms[39m
[32m[Nest] 7956  - [39m07/28/2026, 6:10:07 PM [32m    LOG[39m [38;5;3m[InstanceLoader] [39m[32mSessionsModule dependencies initialized[39m[38;5;3m +1ms[39m
[32m[Nest] 7956  - [39m07/28/2026, 6:10:07 PM [32m    LOG[39m [38;5;3m[InstanceLoader] [39m[32mInvitationsModule dependencies initialized[39m[38;5;3m +0ms[39m
[32m[Nest] 7956  - [39m07/28/2026, 6:10:07 PM [32m    LOG[39m [38;5;3m[InstanceLoader] [39m[32mQueueModule dependencies initialized[39m[38;5;3m +0ms[39m
[32m[Nest] 7956  - [39m07/28/2026, 6:10:07 PM [32m    LOG[39m [38;5;3m[InstanceLoader] [39m[32mUsageModule dependencies initialized[39m[38;5;3m +0ms[39m
[32m[Nest] 7956  - [39m07/28/2026, 6:10:07 PM [32m    LOG[39m [38;5;3m[InstanceLoader] [39m[32mHealthModule dependencies initialized[39m[38;5;3m +0ms[39m
[32m[Nest] 7956  - [39m07/28/2026, 6:10:07 PM [32m    LOG[39m [38;5;3m[InstanceLoader] [39m[32mMenuCategoriesModule dependencies initialized[39m[38;5;3m +0ms[39m
[32m[Nest] 7956  - [39m07/28/2026, 6:10:07 PM [32m    LOG[39m [38;5;3m[InstanceLoader] [39m[32mProductsModule dependencies initialized[39m[38;5;3m +0ms[39m
[32m[Nest] 7956  - [39m07/28/2026, 6:10:07 PM [32m    LOG[39m [38;5;3m[InstanceLoader] [39m[32mAuthModule dependencies initialized[39m[38;5;3m +0ms[39m
[32m[Nest] 7956  - [39m07/28/2026, 6:10:07 PM [32m    LOG[39m [38;5;3m[InstanceLoader] [39m[32mAppModule dependencies initialized[39m[38;5;3m +0ms[39m
[33m[Nest] 7956  - [39m07/28/2026, 6:10:08 PM [33m   WARN[39m [38;5;3m[LegacyRouteConverter] [39m[33mUnsupported route path: "/api/*". In previous versions, the symbols ?, *, and + were used to denote optional or repeating path parameters. The latest version of "path-to-regexp" now requires the use of named parameters. For example, instead of using a route like /users/* to capture all routes starting with "/users", you should use /users/*path. For more details, refer to the migration guide. Attempting to auto-convert to "/api/{*path}"...[39m
[32m[Nest] 7956  - [39m07/28/2026, 6:10:08 PM [32m    LOG[39m [38;5;3m[RoutesResolver] [39m[32mHealthController {/api/health} (version: 1):[39m[38;5;3m +1ms[39m
[32m[Nest] 7956  - [39m07/28/2026, 6:10:08 PM [32m    LOG[39m [38;5;3m[RouterExplorer] [39m[32mMapped {/api/health, GET} (version: 1) route[39m[38;5;3m +2ms[39m
[32m[Nest] 7956  - [39m07/28/2026, 6:10:08 PM [32m    LOG[39m [38;5;3m[RoutesResolver] [39m[32mAuthController {/api/auth} (version: 1):[39m[38;5;3m +0ms[39m
[32m[Nest] 7956  - [39m07/28/2026, 6:10:08 PM [32m    LOG[39m [38;5;3m[RouterExplorer] [39m[32mMapped {/api/auth/register, POST} (version: 1) route[39m[38;5;3m +0ms[39m
[32m[Nest] 7956  - [39m07/28/2026, 6:10:08 PM [32m    LOG[39m [38;5;3m[RouterExplorer] [39m[32mMapped {/api/auth/login, POST} (version: 1) route[39m[38;5;3m +1ms[39m
[32m[Nest] 7956  - [39m07/28/2026, 6:10:08 PM [32m    LOG[39m [38;5;3m[RouterExplorer] [39m[32mMapped {/api/auth/refresh, POST} (version: 1) route[39m[38;5;3m +0ms[39m
[32m[Nest] 7956  - [39m07/28/2026, 6:10:08 PM [32m    LOG[39m [38;5;3m[RouterExplorer] [39m[32mMapped {/api/auth/logout, POST} (version: 1) route[39m[38;5;3m +0ms[39m
[32m[Nest] 7956  - [39m07/28/2026, 6:10:08 PM [32m    LOG[39m [38;5;3m[RouterExplorer] [39m[32mMapped {/api/auth/logout-all, POST} (version: 1) route[39m[38;5;3m +0ms[39m
[32m[Nest] 7956  - [39m07/28/2026, 6:10:08 PM [32m    LOG[39m [38;5;3m[RouterExplorer] [39m[32mMapped {/api/auth/forgot-password, POST} (version: 1) route[39m[38;5;3m +0ms[39m
[32m[Nest] 7956  - [39m07/28/2026, 6:10:08 PM [32m    LOG[39m [38;5;3m[RouterExplorer] [39m[32mMapped {/api/auth/reset-password, POST} (version: 1) route[39m[38;5;3m +1ms[39m
[32m[Nest] 7956  - [39m07/28/2026, 6:10:08 PM [32m    LOG[39m [38;5;3m[RouterExplorer] [39m[32mMapped {/api/auth/change-password, POST} (version: 1) route[39m[38;5;3m +0ms[39m
[32m[Nest] 7956  - [39m07/28/2026, 6:10:08 PM [32m    LOG[39m [38;5;3m[RouterExplorer] [39m[32mMapped {/api/auth/verify-email/:token, GET} (version: 1) route[39m[38;5;3m +0ms[39m
[32m[Nest] 7956  - [39m07/28/2026, 6:10:08 PM [32m    LOG[39m [38;5;3m[RouterExplorer] [39m[32mMapped {/api/auth/resend-verification, POST} (version: 1) route[39m[38;5;3m +1ms[39m
[32m[Nest] 7956  - [39m07/28/2026, 6:10:08 PM [32m    LOG[39m [38;5;3m[RoutesResolver] [39m[32mAuditLogsController {/api/audit-logs} (version: 1):[39m[38;5;3m +0ms[39m
[32m[Nest] 7956  - [39m07/28/2026, 6:10:08 PM [32m    LOG[39m [38;5;3m[RouterExplorer] [39m[32mMapped {/api/audit-logs, GET} (version: 1) route[39m[38;5;3m +0ms[39m
[32m[Nest] 7956  - [39m07/28/2026, 6:10:08 PM [32m    LOG[39m [38;5;3m[RoutesResolver] [39m[32mTenantsController {/api/tenants} (version: 1):[39m[38;5;3m +0ms[39m
[32m[Nest] 7956  - [39m07/28/2026, 6:10:08 PM [32m    LOG[39m [38;5;3m[RouterExplorer] [39m[32mMapped {/api/tenants, POST} (version: 1) route[39m[38;5;3m +0ms[39m
[32m[Nest] 7956  - [39m07/28/2026, 6:10:08 PM [32m    LOG[39m [38;5;3m[RouterExplorer] [39m[32mMapped {/api/tenants, GET} (version: 1) route[39m[38;5;3m +0ms[39m
[32m[Nest] 7956  - [39m07/28/2026, 6:10:08 PM [32m    LOG[39m [38;5;3m[RouterExplorer] [39m[32mMapped {/api/tenants/:id, GET} (version: 1) route[39m[38;5;3m +0ms[39m
[32m[Nest] 7956  - [39m07/28/2026, 6:10:08 PM [32m    LOG[39m [38;5;3m[RouterExplorer] [39m[32mMapped {/api/tenants/:id, PUT} (version: 1) route[39m[38;5;3m +0ms[39m
[32m[Nest] 7956  - [39m07/28/2026, 6:10:08 PM [32m    LOG[39m [38;5;3m[RouterExplorer] [39m[32mMapped {/api/tenants/:id, DELETE} (version: 1) route[39m[38;5;3m +1ms[39m
[32m[Nest] 7956  - [39m07/28/2026, 6:10:08 PM [32m    LOG[39m [38;5;3m[RouterExplorer] [39m[32mMapped {/api/tenants/:id/restore, POST} (version: 1) route[39m[38;5;3m +0ms[39m
[32m[Nest] 7956  - [39m07/28/2026, 6:10:08 PM [32m    LOG[39m [38;5;3m[RoutesResolver] [39m[32mUsersController {/api/users} (version: 1):[39m[38;5;3m +0ms[39m
[32m[Nest] 7956  - [39m07/28/2026, 6:10:08 PM [32m    LOG[39m [38;5;3m[RouterExplorer] [39m[32mMapped {/api/users, POST} (version: 1) route[39m[38;5;3m +0ms[39m
[32m[Nest] 7956  - [39m07/28/2026, 6:10:08 PM [32m    LOG[39m [38;5;3m[RouterExplorer] [39m[32mMapped {/api/users, GET} (version: 1) route[39m[38;5;3m +0ms[39m
[32m[Nest] 7956  - [39m07/28/2026, 6:10:08 PM [32m    LOG[39m [38;5;3m[RouterExplorer] [39m[32mMapped {/api/users/:id, GET} (version: 1) route[39m[38;5;3m +0ms[39m
[32m[Nest] 7956  - [39m07/28/2026, 6:10:08 PM [32m    LOG[39m [38;5;3m[RouterExplorer] [39m[32mMapped {/api/users/:id, PUT} (version: 1) route[39m[38;5;3m +0ms[39m
[32m[Nest] 7956  - [39m07/28/2026, 6:10:08 PM [32m    LOG[39m [38;5;3m[RouterExplorer] [39m[32mMapped {/api/users/:id, DELETE} (version: 1) route[39m[38;5;3m +0ms[39m
[32m[Nest] 7956  - [39m07/28/2026, 6:10:08 PM [32m    LOG[39m [38;5;3m[RouterExplorer] [39m[32mMapped {/api/users/:id/restore, POST} (version: 1) route[39m[38;5;3m +1ms[39m
[32m[Nest] 7956  - [39m07/28/2026, 6:10:08 PM [32m    LOG[39m [38;5;3m[RoutesResolver] [39m[32mSessionsController {/api/sessions} (version: 1):[39m[38;5;3m +0ms[39m
[32m[Nest] 7956  - [39m07/28/2026, 6:10:08 PM [32m    LOG[39m [38;5;3m[RouterExplorer] [39m[32mMapped {/api/sessions, GET} (version: 1) route[39m[38;5;3m +0ms[39m
[32m[Nest] 7956  - [39m07/28/2026, 6:10:08 PM [32m    LOG[39m [38;5;3m[RouterExplorer] [39m[32mMapped {/api/sessions/:id, DELETE} (version: 1) route[39m[38;5;3m +0ms[39m
[32m[Nest] 7956  - [39m07/28/2026, 6:10:08 PM [32m    LOG[39m [38;5;3m[RouterExplorer] [39m[32mMapped {/api/sessions/revoke-all, POST} (version: 1) route[39m[38;5;3m +0ms[39m
[32m[Nest] 7956  - [39m07/28/2026, 6:10:08 PM [32m    LOG[39m [38;5;3m[RoutesResolver] [39m[32mInvitationsController {/api/invitations} (version: 1):[39m[38;5;3m +0ms[39m
[32m[Nest] 7956  - [39m07/28/2026, 6:10:08 PM [32m    LOG[39m [38;5;3m[RouterExplorer] [39m[32mMapped {/api/invitations, POST} (version: 1) route[39m[38;5;3m +0ms[39m
[32m[Nest] 7956  - [39m07/28/2026, 6:10:08 PM [32m    LOG[39m [38;5;3m[RouterExplorer] [39m[32mMapped {/api/invitations, GET} (version: 1) route[39m[38;5;3m +0ms[39m
[32m[Nest] 7956  - [39m07/28/2026, 6:10:08 PM [32m    LOG[39m [38;5;3m[RouterExplorer] [39m[32mMapped {/api/invitations/token/:token, GET} (version: 1) route[39m[38;5;3m +0ms[39m
[32m[Nest] 7956  - [39m07/28/2026, 6:10:08 PM [32m    LOG[39m [38;5;3m[RouterExplorer] [39m[32mMapped {/api/invitations/accept, POST} (version: 1) route[39m[38;5;3m +1ms[39m
[32m[Nest] 7956  - [39m07/28/2026, 6:10:08 PM [32m    LOG[39m [38;5;3m[RouterExplorer] [39m[32mMapped {/api/invitations/:id/revoke, POST} (version: 1) route[39m[38;5;3m +0ms[39m
[32m[Nest] 7956  - [39m07/28/2026, 6:10:08 PM [32m    LOG[39m [38;5;3m[RoutesResolver] [39m[32mRestaurantsController {/api/restaurants} (version: 1):[39m[38;5;3m +0ms[39m
[32m[Nest] 7956  - [39m07/28/2026, 6:10:08 PM [32m    LOG[39m [38;5;3m[RouterExplorer] [39m[32mMapped {/api/restaurants, POST} (version: 1) route[39m[38;5;3m +0ms[39m
[32m[Nest] 7956  - [39m07/28/2026, 6:10:08 PM [32m    LOG[39m [38;5;3m[RouterExplorer] [39m[32mMapped {/api/restaurants, GET} (version: 1) route[39m[38;5;3m +0ms[39m
[32m[Nest] 7956  - [39m07/28/2026, 6:10:08 PM [32m    LOG[39m [38;5;3m[RouterExplorer] [39m[32mMapped {/api/restaurants/:id, GET} (version: 1) route[39m[38;5;3m +0ms[39m
[32m[Nest] 7956  - [39m07/28/2026, 6:10:08 PM [32m    LOG[39m [38;5;3m[RouterExplorer] [39m[32mMapped {/api/restaurants/:id, PUT} (version: 1) route[39m[38;5;3m +0ms[39m
[32m[Nest] 7956  - [39m07/28/2026, 6:10:08 PM [32m    LOG[39m [38;5;3m[RouterExplorer] [39m[32mMapped {/api/restaurants/:id, DELETE} (version: 1) route[39m[38;5;3m +0ms[39m
[32m[Nest] 7956  - [39m07/28/2026, 6:10:08 PM [32m    LOG[39m [38;5;3m[RouterExplorer] [39m[32mMapped {/api/restaurants/:id/restore, POST} (version: 1) route[39m[38;5;3m +0ms[39m
[32m[Nest] 7956  - [39m07/28/2026, 6:10:08 PM [32m    LOG[39m [38;5;3m[RoutesResolver] [39m[32mBranchesController {/api/restaurants/:restaurantId/branches} (version: 1):[39m[38;5;3m +0ms[39m
[32m[Nest] 7956  - [39m07/28/2026, 6:10:08 PM [32m    LOG[39m [38;5;3m[RouterExplorer] [39m[32mMapped {/api/restaurants/:restaurantId/branches, POST} (version: 1) route[39m[38;5;3m +2ms[39m
[32m[Nest] 7956  - [39m07/28/2026, 6:10:08 PM [32m    LOG[39m [38;5;3m[RouterExplorer] [39m[32mMapped {/api/restaurants/:restaurantId/branches, GET} (version: 1) route[39m[38;5;3m +0ms[39m
[32m[Nest] 7956  - [39m07/28/2026, 6:10:08 PM [32m    LOG[39m [38;5;3m[RouterExplorer] [39m[32mMapped {/api/restaurants/:restaurantId/branches/:id, GET} (version: 1) route[39m[38;5;3m +0ms[39m
[32m[Nest] 7956  - [39m07/28/2026, 6:10:08 PM [32m    LOG[39m [38;5;3m[RouterExplorer] [39m[32mMapped {/api/restaurants/:restaurantId/branches/:id, PUT} (version: 1) route[39m[38;5;3m +1ms[39m
[32m[Nest] 7956  - [39m07/28/2026, 6:10:08 PM [32m    LOG[39m [38;5;3m[RouterExplorer] [39m[32mMapped {/api/restaurants/:restaurantId/branches/:id, DELETE} (version: 1) route[39m[38;5;3m +0ms[39m
[32m[Nest] 7956  - [39m07/28/2026, 6:10:08 PM [32m    LOG[39m [38;5;3m[RouterExplorer] [39m[32mMapped {/api/restaurants/:restaurantId/branches/:id/restore, POST} (version: 1) route[39m[38;5;3m +0ms[39m
[32m[Nest] 7956  - [39m07/28/2026, 6:10:08 PM [32m    LOG[39m [38;5;3m[RoutesResolver] [39m[32mFloorsController {/api/restaurants/:restaurantId/branches/:branchId/floors} (version: 1):[39m[38;5;3m +0ms[39m
[32m[Nest] 7956  - [39m07/28/2026, 6:10:08 PM [32m    LOG[39m [38;5;3m[RouterExplorer] [39m[32mMapped {/api/restaurants/:restaurantId/branches/:branchId/floors, POST} (version: 1) route[39m[38;5;3m +0ms[39m
[32m[Nest] 7956  - [39m07/28/2026, 6:10:08 PM [32m    LOG[39m [38;5;3m[RouterExplorer] [39m[32mMapped {/api/restaurants/:restaurantId/branches/:branchId/floors, GET} (version: 1) route[39m[38;5;3m +1ms[39m
[32m[Nest] 7956  - [39m07/28/2026, 6:10:08 PM [32m    LOG[39m [38;5;3m[RouterExplorer] [39m[32mMapped {/api/restaurants/:restaurantId/branches/:branchId/floors/:id, GET} (version: 1) route[39m[38;5;3m +0ms[39m
[32m[Nest] 7956  - [39m07/28/2026, 6:10:08 PM [32m    LOG[39m [38;5;3m[RouterExplorer] [39m[32mMapped {/api/restaurants/:restaurantId/branches/:branchId/floors/:id, PUT} (version: 1) route[39m[38;5;3m +0ms[39m
[32m[Nest] 7956  - [39m07/28/2026, 6:10:08 PM [32m    LOG[39m [38;5;3m[RouterExplorer] [39m[32mMapped {/api/restaurants/:restaurantId/branches/:branchId/floors/:id, DELETE} (version: 1) route[39m[38;5;3m +0ms[39m
[32m[Nest] 7956  - [39m07/28/2026, 6:10:08 PM [32m    LOG[39m [38;5;3m[RouterExplorer] [39m[32mMapped {/api/restaurants/:restaurantId/branches/:branchId/floors/:id/restore, POST} (version: 1) route[39m[38;5;3m +0ms[39m
[32m[Nest] 7956  - [39m07/28/2026, 6:10:08 PM [32m    LOG[39m [38;5;3m[RoutesResolver] [39m[32mDiningAreasController {/api/restaurants/:restaurantId/branches/:branchId/areas} (version: 1):[39m[38;5;3m +0ms[39m
[32m[Nest] 7956  - [39m07/28/2026, 6:10:08 PM [32m    LOG[39m [38;5;3m[RouterExplorer] [39m[32mMapped {/api/restaurants/:restaurantId/branches/:branchId/areas, POST} (version: 1) route[39m[38;5;3m +0ms[39m
[32m[Nest] 7956  - [39m07/28/2026, 6:10:08 PM [32m    LOG[39m [38;5;3m[RouterExplorer] [39m[32mMapped {/api/restaurants/:restaurantId/branches/:branchId/areas, GET} (version: 1) route[39m[38;5;3m +0ms[39m
[32m[Nest] 7956  - [39m07/28/2026, 6:10:08 PM [32m    LOG[39m [38;5;3m[RouterExplorer] [39m[32mMapped {/api/restaurants/:restaurantId/branches/:branchId/areas/:id, GET} (version: 1) route[39m[38;5;3m +0ms[39m
[32m[Nest] 7956  - [39m07/28/2026, 6:10:08 PM [32m    LOG[39m [38;5;3m[RouterExplorer] [39m[32mMapped {/api/restaurants/:restaurantId/branches/:branchId/areas/:id, PUT} (version: 1) route[39m[38;5;3m +1ms[39m
[32m[Nest] 7956  - [39m07/28/2026, 6:10:08 PM [32m    LOG[39m [38;5;3m[RouterExplorer] [39m[32mMapped {/api/restaurants/:restaurantId/branches/:branchId/areas/:id, DELETE} (version: 1) route[39m[38;5;3m +0ms[39m
[32m[Nest] 7956  - [39m07/28/2026, 6:10:08 PM [32m    LOG[39m [38;5;3m[RouterExplorer] [39m[32mMapped {/api/restaurants/:restaurantId/branches/:branchId/areas/:id/restore, POST} (version: 1) route[39m[38;5;3m +0ms[39m
[32m[Nest] 7956  - [39m07/28/2026, 6:10:08 PM [32m    LOG[39m [38;5;3m[RoutesResolver] [39m[32mTablesController {/api/restaurants/:restaurantId/branches/:branchId/tables} (version: 1):[39m[38;5;3m +0ms[39m
[32m[Nest] 7956  - [39m07/28/2026, 6:10:08 PM [32m    LOG[39m [38;5;3m[RouterExplorer] [39m[32mMapped {/api/restaurants/:restaurantId/branches/:branchId/tables, POST} (version: 1) route[39m[38;5;3m +0ms[39m
[32m[Nest] 7956  - [39m07/28/2026, 6:10:08 PM [32m    LOG[39m [38;5;3m[RouterExplorer] [39m[32mMapped {/api/restaurants/:restaurantId/branches/:branchId/tables, GET} (version: 1) route[39m[38;5;3m +0ms[39m
[32m[Nest] 7956  - [39m07/28/2026, 6:10:08 PM [32m    LOG[39m [38;5;3m[RouterExplorer] [39m[32mMapped {/api/restaurants/:restaurantId/branches/:branchId/tables/:id, GET} (version: 1) route[39m[38;5;3m +0ms[39m
[32m[Nest] 7956  - [39m07/28/2026, 6:10:08 PM [32m    LOG[39m [38;5;3m[RouterExplorer] [39m[32mMapped {/api/restaurants/:restaurantId/branches/:branchId/tables/:id, PUT} (version: 1) route[39m[38;5;3m +0ms[39m
[32m[Nest] 7956  - [39m07/28/2026, 6:10:08 PM [32m    LOG[39m [38;5;3m[RouterExplorer] [39m[32mMapped {/api/restaurants/:restaurantId/branches/:branchId/tables/:id/status, PUT} (version: 1) route[39m[38;5;3m +1ms[39m
[32m[Nest] 7956  - [39m07/28/2026, 6:10:08 PM [32m    LOG[39m [38;5;3m[RouterExplorer] [39m[32mMapped {/api/restaurants/:restaurantId/branches/:branchId/tables/:id/qr-regenerate, POST} (version: 1) route[39m[38;5;3m +0ms[39m
[32m[Nest] 7956  - [39m07/28/2026, 6:10:08 PM [32m    LOG[39m [38;5;3m[RouterExplorer] [39m[32mMapped {/api/restaurants/:restaurantId/branches/:branchId/tables/:id, DELETE} (version: 1) route[39m[38;5;3m +0ms[39m
[32m[Nest] 7956  - [39m07/28/2026, 6:10:08 PM [32m    LOG[39m [38;5;3m[RouterExplorer] [39m[32mMapped {/api/restaurants/:restaurantId/branches/:branchId/tables/:id/restore, POST} (version: 1) route[39m[38;5;3m +0ms[39m
[32m[Nest] 7956  - [39m07/28/2026, 6:10:08 PM [32m    LOG[39m [38;5;3m[RoutesResolver] [39m[32mMenuCategoriesController {/api/restaurants/:restaurantId/menu-categories} (version: 1):[39m[38;5;3m +0ms[39m
[32m[Nest] 7956  - [39m07/28/2026, 6:10:08 PM [32m    LOG[39m [38;5;3m[RouterExplorer] [39m[32mMapped {/api/restaurants/:restaurantId/menu-categories, POST} (version: 1) route[39m[38;5;3m +0ms[39m
[32m[Nest] 7956  - [39m07/28/2026, 6:10:08 PM [32m    LOG[39m [38;5;3m[RouterExplorer] [39m[32mMapped {/api/restaurants/:restaurantId/menu-categories, GET} (version: 1) route[39m[38;5;3m +0ms[39m
[32m[Nest] 7956  - [39m07/28/2026, 6:10:08 PM [32m    LOG[39m [38;5;3m[RouterExplorer] [39m[32mMapped {/api/restaurants/:restaurantId/menu-categories/:id, GET} (version: 1) route[39m[38;5;3m +0ms[39m
[32m[Nest] 7956  - [39m07/28/2026, 6:10:08 PM [32m    LOG[39m [38;5;3m[RouterExplorer] [39m[32mMapped {/api/restaurants/:restaurantId/menu-categories/:id, PUT} (version: 1) route[39m[38;5;3m +0ms[39m
[32m[Nest] 7956  - [39m07/28/2026, 6:10:08 PM [32m    LOG[39m [38;5;3m[RouterExplorer] [39m[32mMapped {/api/restaurants/:restaurantId/menu-categories/:id, DELETE} (version: 1) route[39m[38;5;3m +1ms[39m
[32m[Nest] 7956  - [39m07/28/2026, 6:10:08 PM [32m    LOG[39m [38;5;3m[RouterExplorer] [39m[32mMapped {/api/restaurants/:restaurantId/menu-categories/:id/restore, POST} (version: 1) route[39m[38;5;3m +0ms[39m
[32m[Nest] 7956  - [39m07/28/2026, 6:10:08 PM [32m    LOG[39m [38;5;3m[RoutesResolver] [39m[32mProductsController {/api/restaurants/:restaurantId/products} (version: 1):[39m[38;5;3m +0ms[39m
[32m[Nest] 7956  - [39m07/28/2026, 6:10:08 PM [32m    LOG[39m [38;5;3m[RouterExplorer] [39m[32mMapped {/api/restaurants/:restaurantId/products, POST} (version: 1) route[39m[38;5;3m +0ms[39m
[32m[Nest] 7956  - [39m07/28/2026, 6:10:08 PM [32m    LOG[39m [38;5;3m[RouterExplorer] [39m[32mMapped {/api/restaurants/:restaurantId/products, GET} (version: 1) route[39m[38;5;3m +0ms[39m
[32m[Nest] 7956  - [39m07/28/2026, 6:10:08 PM [32m    LOG[39m [38;5;3m[RouterExplorer] [39m[32mMapped {/api/restaurants/:restaurantId/products/:id, GET} (version: 1) route[39m[38;5;3m +0ms[39m
[32m[Nest] 7956  - [39m07/28/2026, 6:10:08 PM [32m    LOG[39m [38;5;3m[RouterExplorer] [39m[32mMapped {/api/restaurants/:restaurantId/products/:id, PUT} (version: 1) route[39m[38;5;3m +0ms[39m
[32m[Nest] 7956  - [39m07/28/2026, 6:10:08 PM [32m    LOG[39m [38;5;3m[RouterExplorer] [39m[32mMapped {/api/restaurants/:restaurantId/products/:id, DELETE} (version: 1) route[39m[38;5;3m +0ms[39m
[32m[Nest] 7956  - [39m07/28/2026, 6:10:08 PM [32m    LOG[39m [38;5;3m[RouterExplorer] [39m[32mMapped {/api/restaurants/:restaurantId/products/:id/restore, POST} (version: 1) route[39m[38;5;3m +0ms[39m
[32m[Nest] 7956  - [39m07/28/2026, 6:10:08 PM [32m    LOG[39m [38;5;3m[RoutesResolver] [39m[32mProductImagesController {/api/restaurants/:restaurantId/products/:productId/images} (version: 1):[39m[38;5;3m +1ms[39m
[32m[Nest] 7956  - [39m07/28/2026, 6:10:08 PM [32m    LOG[39m [38;5;3m[RouterExplorer] [39m[32mMapped {/api/restaurants/:restaurantId/products/:productId/images, POST} (version: 1) route[39m[38;5;3m +0ms[39m
[32m[Nest] 7956  - [39m07/28/2026, 6:10:08 PM [32m    LOG[39m [38;5;3m[RouterExplorer] [39m[32mMapped {/api/restaurants/:restaurantId/products/:productId/images, GET} (version: 1) route[39m[38;5;3m +0ms[39m
[32m[Nest] 7956  - [39m07/28/2026, 6:10:08 PM [32m    LOG[39m [38;5;3m[RouterExplorer] [39m[32mMapped {/api/restaurants/:restaurantId/products/:productId/images/:id, GET} (version: 1) route[39m[38;5;3m +0ms[39m
[32m[Nest] 7956  - [39m07/28/2026, 6:10:08 PM [32m    LOG[39m [38;5;3m[RouterExplorer] [39m[32mMapped {/api/restaurants/:restaurantId/products/:productId/images/:id, PUT} (version: 1) route[39m[38;5;3m +0ms[39m
[32m[Nest] 7956  - [39m07/28/2026, 6:10:08 PM [32m    LOG[39m [38;5;3m[RouterExplorer] [39m[32mMapped {/api/restaurants/:restaurantId/products/:productId/images/:id, DELETE} (version: 1) route[39m[38;5;3m +0ms[39m
[32m[Nest] 7956  - [39m07/28/2026, 6:10:08 PM [32m    LOG[39m [38;5;3m[RoutesResolver] [39m[32mProductAvailabilityController {/api/restaurants/:restaurantId/products/:productId/availability} (version: 1):[39m[38;5;3m +0ms[39m
[32m[Nest] 7956  - [39m07/28/2026, 6:10:08 PM [32m    LOG[39m [38;5;3m[RouterExplorer] [39m[32mMapped {/api/restaurants/:restaurantId/products/:productId/availability, POST} (version: 1) route[39m[38;5;3m +0ms[39m
[32m[Nest] 7956  - [39m07/28/2026, 6:10:08 PM [32m    LOG[39m [38;5;3m[RouterExplorer] [39m[32mMapped {/api/restaurants/:restaurantId/products/:productId/availability, GET} (version: 1) route[39m[38;5;3m +0ms[39m
[32m[Nest] 7956  - [39m07/28/2026, 6:10:08 PM [32m    LOG[39m [38;5;3m[RouterExplorer] [39m[32mMapped {/api/restaurants/:restaurantId/products/:productId/availability/:id, GET} (version: 1) route[39m[38;5;3m +1ms[39m
[32m[Nest] 7956  - [39m07/28/2026, 6:10:08 PM [32m    LOG[39m [38;5;3m[RouterExplorer] [39m[32mMapped {/api/restaurants/:restaurantId/products/:productId/availability/:id, PUT} (version: 1) route[39m[38;5;3m +0ms[39m
[32m[Nest] 7956  - [39m07/28/2026, 6:10:08 PM [32m    LOG[39m [38;5;3m[RouterExplorer] [39m[32mMapped {/api/restaurants/:restaurantId/products/:productId/availability/:id, DELETE} (version: 1) route[39m[38;5;3m +0ms[39m
[32m[Nest] 7956  - [39m07/28/2026, 6:10:08 PM [32m    LOG[39m [38;5;3m[RoutesResolver] [39m[32mVariantGroupsController {/api/restaurants/:restaurantId/variant-groups} (version: 1):[39m[38;5;3m +0ms[39m
[32m[Nest] 7956  - [39m07/28/2026, 6:10:08 PM [32m    LOG[39m [38;5;3m[RouterExplorer] [39m[32mMapped {/api/restaurants/:restaurantId/variant-groups, POST} (version: 1) route[39m[38;5;3m +0ms[39m
[32m[Nest] 7956  - [39m07/28/2026, 6:10:08 PM [32m    LOG[39m [38;5;3m[RouterExplorer] [39m[32mMapped {/api/restaurants/:restaurantId/variant-groups, GET} (version: 1) route[39m[38;5;3m +0ms[39m
[32m[Nest] 7956  - [39m07/28/2026, 6:10:08 PM [32m    LOG[39m [38;5;3m[RouterExplorer] [39m[32mMapped {/api/restaurants/:restaurantId/variant-groups/:id, GET} (version: 1) route[39m[38;5;3m +0ms[39m
[32m[Nest] 7956  - [39m07/28/2026, 6:10:08 PM [32m    LOG[39m [38;5;3m[RouterExplorer] [39m[32mMapped {/api/restaurants/:restaurantId/variant-groups/:id, PUT} (version: 1) route[39m[38;5;3m +0ms[39m
[32m[Nest] 7956  - [39m07/28/2026, 6:10:08 PM [32m    LOG[39m [38;5;3m[RouterExplorer] [39m[32mMapped {/api/restaurants/:restaurantId/variant-groups/:id, DELETE} (version: 1) route[39m[38;5;3m +1ms[39m
[32m[Nest] 7956  - [39m07/28/2026, 6:10:08 PM [32m    LOG[39m [38;5;3m[RouterExplorer] [39m[32mMapped {/api/restaurants/:restaurantId/variant-groups/:id/restore, POST} (version: 1) route[39m[38;5;3m +0ms[39m
[32m[Nest] 7956  - [39m07/28/2026, 6:10:08 PM [32m    LOG[39m [38;5;3m[RoutesResolver] [39m[32mProductVariantsController {/api/restaurants/:restaurantId/products/:productId/variants} (version: 1):[39m[38;5;3m +0ms[39m
[32m[Nest] 7956  - [39m07/28/2026, 6:10:08 PM [32m    LOG[39m [38;5;3m[RouterExplorer] [39m[32mMapped {/api/restaurants/:restaurantId/products/:productId/variants, POST} (version: 1) route[39m[38;5;3m +0ms[39m
[32m[Nest] 7956  - [39m07/28/2026, 6:10:08 PM [32m    LOG[39m [38;5;3m[RouterExplorer] [39m[32mMapped {/api/restaurants/:restaurantId/products/:productId/variants, GET} (version: 1) route[39m[38;5;3m +0ms[39m
[32m[Nest] 7956  - [39m07/28/2026, 6:10:08 PM [32m    LOG[39m [38;5;3m[RouterExplorer] [39m[32mMapped {/api/restaurants/:restaurantId/products/:productId/variants/:id, GET} (version: 1) route[39m[38;5;3m +0ms[39m
[32m[Nest] 7956  - [39m07/28/2026, 6:10:08 PM [32m    LOG[39m [38;5;3m[RouterExplorer] [39m[32mMapped {/api/restaurants/:restaurantId/products/:productId/variants/:id, PUT} (version: 1) route[39m[38;5;3m +0ms[39m
[32m[Nest] 7956  - [39m07/28/2026, 6:10:08 PM [32m    LOG[39m [38;5;3m[RouterExplorer] [39m[32mMapped {/api/restaurants/:restaurantId/products/:productId/variants/:id, DELETE} (version: 1) route[39m[38;5;3m +0ms[39m
[32m[Nest] 7956  - [39m07/28/2026, 6:10:08 PM [32m    LOG[39m [38;5;3m[RouterExplorer] [39m[32mMapped {/api/restaurants/:restaurantId/products/:productId/variants/:id/restore, POST} (version: 1) route[39m[38;5;3m +1ms[39m
[32m[Nest] 7956  - [39m07/28/2026, 6:10:08 PM [32m    LOG[39m [38;5;3m[RoutesResolver] [39m[32mModifierGroupsController {/api/restaurants/:restaurantId/modifier-groups} (version: 1):[39m[38;5;3m +0ms[39m
[32m[Nest] 7956  - [39m07/28/2026, 6:10:08 PM [32m    LOG[39m [38;5;3m[RouterExplorer] [39m[32mMapped {/api/restaurants/:restaurantId/modifier-groups, POST} (version: 1) route[39m[38;5;3m +0ms[39m
[32m[Nest] 7956  - [39m07/28/2026, 6:10:08 PM [32m    LOG[39m [38;5;3m[RouterExplorer] [39m[32mMapped {/api/restaurants/:restaurantId/modifier-groups, GET} (version: 1) route[39m[38;5;3m +0ms[39m
[32m[Nest] 7956  - [39m07/28/2026, 6:10:08 PM [32m    LOG[39m [38;5;3m[RouterExplorer] [39m[32mMapped {/api/restaurants/:restaurantId/modifier-groups/:id, GET} (version: 1) route[39m[38;5;3m +0ms[39m
[32m[Nest] 7956  - [39m07/28/2026, 6:10:08 PM [32m    LOG[39m [38;5;3m[RouterExplorer] [39m[32mMapped {/api/restaurants/:restaurantId/modifier-groups/:id, PUT} (version: 1) route[39m[38;5;3m +0ms[39m
[32m[Nest] 7956  - [39m07/28/2026, 6:10:08 PM [32m    LOG[39m [38;5;3m[RouterExplorer] [39m[32mMapped {/api/restaurants/:restaurantId/modifier-groups/:id, DELETE} (version: 1) route[39m[38;5;3m +0ms[39m
[32m[Nest] 7956  - [39m07/28/2026, 6:10:08 PM [32m    LOG[39m [38;5;3m[RouterExplorer] [39m[32mMapped {/api/restaurants/:restaurantId/modifier-groups/:id/restore, POST} (version: 1) route[39m[38;5;3m +0ms[39m
[32m[Nest] 7956  - [39m07/28/2026, 6:10:08 PM [32m    LOG[39m [38;5;3m[RoutesResolver] [39m[32mModifiersController {/api/restaurants/:restaurantId/modifier-groups/:modifierGroupId/modifiers} (version: 1):[39m[38;5;3m +0ms[39m
[32m[Nest] 7956  - [39m07/28/2026, 6:10:08 PM [32m    LOG[39m [38;5;3m[RouterExplorer] [39m[32mMapped {/api/restaurants/:restaurantId/modifier-groups/:modifierGroupId/modifiers, POST} (version: 1) route[39m[38;5;3m +1ms[39m
[32m[Nest] 7956  - [39m07/28/2026, 6:10:08 PM [32m    LOG[39m [38;5;3m[RouterExplorer] [39m[32mMapped {/api/restaurants/:restaurantId/modifier-groups/:modifierGroupId/modifiers, GET} (version: 1) route[39m[38;5;3m +0ms[39m
[32m[Nest] 7956  - [39m07/28/2026, 6:10:08 PM [32m    LOG[39m [38;5;3m[RouterExplorer] [39m[32mMapped {/api/restaurants/:restaurantId/modifier-groups/:modifierGroupId/modifiers/:id, GET} (version: 1) route[39m[38;5;3m +0ms[39m
[32m[Nest] 7956  - [39m07/28/2026, 6:10:08 PM [32m    LOG[39m [38;5;3m[RouterExplorer] [39m[32mMapped {/api/restaurants/:restaurantId/modifier-groups/:modifierGroupId/modifiers/:id, PUT} (version: 1) route[39m[38;5;3m +0ms[39m
[32m[Nest] 7956  - [39m07/28/2026, 6:10:08 PM [32m    LOG[39m [38;5;3m[RouterExplorer] [39m[32mMapped {/api/restaurants/:restaurantId/modifier-groups/:modifierGroupId/modifiers/:id, DELETE} (version: 1) route[39m[38;5;3m +0ms[39m
[32m[Nest] 7956  - [39m07/28/2026, 6:10:08 PM [32m    LOG[39m [38;5;3m[RouterExplorer] [39m[32mMapped {/api/restaurants/:restaurantId/modifier-groups/:modifierGroupId/modifiers/:id/restore, POST} (version: 1) route[39m[38;5;3m +0ms[39m
[32m[Nest] 7956  - [39m07/28/2026, 6:10:08 PM [32m    LOG[39m [38;5;3m[RoutesResolver] [39m[32mProductTagsController {/api/restaurants/:restaurantId/tags} (version: 1):[39m[38;5;3m +0ms[39m
[32m[Nest] 7956  - [39m07/28/2026, 6:10:08 PM [32m    LOG[39m [38;5;3m[RouterExplorer] [39m[32mMapped {/api/restaurants/:restaurantId/tags, POST} (version: 1) route[39m[38;5;3m +0ms[39m
[32m[Nest] 7956  - [39m07/28/2026, 6:10:08 PM [32m    LOG[39m [38;5;3m[RouterExplorer] [39m[32mMapped {/api/restaurants/:restaurantId/tags, GET} (version: 1) route[39m[38;5;3m +0ms[39m
[32m[Nest] 7956  - [39m07/28/2026, 6:10:08 PM [32m    LOG[39m [38;5;3m[RouterExplorer] [39m[32mMapped {/api/restaurants/:restaurantId/tags/:id, GET} (version: 1) route[39m[38;5;3m +1ms[39m
[32m[Nest] 7956  - [39m07/28/2026, 6:10:08 PM [32m    LOG[39m [38;5;3m[RouterExplorer] [39m[32mMapped {/api/restaurants/:restaurantId/tags/:id, PUT} (version: 1) route[39m[38;5;3m +0ms[39m
[32m[Nest] 7956  - [39m07/28/2026, 6:10:08 PM [32m    LOG[39m [38;5;3m[RouterExplorer] [39m[32mMapped {/api/restaurants/:restaurantId/tags/:id, DELETE} (version: 1) route[39m[38;5;3m +0ms[39m
[32m[Nest] 7956  - [39m07/28/2026, 6:10:08 PM [32m    LOG[39m [38;5;3m[RouterExplorer] [39m[32mMapped {/api/restaurants/:restaurantId/tags/:id/restore, POST} (version: 1) route[39m[38;5;3m +0ms[39m
[32m[Nest] 7956  - [39m07/28/2026, 6:10:08 PM [32m    LOG[39m [38;5;3m[RoutesResolver] [39m[32mProductTagAssignmentsController {/api/restaurants/:restaurantId/products/:productId/tags} (version: 1):[39m[38;5;3m +0ms[39m
[32m[Nest] 7956  - [39m07/28/2026, 6:10:08 PM [32m    LOG[39m [38;5;3m[RouterExplorer] [39m[32mMapped {/api/restaurants/:restaurantId/products/:productId/tags, GET} (version: 1) route[39m[38;5;3m +0ms[39m
[32m[Nest] 7956  - [39m07/28/2026, 6:10:08 PM [32m    LOG[39m [38;5;3m[RouterExplorer] [39m[32mMapped {/api/restaurants/:restaurantId/products/:productId/tags, POST} (version: 1) route[39m[38;5;3m +0ms[39m
[32m[Nest] 7956  - [39m07/28/2026, 6:10:08 PM [32m    LOG[39m [38;5;3m[RouterExplorer] [39m[32mMapped {/api/restaurants/:restaurantId/products/:productId/tags/:tagId, DELETE} (version: 1) route[39m[38;5;3m +0ms[39m
[32m[Nest] 7956  - [39m07/28/2026, 6:10:08 PM [32m    LOG[39m [38;5;3m[RoutesResolver] [39m[32mAllergensController {/api/restaurants/:restaurantId/allergens} (version: 1):[39m[38;5;3m +0ms[39m
[32m[Nest] 7956  - [39m07/28/2026, 6:10:08 PM [32m    LOG[39m [38;5;3m[RouterExplorer] [39m[32mMapped {/api/restaurants/:restaurantId/allergens, POST} (version: 1) route[39m[38;5;3m +0ms[39m
[32m[Nest] 7956  - [39m07/28/2026, 6:10:08 PM [32m    LOG[39m [38;5;3m[RouterExplorer] [39m[32mMapped {/api/restaurants/:restaurantId/allergens, GET} (version: 1) route[39m[38;5;3m +0ms[39m
[32m[Nest] 7956  - [39m07/28/2026, 6:10:08 PM [32m    LOG[39m [38;5;3m[RouterExplorer] [39m[32mMapped {/api/restaurants/:restaurantId/allergens/:id, GET} (version: 1) route[39m[38;5;3m +1ms[39m
[32m[Nest] 7956  - [39m07/28/2026, 6:10:08 PM [32m    LOG[39m [38;5;3m[RouterExplorer] [39m[32mMapped {/api/restaurants/:restaurantId/allergens/:id, PUT} (version: 1) route[39m[38;5;3m +0ms[39m
[32m[Nest] 7956  - [39m07/28/2026, 6:10:08 PM [32m    LOG[39m [38;5;3m[RouterExplorer] [39m[32mMapped {/api/restaurants/:restaurantId/allergens/:id, DELETE} (version: 1) route[39m[38;5;3m +0ms[39m
[32m[Nest] 7956  - [39m07/28/2026, 6:10:08 PM [32m    LOG[39m [38;5;3m[RouterExplorer] [39m[32mMapped {/api/restaurants/:restaurantId/allergens/:id/restore, POST} (version: 1) route[39m[38;5;3m +0ms[39m
[32m[Nest] 7956  - [39m07/28/2026, 6:10:08 PM [32m    LOG[39m [38;5;3m[RoutesResolver] [39m[32mProductAllergenAssignmentsController {/api/restaurants/:restaurantId/products/:productId/allergens} (version: 1):[39m[38;5;3m +0ms[39m
[32m[Nest] 7956  - [39m07/28/2026, 6:10:08 PM [32m    LOG[39m [38;5;3m[RouterExplorer] [39m[32mMapped {/api/restaurants/:restaurantId/products/:productId/allergens, GET} (version: 1) route[39m[38;5;3m +0ms[39m
[32m[Nest] 7956  - [39m07/28/2026, 6:10:08 PM [32m    LOG[39m [38;5;3m[RouterExplorer] [39m[32mMapped {/api/restaurants/:restaurantId/products/:productId/allergens, POST} (version: 1) route[39m[38;5;3m +0ms[39m
[32m[Nest] 7956  - [39m07/28/2026, 6:10:08 PM [32m    LOG[39m [38;5;3m[RouterExplorer] [39m[32mMapped {/api/restaurants/:restaurantId/products/:productId/allergens/:allergenId, DELETE} (version: 1) route[39m[38;5;3m +0ms[39m
[32m[Nest] 7956  - [39m07/28/2026, 6:10:08 PM [32m    LOG[39m [38;5;3m[RoutesResolver] [39m[32mNutritionController {/api/restaurants/:restaurantId/products/:productId/nutrition} (version: 1):[39m[38;5;3m +0ms[39m
[32m[Nest] 7956  - [39m07/28/2026, 6:10:08 PM [32m    LOG[39m [38;5;3m[RouterExplorer] [39m[32mMapped {/api/restaurants/:restaurantId/products/:productId/nutrition, POST} (version: 1) route[39m[38;5;3m +1ms[39m
[32m[Nest] 7956  - [39m07/28/2026, 6:10:08 PM [32m    LOG[39m [38;5;3m[RouterExplorer] [39m[32mMapped {/api/restaurants/:restaurantId/products/:productId/nutrition, GET} (version: 1) route[39m[38;5;3m +0ms[39m
[32m[Nest] 7956  - [39m07/28/2026, 6:10:08 PM [32m    LOG[39m [38;5;3m[RouterExplorer] [39m[32mMapped {/api/restaurants/:restaurantId/products/:productId/nutrition, PUT} (version: 1) route[39m[38;5;3m +0ms[39m
[32m[Nest] 7956  - [39m07/28/2026, 6:10:08 PM [32m    LOG[39m [38;5;3m[RouterExplorer] [39m[32mMapped {/api/restaurants/:restaurantId/products/:productId/nutrition, DELETE} (version: 1) route[39m[38;5;3m +0ms[39m
[32m[Nest] 7956  - [39m07/28/2026, 6:10:08 PM [32m    LOG[39m [38;5;3m[RoutesResolver] [39m[32mBusinessHoursController {/api/restaurants/:restaurantId/business-hours} (version: 1):[39m[38;5;3m +0ms[39m
[32m[Nest] 7956  - [39m07/28/2026, 6:10:08 PM [32m    LOG[39m [38;5;3m[RouterExplorer] [39m[32mMapped {/api/restaurants/:restaurantId/business-hours, POST} (version: 1) route[39m[38;5;3m +0ms[39m
[32m[Nest] 7956  - [39m07/28/2026, 6:10:08 PM [32m    LOG[39m [38;5;3m[RouterExplorer] [39m[32mMapped {/api/restaurants/:restaurantId/business-hours, GET} (version: 1) route[39m[38;5;3m +0ms[39m
[32m[Nest] 7956  - [39m07/28/2026, 6:10:08 PM [32m    LOG[39m [38;5;3m[RouterExplorer] [39m[32mMapped {/api/restaurants/:restaurantId/business-hours/:id, GET} (version: 1) route[39m[38;5;3m +0ms[39m
[32m[Nest] 7956  - [39m07/28/2026, 6:10:08 PM [32m    LOG[39m [38;5;3m[RouterExplorer] [39m[32mMapped {/api/restaurants/:restaurantId/business-hours/:id, PUT} (version: 1) route[39m[38;5;3m +0ms[39m
[32m[Nest] 7956  - [39m07/28/2026, 6:10:08 PM [32m    LOG[39m [38;5;3m[RouterExplorer] [39m[32mMapped {/api/restaurants/:restaurantId/business-hours/:id, DELETE} (version: 1) route[39m[38;5;3m +0ms[39m
[32m[Nest] 7956  - [39m07/28/2026, 6:10:08 PM [32m    LOG[39m [38;5;3m[RoutesResolver] [39m[32mBusinessExceptionsController {/api/restaurants/:restaurantId/business-exceptions} (version: 1):[39m[38;5;3m +0ms[39m
[32m[Nest] 7956  - [39m07/28/2026, 6:10:08 PM [32m    LOG[39m [38;5;3m[RouterExplorer] [39m[32mMapped {/api/restaurants/:restaurantId/business-exceptions, POST} (version: 1) route[39m[38;5;3m +1ms[39m
[32m[Nest] 7956  - [39m07/28/2026, 6:10:08 PM [32m    LOG[39m [38;5;3m[RouterExplorer] [39m[32mMapped {/api/restaurants/:restaurantId/business-exceptions, GET} (version: 1) route[39m[38;5;3m +0ms[39m
[32m[Nest] 7956  - [39m07/28/2026, 6:10:08 PM [32m    LOG[39m [38;5;3m[RouterExplorer] [39m[32mMapped {/api/restaurants/:restaurantId/business-exceptions/:id, GET} (version: 1) route[39m[38;5;3m +0ms[39m
[32m[Nest] 7956  - [39m07/28/2026, 6:10:08 PM [32m    LOG[39m [38;5;3m[RouterExplorer] [39m[32mMapped {/api/restaurants/:restaurantId/business-exceptions/:id, PUT} (version: 1) route[39m[38;5;3m +0ms[39m
[32m[Nest] 7956  - [39m07/28/2026, 6:10:08 PM [32m    LOG[39m [38;5;3m[RouterExplorer] [39m[32mMapped {/api/restaurants/:restaurantId/business-exceptions/:id, DELETE} (version: 1) route[39m[38;5;3m +0ms[39m
[32m[Nest] 7956  - [39m07/28/2026, 6:10:08 PM [32m    LOG[39m [38;5;3m[RoutesResolver] [39m[32mRestaurantSettingsController {/api/restaurants/:restaurantId/settings} (version: 1):[39m[38;5;3m +0ms[39m
[32m[Nest] 7956  - [39m07/28/2026, 6:10:08 PM [32m    LOG[39m [38;5;3m[RouterExplorer] [39m[32mMapped {/api/restaurants/:restaurantId/settings, GET} (version: 1) route[39m[38;5;3m +0ms[39m
[32m[Nest] 7956  - [39m07/28/2026, 6:10:08 PM [32m    LOG[39m [38;5;3m[RouterExplorer] [39m[32mMapped {/api/restaurants/:restaurantId/settings, PUT} (version: 1) route[39m[38;5;3m +0ms[39m
[32m[Nest] 7956  - [39m07/28/2026, 6:10:08 PM [32m    LOG[39m [38;5;3m[RoutesResolver] [39m[32mBranchSettingsController {/api/restaurants/:restaurantId/branches/:branchId/settings} (version: 1):[39m[38;5;3m +0ms[39m
[32m[Nest] 7956  - [39m07/28/2026, 6:10:08 PM [32m    LOG[39m [38;5;3m[RouterExplorer] [39m[32mMapped {/api/restaurants/:restaurantId/branches/:branchId/settings, GET} (version: 1) route[39m[38;5;3m +0ms[39m
[32m[Nest] 7956  - [39m07/28/2026, 6:10:08 PM [32m    LOG[39m [38;5;3m[RouterExplorer] [39m[32mMapped {/api/restaurants/:restaurantId/branches/:branchId/settings, PUT} (version: 1) route[39m[38;5;3m +1ms[39m
[32m[Nest] 7956  - [39m07/28/2026, 6:10:08 PM [32m    LOG[39m [38;5;3m[RoutesResolver] [39m[32mTaxRatesController {/api/restaurants/:restaurantId/tax-rates} (version: 1):[39m[38;5;3m +0ms[39m
[32m[Nest] 7956  - [39m07/28/2026, 6:10:08 PM [32m    LOG[39m [38;5;3m[RouterExplorer] [39m[32mMapped {/api/restaurants/:restaurantId/tax-rates, POST} (version: 1) route[39m[38;5;3m +0ms[39m
[32m[Nest] 7956  - [39m07/28/2026, 6:10:08 PM [32m    LOG[39m [38;5;3m[RouterExplorer] [39m[32mMapped {/api/restaurants/:restaurantId/tax-rates, GET} (version: 1) route[39m[38;5;3m +0ms[39m
[32m[Nest] 7956  - [39m07/28/2026, 6:10:08 PM [32m    LOG[39m [38;5;3m[RouterExplorer] [39m[32mMapped {/api/restaurants/:restaurantId/tax-rates/:id, GET} (version: 1) route[39m[38;5;3m +0ms[39m
[32m[Nest] 7956  - [39m07/28/2026, 6:10:08 PM [32m    LOG[39m [38;5;3m[RouterExplorer] [39m[32mMapped {/api/restaurants/:restaurantId/tax-rates/:id, PUT} (version: 1) route[39m[38;5;3m +0ms[39m
[32m[Nest] 7956  - [39m07/28/2026, 6:10:08 PM [32m    LOG[39m [38;5;3m[RouterExplorer] [39m[32mMapped {/api/restaurants/:restaurantId/tax-rates/:id, DELETE} (version: 1) route[39m[38;5;3m +0ms[39m
[32m[Nest] 7956  - [39m07/28/2026, 6:10:08 PM [32m    LOG[39m [38;5;3m[RouterExplorer] [39m[32mMapped {/api/restaurants/:restaurantId/tax-rates/:id/restore, POST} (version: 1) route[39m[38;5;3m +0ms[39m
[32m[Nest] 7956  - [39m07/28/2026, 6:10:08 PM [32m    LOG[39m [38;5;3m[RoutesResolver] [39m[32mServiceChargesController {/api/restaurants/:restaurantId/service-charges} (version: 1):[39m[38;5;3m +1ms[39m
[32m[Nest] 7956  - [39m07/28/2026, 6:10:08 PM [32m    LOG[39m [38;5;3m[RouterExplorer] [39m[32mMapped {/api/restaurants/:restaurantId/service-charges, POST} (version: 1) route[39m[38;5;3m +0ms[39m
[32m[Nest] 7956  - [39m07/28/2026, 6:10:08 PM [32m    LOG[39m [38;5;3m[RouterExplorer] [39m[32mMapped {/api/restaurants/:restaurantId/service-charges, GET} (version: 1) route[39m[38;5;3m +0ms[39m
[32m[Nest] 7956  - [39m07/28/2026, 6:10:08 PM [32m    LOG[39m [38;5;3m[RouterExplorer] [39m[32mMapped {/api/restaurants/:restaurantId/service-charges/:id, GET} (version: 1) route[39m[38;5;3m +0ms[39m
[32m[Nest] 7956  - [39m07/28/2026, 6:10:08 PM [32m    LOG[39m [38;5;3m[RouterExplorer] [39m[32mMapped {/api/restaurants/:restaurantId/service-charges/:id, PUT} (version: 1) route[39m[38;5;3m +0ms[39m
[32m[Nest] 7956  - [39m07/28/2026, 6:10:08 PM [32m    LOG[39m [38;5;3m[RouterExplorer] [39m[32mMapped {/api/restaurants/:restaurantId/service-charges/:id, DELETE} (version: 1) route[39m[38;5;3m +0ms[39m
[32m[Nest] 7956  - [39m07/28/2026, 6:10:08 PM [32m    LOG[39m [38;5;3m[RouterExplorer] [39m[32mMapped {/api/restaurants/:restaurantId/service-charges/:id/restore, POST} (version: 1) route[39m[38;5;3m +0ms[39m
[32m[Nest] 7956  - [39m07/28/2026, 6:10:08 PM [32m    LOG[39m [38;5;3m[RoutesResolver] [39m[32mUnitsController {/api/units} (version: 1):[39m[38;5;3m +0ms[39m
[32m[Nest] 7956  - [39m07/28/2026, 6:10:08 PM [32m    LOG[39m [38;5;3m[RouterExplorer] [39m[32mMapped {/api/units, POST} (version: 1) route[39m[38;5;3m +0ms[39m
[32m[Nest] 7956  - [39m07/28/2026, 6:10:08 PM [32m    LOG[39m [38;5;3m[RouterExplorer] [39m[32mMapped {/api/units, GET} (version: 1) route[39m[38;5;3m +1ms[39m
[32m[Nest] 7956  - [39m07/28/2026, 6:10:08 PM [32m    LOG[39m [38;5;3m[RouterExplorer] [39m[32mMapped {/api/units/:id, GET} (version: 1) route[39m[38;5;3m +0ms[39m
[32m[Nest] 7956  - [39m07/28/2026, 6:10:08 PM [32m    LOG[39m [38;5;3m[RouterExplorer] [39m[32mMapped {/api/units/:id, PUT} (version: 1) route[39m[38;5;3m +0ms[39m
[32m[Nest] 7956  - [39m07/28/2026, 6:10:08 PM [32m    LOG[39m [38;5;3m[RouterExplorer] [39m[32mMapped {/api/units/:id, DELETE} (version: 1) route[39m[38;5;3m +0ms[39m
[32m[Nest] 7956  - [39m07/28/2026, 6:10:08 PM [32m    LOG[39m [38;5;3m[RouterExplorer] [39m[32mMapped {/api/units/:id/restore, POST} (version: 1) route[39m[38;5;3m +0ms[39m
[32m[Nest] 7956  - [39m07/28/2026, 6:10:08 PM [32m    LOG[39m [38;5;3m[RoutesResolver] [39m[32mQueueController {/api/queues} (version: 1):[39m[38;5;3m +0ms[39m
[32m[Nest] 7956  - [39m07/28/2026, 6:10:08 PM [32m    LOG[39m [38;5;3m[RouterExplorer] [39m[32mMapped {/api/queues/:name/stats, GET} (version: 1) route[39m[38;5;3m +0ms[39m
[32m[Nest] 7956  - [39m07/28/2026, 6:10:08 PM [32m    LOG[39m [38;5;3m[RoutesResolver] [39m[32mIngredientsController {/api/ingredients} (version: 1):[39m[38;5;3m +0ms[39m
[32m[Nest] 7956  - [39m07/28/2026, 6:10:08 PM [32m    LOG[39m [38;5;3m[RouterExplorer] [39m[32mMapped {/api/ingredients, POST} (version: 1) route[39m[38;5;3m +0ms[39m
[32m[Nest] 7956  - [39m07/28/2026, 6:10:08 PM [32m    LOG[39m [38;5;3m[RouterExplorer] [39m[32mMapped {/api/ingredients, GET} (version: 1) route[39m[38;5;3m +0ms[39m
[32m[Nest] 7956  - [39m07/28/2026, 6:10:08 PM [32m    LOG[39m [38;5;3m[RouterExplorer] [39m[32mMapped {/api/ingredients/:id, GET} (version: 1) route[39m[38;5;3m +1ms[39m
[32m[Nest] 7956  - [39m07/28/2026, 6:10:08 PM [32m    LOG[39m [38;5;3m[RouterExplorer] [39m[32mMapped {/api/ingredients/:id, PUT} (version: 1) route[39m[38;5;3m +0ms[39m
[32m[Nest] 7956  - [39m07/28/2026, 6:10:08 PM [32m    LOG[39m [38;5;3m[RouterExplorer] [39m[32mMapped {/api/ingredients/:id, DELETE} (version: 1) route[39m[38;5;3m +0ms[39m
[32m[Nest] 7956  - [39m07/28/2026, 6:10:08 PM [32m    LOG[39m [38;5;3m[RouterExplorer] [39m[32mMapped {/api/ingredients/:id/restore, POST} (version: 1) route[39m[38;5;3m +0ms[39m
[32m[Nest] 7956  - [39m07/28/2026, 6:10:08 PM [32m    LOG[39m [38;5;3m[RoutesResolver] [39m[32mSuppliersController {/api/suppliers} (version: 1):[39m[38;5;3m +0ms[39m
[32m[Nest] 7956  - [39m07/28/2026, 6:10:08 PM [32m    LOG[39m [38;5;3m[RouterExplorer] [39m[32mMapped {/api/suppliers, POST} (version: 1) route[39m[38;5;3m +0ms[39m
[32m[Nest] 7956  - [39m07/28/2026, 6:10:08 PM [32m    LOG[39m [38;5;3m[RouterExplorer] [39m[32mMapped {/api/suppliers, GET} (version: 1) route[39m[38;5;3m +0ms[39m
[32m[Nest] 7956  - [39m07/28/2026, 6:10:08 PM [32m    LOG[39m [38;5;3m[RouterExplorer] [39m[32mMapped {/api/suppliers/:id, GET} (version: 1) route[39m[38;5;3m +0ms[39m
[32m[Nest] 7956  - [39m07/28/2026, 6:10:08 PM [32m    LOG[39m [38;5;3m[RouterExplorer] [39m[32mMapped {/api/suppliers/:id, PUT} (version: 1) route[39m[38;5;3m +0ms[39m
[32m[Nest] 7956  - [39m07/28/2026, 6:10:08 PM [32m    LOG[39m [38;5;3m[RouterExplorer] [39m[32mMapped {/api/suppliers/:id, DELETE} (version: 1) route[39m[38;5;3m +0ms[39m
[32m[Nest] 7956  - [39m07/28/2026, 6:10:08 PM [32m    LOG[39m [38;5;3m[RouterExplorer] [39m[32mMapped {/api/suppliers/:id/restore, POST} (version: 1) route[39m[38;5;3m +1ms[39m
[32m[Nest] 7956  - [39m07/28/2026, 6:10:08 PM [32m    LOG[39m [38;5;3m[RoutesResolver] [39m[32mProductIngredientsController {/api/restaurants/:restaurantId/product-ingredients} (version: 1):[39m[38;5;3m +0ms[39m
[32m[Nest] 7956  - [39m07/28/2026, 6:10:08 PM [32m    LOG[39m [38;5;3m[RouterExplorer] [39m[32mMapped {/api/restaurants/:restaurantId/product-ingredients, POST} (version: 1) route[39m[38;5;3m +0ms[39m
[32m[Nest] 7956  - [39m07/28/2026, 6:10:08 PM [32m    LOG[39m [38;5;3m[RouterExplorer] [39m[32mMapped {/api/restaurants/:restaurantId/product-ingredients/product/:productId, GET} (version: 1) route[39m[38;5;3m +0ms[39m
[32m[Nest] 7956  - [39m07/28/2026, 6:10:08 PM [32m    LOG[39m [38;5;3m[RouterExplorer] [39m[32mMapped {/api/restaurants/:restaurantId/product-ingredients/product/:productId/cost, GET} (version: 1) route[39m[38;5;3m +0ms[39m
[32m[Nest] 7956  - [39m07/28/2026, 6:10:08 PM [32m    LOG[39m [38;5;3m[RouterExplorer] [39m[32mMapped {/api/restaurants/:restaurantId/product-ingredients/:id, GET} (version: 1) route[39m[38;5;3m +0ms[39m
[32m[Nest] 7956  - [39m07/28/2026, 6:10:08 PM [32m    LOG[39m [38;5;3m[RouterExplorer] [39m[32mMapped {/api/restaurants/:restaurantId/product-ingredients/:id, PUT} (version: 1) route[39m[38;5;3m +0ms[39m
[32m[Nest] 7956  - [39m07/28/2026, 6:10:08 PM [32m    LOG[39m [38;5;3m[RouterExplorer] [39m[32mMapped {/api/restaurants/:restaurantId/product-ingredients/:id, DELETE} (version: 1) route[39m[38;5;3m +0ms[39m
[32m[Nest] 7956  - [39m07/28/2026, 6:10:08 PM [32m    LOG[39m [38;5;3m[RoutesResolver] [39m[32mUsageController {/api/restaurants/:restaurantId/usage} (version: 1):[39m[38;5;3m +0ms[39m
[32m[Nest] 7956  - [39m07/28/2026, 6:10:08 PM [32m    LOG[39m [38;5;3m[RouterExplorer] [39m[32mMapped {/api/restaurants/:restaurantId/usage/orders/count, GET} (version: 1) route[39m[38;5;3m +0ms[39m
[32m[Nest] 7956  - [39m07/28/2026, 6:10:08 PM [32m    LOG[39m [38;5;3m[RouterExplorer] [39m[32mMapped {/api/restaurants/:restaurantId/usage/products/:productId/count, GET} (version: 1) route[39m[38;5;3m +1ms[39m
[32m[Nest] 7956  - [39m07/28/2026, 6:10:08 PM [32m    LOG[39m [38;5;3m[RouterExplorer] [39m[32mMapped {/api/restaurants/:restaurantId/usage/products/top, GET} (version: 1) route[39m[38;5;3m +0ms[39m
[32m[Nest] 7956  - [39m07/28/2026, 6:10:08 PM [32m    LOG[39m [38;5;3m[RouterExplorer] [39m[32mMapped {/api/restaurants/:restaurantId/usage/orders/daily, GET} (version: 1) route[39m[38;5;3m +0ms[39m
[32m[Nest] 7956  - [39m07/28/2026, 6:10:08 PM [32m    LOG[39m [38;5;3m[PrismaService] [39m[32mDatabase connected successfully[39m
[32m[Nest] 7956  - [39m07/28/2026, 6:10:08 PM [32m    LOG[39m [38;5;3m[QueueService] [39m[32mQueueService initialized[39m
[32m[Nest] 7956  - [39m07/28/2026, 6:10:08 PM [32m    LOG[39m [38;5;3m[QueueService] [39m[32mWorker registered for queue "email" with concurrency 3[39m
[32m[Nest] 7956  - [39m07/28/2026, 6:10:08 PM [32m    LOG[39m [38;5;3m[EmailProcessor] [39m[32mEmail processor registered[39m
[32m[Nest] 7956  - [39m07/28/2026, 6:10:08 PM [32m    LOG[39m [38;5;3m[QueueService] [39m[32mWorker registered for queue "cleanup" with concurrency 1[39m
[32m[Nest] 7956  - [39m07/28/2026, 6:10:08 PM [32m    LOG[39m [38;5;3m[CleanupProcessor] [39m[32mCleanup processor registered[39m
[32m[Nest] 7956  - [39m07/28/2026, 6:10:08 PM [32m    LOG[39m [38;5;3m[QueueService] [39m[32mWorker registered for queue "notification" with concurrency 5[39m
[32m[Nest] 7956  - [39m07/28/2026, 6:10:08 PM [32m    LOG[39m [38;5;3m[NotificationProcessor] [39m[32mNotification processor registered[39m
[32m[Nest] 7956  - [39m07/28/2026, 6:10:08 PM [32m    LOG[39m [38;5;3m[UsageTrackingService] [39m[32mUsageTrackingService initialized[39m
[32m[Nest] 7956  - [39m07/28/2026, 6:10:08 PM [32m    LOG[39m [38;5;3m[NestApplication] [39m[32mNest application successfully started[39m[38;5;3m +16ms[39m
[32m[Nest] 7956  - [39m07/28/2026, 6:10:08 PM [32m    LOG[39m [38;5;3m[Bootstrap] [39m[32mApplication is running on: http://localhost:3000/api/v1[39m
[32m[Nest] 7956  - [39m07/28/2026, 6:10:08 PM [32m    LOG[39m [38;5;3m[Bootstrap] [39m[32mSwagger docs available at: http://localhost:3000/docs[39m
[32m[Nest] 7956  - [39m07/28/2026, 6:10:08 PM [32m    LOG[39m [38;5;3m[RedisService] [39m[32mRedis connected successfully[39m
[31m[Nest] 7956  - [39m07/28/2026, 6:11:32 PM [31m  ERROR[39m [38;5;3m[AuditLog] [39m[31mRequest failed: {"method":"POST","path":"/api/v1/auth/login","statusCode":200,"duration":240,"error":"Invalid email or password"}[39m
[33m[Nest] 7956  - [39m07/28/2026, 6:11:32 PM [33m   WARN[39m [38;5;3m[HttpExceptionFilter] [39m[33m[82d60f416a97793653c3bcf8539fbea8] POST /api/v1/auth/login - 401 - "Invalid email or password"[39m
[32m[Nest] 7956  - [39m07/28/2026, 6:11:32 PM [32m    LOG[39m [38;5;3m[AuthService] [39m[32mPassword reset token generated for user 5c148af6-9031-4366-8744-99c8e8355262[39m
[31m[Nest] 7956  - [39m07/28/2026, 6:11:32 PM [31m  ERROR[39m [38;5;3m[AuditLog] [39m[31mRequest failed: {"method":"GET","path":"/api/v1/auth/verify-email/invalid-token","statusCode":200,"duration":4,"error":"Invalid or expired verification token"}[39m
[33m[Nest] 7956  - [39m07/28/2026, 6:11:32 PM [33m   WARN[39m [38;5;3m[HttpExceptionFilter] [39m[33m[3a3efe2e0090af0f45d531d0221636f0] GET /api/v1/auth/verify-email/invalid-token - 400 - "Invalid or expired verification token"[39m
[32m[Nest] 7956  - [39m07/28/2026, 6:11:32 PM [32m    LOG[39m [38;5;3m[AuthService] [39m[32mEmail verification token generated for user 5c148af6-9031-4366-8744-99c8e8355262[39m
[32m[Nest] 7956  - [39m07/28/2026, 6:11:32 PM [32m    LOG[39m [38;5;3m[AuthService] [39m[32mPassword reset token generated for user 5c148af6-9031-4366-8744-99c8e8355262[39m
[31m[Nest] 7956  - [39m07/28/2026, 6:11:32 PM [31m  ERROR[39m [38;5;3m[AuditLog] [39m[31mRequest failed: {"method":"POST","path":"/api/v1/auth/reset-password","statusCode":200,"duration":3,"error":"Invalid or expired reset token"}[39m
[33m[Nest] 7956  - [39m07/28/2026, 6:11:32 PM [33m   WARN[39m [38;5;3m[HttpExceptionFilter] [39m[33m[42b132f5731363a6b7e51ceb2e775f2f] POST /api/v1/auth/reset-password - 400 - "Invalid or expired reset token"[39m
[31m[Nest] 7956  - [39m07/28/2026, 6:11:32 PM [31m  ERROR[39m [38;5;3m[AuditLog] [39m[31mRequest failed: {"userId":"8b2a1c25-d9ef-4951-b42a-68170223840f","tenantId":"b1d42223-be69-4abe-a585-ac191b47a4f0","method":"POST","path":"/api/v1/restaurants/2f6c03d8-1a79-4857-99da-2b884a02bc49/variant-groups","statusCode":201,"duration":5,"error":"A variant group with this name already exists"}[39m
[33m[Nest] 7956  - [39m07/28/2026, 6:11:32 PM [33m   WARN[39m [38;5;3m[HttpExceptionFilter] [39m[33m[17dd6e8b05b59f690eca11d1465288d4] POST /api/v1/restaurants/2f6c03d8-1a79-4857-99da-2b884a02bc49/variant-groups - 409 - "A variant group with this name already exists"[39m
[31m[Nest] 7956  - [39m07/28/2026, 6:11:33 PM [31m  ERROR[39m [38;5;3m[AuditLog] [39m[31mRequest failed: {"userId":"8b2a1c25-d9ef-4951-b42a-68170223840f","tenantId":"b1d42223-be69-4abe-a585-ac191b47a4f0","method":"POST","path":"/api/v1/restaurants/2f6c03d8-1a79-4857-99da-2b884a02bc49/products/bae1fa3c-ec2b-45e3-b0a7-a5ede2431520/variants","statusCode":201,"duration":11,"error":"A variant with this name already exists for this product"}[39m
[33m[Nest] 7956  - [39m07/28/2026, 6:11:33 PM [33m   WARN[39m [38;5;3m[HttpExceptionFilter] [39m[33m[fb0323b3c4036bf736f97f53d7391f42] POST /api/v1/restaurants/2f6c03d8-1a79-4857-99da-2b884a02bc49/products/bae1fa3c-ec2b-45e3-b0a7-a5ede2431520/variants - 409 - "A variant with this name already exists for this product"[39m
[31m[Nest] 7956  - [39m07/28/2026, 6:11:33 PM [31m  ERROR[39m [38;5;3m[AuditLog] [39m[31mRequest failed: {"userId":"8b2a1c25-d9ef-4951-b42a-68170223840f","tenantId":"b1d42223-be69-4abe-a585-ac191b47a4f0","method":"POST","path":"/api/v1/restaurants/2f6c03d8-1a79-4857-99da-2b884a02bc49/modifier-groups","statusCode":201,"duration":5,"error":"A modifier group with this name already exists"}[39m
[33m[Nest] 7956  - [39m07/28/2026, 6:11:33 PM [33m   WARN[39m [38;5;3m[HttpExceptionFilter] [39m[33m[79d77994209ab02d0d903e30c81acd01] POST /api/v1/restaurants/2f6c03d8-1a79-4857-99da-2b884a02bc49/modifier-groups - 409 - "A modifier group with this name already exists"[39m
[31m[Nest] 7956  - [39m07/28/2026, 6:11:33 PM [31m  ERROR[39m [38;5;3m[AuditLog] [39m[31mRequest failed: {"userId":"8b2a1c25-d9ef-4951-b42a-68170223840f","tenantId":"b1d42223-be69-4abe-a585-ac191b47a4f0","method":"POST","path":"/api/v1/restaurants/2f6c03d8-1a79-4857-99da-2b884a02bc49/modifier-groups/7037949e-cd8c-4af4-a669-e9e23f724b2c/modifiers","statusCode":201,"duration":4,"error":"A modifier with this name already exists in this group"}[39m
[33m[Nest] 7956  - [39m07/28/2026, 6:11:33 PM [33m   WARN[39m [38;5;3m[HttpExceptionFilter] [39m[33m[41cff5067d4fdf91442c5f087fad3e05] POST /api/v1/restaurants/2f6c03d8-1a79-4857-99da-2b884a02bc49/modifier-groups/7037949e-cd8c-4af4-a669-e9e23f724b2c/modifiers - 409 - "A modifier with this name already exists in this group"[39m
[31m[Nest] 7956  - [39m07/28/2026, 6:11:33 PM [31m  ERROR[39m [38;5;3m[AuditLog] [39m[31mRequest failed: {"userId":"8b2a1c25-d9ef-4951-b42a-68170223840f","tenantId":"b1d42223-be69-4abe-a585-ac191b47a4f0","method":"DELETE","path":"/api/v1/restaurants/2f6c03d8-1a79-4857-99da-2b884a02bc49/modifier-groups/7037949e-cd8c-4af4-a669-e9e23f724b2c","statusCode":200,"duration":5,"error":"Cannot delete modifier group with active modifiers. Remove modifiers first."}[39m
[33m[Nest] 7956  - [39m07/28/2026, 6:11:33 PM [33m   WARN[39m [38;5;3m[HttpExceptionFilter] [39m[33m[28885de8bca8fe68805573d0cdd91848] DELETE /api/v1/restaurants/2f6c03d8-1a79-4857-99da-2b884a02bc49/modifier-groups/7037949e-cd8c-4af4-a669-e9e23f724b2c - 409 - "Cannot delete modifier group with active modifiers. Remove modifiers first."[39m
[95m[Nest] 7956  - [39m07/28/2026, 6:11:33 PM [95m  DEBUG[39m [38;5;3m[AuditLogsService] [39m[95mSkipping audit log for USER_LOGOUT on User: no tenant context[39m
[31m[Nest] 7956  - [39m07/28/2026, 6:11:33 PM [31m  ERROR[39m [38;5;3m[AuditLog] [39m[31mRequest failed: {"userId":"8b2a1c25-d9ef-4951-b42a-68170223840f","tenantId":"b1d42223-be69-4abe-a585-ac191b47a4f0","method":"DELETE","path":"/api/v1/restaurants/2f6c03d8-1a79-4857-99da-2b884a02bc49/variant-groups/8ecc094f-fda3-40f8-97b1-e213175bc36b","statusCode":200,"duration":4,"error":"Cannot delete variant group with active variants. Remove variants first."}[39m
[33m[Nest] 7956  - [39m07/28/2026, 6:11:33 PM [33m   WARN[39m [38;5;3m[HttpExceptionFilter] [39m[33m[e4ae658e2ed0d613a96f56783c8e1ae6] DELETE /api/v1/restaurants/2f6c03d8-1a79-4857-99da-2b884a02bc49/variant-groups/8ecc094f-fda3-40f8-97b1-e213175bc36b - 409 - "Cannot delete variant group with active variants. Remove variants first."[39m
[31m[Nest] 7956  - [39m07/28/2026, 6:11:33 PM [31m  ERROR[39m [38;5;3m[AuditLog] [39m[31mRequest failed: {"userId":"8b2a1c25-d9ef-4951-b42a-68170223840f","tenantId":"b1d42223-be69-4abe-a585-ac191b47a4f0","method":"POST","path":"/api/v1/restaurants/2f6c03d8-1a79-4857-99da-2b884a02bc49/variant-groups","statusCode":201,"duration":1,"error":"Bad Request Exception"}[39m
[33m[Nest] 7956  - [39m07/28/2026, 6:11:33 PM [33m   WARN[39m [38;5;3m[HttpExceptionFilter] [39m[33m[17135dcb57b454ec2a5cedf1a8a53235] POST /api/v1/restaurants/2f6c03d8-1a79-4857-99da-2b884a02bc49/variant-groups - 400 - ["name must be longer than or equal to 1 characters"][39m
[31m[Nest] 7956  - [39m07/28/2026, 6:11:33 PM [31m  ERROR[39m [38;5;3m[AuditLog] [39m[31mRequest failed: {"userId":"8b2a1c25-d9ef-4951-b42a-68170223840f","tenantId":"b1d42223-be69-4abe-a585-ac191b47a4f0","method":"POST","path":"/api/v1/restaurants/2f6c03d8-1a79-4857-99da-2b884a02bc49/products/bae1fa3c-ec2b-45e3-b0a7-a5ede2431520/variants","statusCode":201,"duration":1,"error":"Bad Request Exception"}[39m
[33m[Nest] 7956  - [39m07/28/2026, 6:11:33 PM [33m   WARN[39m [38;5;3m[HttpExceptionFilter] [39m[33m[99a57a88ac1117ee0b7c07dbe72aa969] POST /api/v1/restaurants/2f6c03d8-1a79-4857-99da-2b884a02bc49/products/bae1fa3c-ec2b-45e3-b0a7-a5ede2431520/variants - 400 - ["name must be longer than or equal to 1 characters","price must not be less than 0","price must be a number conforming to the specified constraints"][39m
[31m[Nest] 7956  - [39m07/28/2026, 6:11:33 PM [31m  ERROR[39m [38;5;3m[AuditLog] [39m[31mRequest failed: {"userId":"8b2a1c25-d9ef-4951-b42a-68170223840f","tenantId":"b1d42223-be69-4abe-a585-ac191b47a4f0","method":"POST","path":"/api/v1/restaurants/2f6c03d8-1a79-4857-99da-2b884a02bc49/modifier-groups","statusCode":201,"duration":1,"error":"Bad Request Exception"}[39m
[33m[Nest] 7956  - [39m07/28/2026, 6:11:33 PM [33m   WARN[39m [38;5;3m[HttpExceptionFilter] [39m[33m[cee458867f6dd822b1dbfc08500d6ed5] POST /api/v1/restaurants/2f6c03d8-1a79-4857-99da-2b884a02bc49/modifier-groups - 400 - ["name must be longer than or equal to 1 characters"][39m
[31m[Nest] 7956  - [39m07/28/2026, 6:11:33 PM [31m  ERROR[39m [38;5;3m[AuditLog] [39m[31mRequest failed: {"userId":"8b2a1c25-d9ef-4951-b42a-68170223840f","tenantId":"b1d42223-be69-4abe-a585-ac191b47a4f0","method":"POST","path":"/api/v1/restaurants/2f6c03d8-1a79-4857-99da-2b884a02bc49/modifier-groups/7037949e-cd8c-4af4-a669-e9e23f724b2c/modifiers","statusCode":201,"duration":1,"error":"Bad Request Exception"}[39m
[33m[Nest] 7956  - [39m07/28/2026, 6:11:33 PM [33m   WARN[39m [38;5;3m[HttpExceptionFilter] [39m[33m[ed366c0df2f75cc8dadce1fa593da226] POST /api/v1/restaurants/2f6c03d8-1a79-4857-99da-2b884a02bc49/modifier-groups/7037949e-cd8c-4af4-a669-e9e23f724b2c/modifiers - 400 - ["name must be longer than or equal to 1 characters","price must not be less than 0","price must be a number conforming to the specified constraints"][39m
[95m[Nest] 7956  - [39m07/28/2026, 6:11:33 PM [95m  DEBUG[39m [38;5;3m[AuditLogsService] [39m[95mSkipping audit log for USER_LOGOUT_ALL_DEVICES on User: no tenant context[39m
[31m[Nest] 7956  - [39m07/28/2026, 6:11:33 PM [31m  ERROR[39m [38;5;3m[AuditLog] [39m[31mRequest failed: {"userId":"cf741a05-1024-43b7-83f8-72239d241a1d","tenantId":"ea6d074b-be7b-499e-86bc-4e954786ae48","method":"POST","path":"/api/v1/restaurants/b33e1194-a252-4757-acd9-63efb2ad79d1/tags","statusCode":201,"duration":9,"error":"A tag with this slug already exists"}[39m
[33m[Nest] 7956  - [39m07/28/2026, 6:11:33 PM [33m   WARN[39m [38;5;3m[HttpExceptionFilter] [39m[33m[98fcc8a8a8a5eeb07c1e61a2f3ac1ce7] POST /api/v1/restaurants/b33e1194-a252-4757-acd9-63efb2ad79d1/tags - 409 - "A tag with this slug already exists"[39m
[31m[Nest] 7956  - [39m07/28/2026, 6:11:33 PM [31m  ERROR[39m [38;5;3m[AuditLog] [39m[31mRequest failed: {"method":"POST","path":"/api/v1/auth/register","statusCode":201,"duration":1,"error":"Bad Request Exception"}[39m
[33m[Nest] 7956  - [39m07/28/2026, 6:11:33 PM [33m   WARN[39m [38;5;3m[HttpExceptionFilter] [39m[33m[7f92af62a6c8dc0294625167df6dfd57] POST /api/v1/auth/register - 400 - ["email must be an email","Password must contain at least one uppercase letter, one lowercase letter, and one number","Password must not exceed 128 characters","Password must be at least 8 characters","password must be a string","firstName must be shorter than or equal to 100 characters","First name is required","firstName must be a string","lastName must be shorter than or equal to 100 characters","Last name is required","lastName must be a string"][39m
[31m[Nest] 7956  - [39m07/28/2026, 6:11:33 PM [31m  ERROR[39m [38;5;3m[AuditLog] [39m[31mRequest failed: {"method":"POST","path":"/api/v1/auth/register","statusCode":201,"duration":1,"error":"Bad Request Exception"}[39m
[33m[Nest] 7956  - [39m07/28/2026, 6:11:33 PM [33m   WARN[39m [38;5;3m[HttpExceptionFilter] [39m[33m[9c266b0ed4c073603f4934c332263d86] POST /api/v1/auth/register - 400 - ["Password must contain at least one uppercase letter, one lowercase letter, and one number","Password must be at least 8 characters","firstName must be shorter than or equal to 100 characters","First name is required","firstName must be a string","lastName must be shorter than or equal to 100 characters","Last name is required","lastName must be a string"][39m
[31m[Nest] 7956  - [39m07/28/2026, 6:11:33 PM [31m  ERROR[39m [38;5;3m[AuditLog] [39m[31mRequest failed: {"method":"POST","path":"/api/v1/auth/register","statusCode":201,"duration":0,"error":"Bad Request Exception"}[39m
[33m[Nest] 7956  - [39m07/28/2026, 6:11:33 PM [33m   WARN[39m [38;5;3m[HttpExceptionFilter] [39m[33m[5c0a4ae99d26f84ea1a4b7002e8a2aff] POST /api/v1/auth/register - 400 - ["email must be an email","Password must contain at least one uppercase letter, one lowercase letter, and one number","Password must not exceed 128 characters","Password must be at least 8 characters","password must be a string","firstName must be shorter than or equal to 100 characters","First name is required","firstName must be a string","lastName must be shorter than or equal to 100 characters","Last name is required","lastName must be a string"][39m
[33m[Nest] 7956  - [39m07/28/2026, 6:11:33 PM [33m   WARN[39m [38;5;3m[HttpExceptionFilter] [39m[33m[8ad7f628c1585d0e418be6991e1f45ff] GET /api/v1/sessions - 401 - "Invalid or expired token"[39m
[33m[Nest] 7956  - [39m07/28/2026, 6:11:33 PM [33m   WARN[39m [38;5;3m[HttpExceptionFilter] [39m[33m[6fb959ba44c883792e072082b3c33976] GET /api/v1/sessions - 401 - "Invalid or expired token"[39m
[33m[Nest] 7956  - [39m07/28/2026, 6:11:33 PM [33m   WARN[39m [38;5;3m[HttpExceptionFilter] [39m[33m[9ed1721939db6ea01aaf564b24ff7680] GET /api/v1/tenants - 403 - "Insufficient permissions"[39m
[31m[Nest] 7956  - [39m07/28/2026, 6:11:33 PM [31m  ERROR[39m [38;5;3m[AuditLog] [39m[31mRequest failed: {"userId":"cf741a05-1024-43b7-83f8-72239d241a1d","tenantId":"ea6d074b-be7b-499e-86bc-4e954786ae48","method":"POST","path":"/api/v1/restaurants/b33e1194-a252-4757-acd9-63efb2ad79d1/tags","statusCode":201,"duration":0,"error":"Bad Request Exception"}[39m
[33m[Nest] 7956  - [39m07/28/2026, 6:11:33 PM [33m   WARN[39m [38;5;3m[HttpExceptionFilter] [39m[33m[b372a1f376fa01a520f576ab5ddc302e] POST /api/v1/restaurants/b33e1194-a252-4757-acd9-63efb2ad79d1/tags - 400 - ["name must be longer than or equal to 1 characters"][39m
[31m[Nest] 7956  - [39m07/28/2026, 6:11:34 PM [31m  ERROR[39m [38;5;3m[AuditLog] [39m[31mRequest failed: {"userId":"cf741a05-1024-43b7-83f8-72239d241a1d","tenantId":"ea6d074b-be7b-499e-86bc-4e954786ae48","method":"POST","path":"/api/v1/restaurants/b33e1194-a252-4757-acd9-63efb2ad79d1/allergens","statusCode":201,"duration":6,"error":"An allergen with this slug already exists"}[39m
[33m[Nest] 7956  - [39m07/28/2026, 6:11:34 PM [33m   WARN[39m [38;5;3m[HttpExceptionFilter] [39m[33m[059c3e5143ea19a0be329e88e7073311] POST /api/v1/restaurants/b33e1194-a252-4757-acd9-63efb2ad79d1/allergens - 409 - "An allergen with this slug already exists"[39m
[31m[Nest] 7956  - [39m07/28/2026, 6:11:34 PM [31m  ERROR[39m [38;5;3m[AuditLog] [39m[31mRequest failed: {"userId":"cf741a05-1024-43b7-83f8-72239d241a1d","tenantId":"ea6d074b-be7b-499e-86bc-4e954786ae48","method":"POST","path":"/api/v1/restaurants/b33e1194-a252-4757-acd9-63efb2ad79d1/allergens","statusCode":201,"duration":1,"error":"Bad Request Exception"}[39m
[33m[Nest] 7956  - [39m07/28/2026, 6:11:34 PM [33m   WARN[39m [38;5;3m[HttpExceptionFilter] [39m[33m[48a1c7406e6dbfbe38372f4bfa0ade60] POST /api/v1/restaurants/b33e1194-a252-4757-acd9-63efb2ad79d1/allergens - 400 - ["name must be longer than or equal to 1 characters"][39m
[31m[Nest] 7956  - [39m07/28/2026, 6:11:34 PM [31m  ERROR[39m [38;5;3m[AuditLog] [39m[31mRequest failed: {"userId":"cf741a05-1024-43b7-83f8-72239d241a1d","tenantId":"ea6d074b-be7b-499e-86bc-4e954786ae48","method":"GET","path":"/api/v1/restaurants/b33e1194-a252-4757-acd9-63efb2ad79d1/products/1c699392-8881-4407-9fe1-3465fb9a725a/nutrition","statusCode":200,"duration":2,"error":"Nutritional info not found for this product"}[39m
[33m[Nest] 7956  - [39m07/28/2026, 6:11:34 PM [33m   WARN[39m [38;5;3m[HttpExceptionFilter] [39m[33m[52a2754eabedec59ccad1cda530ef110] GET /api/v1/restaurants/b33e1194-a252-4757-acd9-63efb2ad79d1/products/1c699392-8881-4407-9fe1-3465fb9a725a/nutrition - 404 - "Nutritional info not found for this product"[39m
[33m[Nest] 7956  - [39m07/28/2026, 6:11:34 PM [33m   WARN[39m [38;5;3m[HttpExceptionFilter] [39m[33m[30e6cd171adc49c4cd26930ca875f174] POST /api/v1/users - 403 - "Insufficient permissions"[39m
[33m[Nest] 7956  - [39m07/28/2026, 6:11:34 PM [33m   WARN[39m [38;5;3m[HttpExceptionFilter] [39m[33m[6efb129ed06f59f536b68292f12926a3] POST /api/v1/invitations - 403 - "Insufficient permissions"[39m
[31m[Nest] 7956  - [39m07/28/2026, 6:11:34 PM [31m  ERROR[39m [38;5;3m[AuditLog] [39m[31mRequest failed: {"userId":"b08cc086-22c8-44ae-8599-3c15e10e1b36","tenantId":"ed9f99a2-f66a-4d34-93eb-549da042396f","method":"POST","path":"/api/v1/restaurants/82105be3-2e5c-495a-b67f-5d22b0a4266b/business-hours","statusCode":201,"duration":0,"error":"Bad Request Exception"}[39m
[33m[Nest] 7956  - [39m07/28/2026, 6:11:34 PM [33m   WARN[39m [38;5;3m[HttpExceptionFilter] [39m[33m[221e13e5f122050d31627ddf24498984] POST /api/v1/restaurants/82105be3-2e5c-495a-b67f-5d22b0a4266b/business-hours - 400 - ["openTime must be HH:MM (24h)"][39m
[31m[Nest] 7956  - [39m07/28/2026, 6:11:35 PM [31m  ERROR[39m [38;5;3m[AuditLog] [39m[31mRequest failed: {"userId":"b696a5eb-9a4e-49ad-9889-eb8869abb683","tenantId":"c2273958-e1a2-40f2-bbdc-0f04dd572a03","method":"GET","path":"/api/v1/restaurants/82105be3-2e5c-495a-b67f-5d22b0a4266b/business-hours","statusCode":200,"duration":2,"error":"Restaurant not found"}[39m
[33m[Nest] 7956  - [39m07/28/2026, 6:11:35 PM [33m   WARN[39m [38;5;3m[HttpExceptionFilter] [39m[33m[72d6d5bf9d3f532853bea1b727565a16] GET /api/v1/restaurants/82105be3-2e5c-495a-b67f-5d22b0a4266b/business-hours - 404 - "Restaurant not found"[39m
[31m[Nest] 7956  - [39m07/28/2026, 6:11:35 PM [31m  ERROR[39m [38;5;3m[AuditLog] [39m[31mRequest failed: {"userId":"b696a5eb-9a4e-49ad-9889-eb8869abb683","tenantId":"c2273958-e1a2-40f2-bbdc-0f04dd572a03","method":"GET","path":"/api/v1/restaurants/82105be3-2e5c-495a-b67f-5d22b0a4266b/business-exceptions","statusCode":200,"duration":2,"error":"Restaurant not found"}[39m
[33m[Nest] 7956  - [39m07/28/2026, 6:11:35 PM [33m   WARN[39m [38;5;3m[HttpExceptionFilter] [39m[33m[fecb5bb70c321e4bf6cf033a8f54f77c] GET /api/v1/restaurants/82105be3-2e5c-495a-b67f-5d22b0a4266b/business-exceptions - 404 - "Restaurant not found"[39m
[31m[Nest] 7956  - [39m07/28/2026, 6:11:35 PM [31m  ERROR[39m [38;5;3m[AuditLog] [39m[31mRequest failed: {"userId":"b696a5eb-9a4e-49ad-9889-eb8869abb683","tenantId":"c2273958-e1a2-40f2-bbdc-0f04dd572a03","method":"GET","path":"/api/v1/restaurants/82105be3-2e5c-495a-b67f-5d22b0a4266b/settings","statusCode":200,"duration":1,"error":"Restaurant not found"}[39m
[33m[Nest] 7956  - [39m07/28/2026, 6:11:35 PM [33m   WARN[39m [38;5;3m[HttpExceptionFilter] [39m[33m[4cfa46d1448a949d8ada9f639a83550c] GET /api/v1/restaurants/82105be3-2e5c-495a-b67f-5d22b0a4266b/settings - 404 - "Restaurant not found"[39m
[31m[Nest] 7956  - [39m07/28/2026, 6:11:41 PM [31m  ERROR[39m [38;5;3m[AuditLog] [39m[31mRequest failed: {"userId":"2ccb7a21-1101-4b2c-aae3-4176c91a85a0","tenantId":"60638e25-3b9f-4372-b081-cf025b085fc6","method":"POST","path":"/api/v1/restaurants/6ea1b3c8-3a69-4908-8946-06a3f211a9a0/tax-rates","statusCode":201,"duration":6,"error":"A tax rate with this name already exists"}[39m
[33m[Nest] 7956  - [39m07/28/2026, 6:11:41 PM [33m   WARN[39m [38;5;3m[HttpExceptionFilter] [39m[33m[1793e8c041f9adb43ac32e833b717379] POST /api/v1/restaurants/6ea1b3c8-3a69-4908-8946-06a3f211a9a0/tax-rates - 409 - "A tax rate with this name already exists"[39m
[31m[Nest] 7956  - [39m07/28/2026, 6:11:41 PM [31m  ERROR[39m [38;5;3m[AuditLog] [39m[31mRequest failed: {"userId":"2ccb7a21-1101-4b2c-aae3-4176c91a85a0","tenantId":"60638e25-3b9f-4372-b081-cf025b085fc6","method":"POST","path":"/api/v1/restaurants/6ea1b3c8-3a69-4908-8946-06a3f211a9a0/tax-rates","statusCode":201,"duration":1,"error":"Bad Request Exception"}[39m
[33m[Nest] 7956  - [39m07/28/2026, 6:11:41 PM [33m   WARN[39m [38;5;3m[HttpExceptionFilter] [39m[33m[548fec2a91edc41496e6fdb7ede64d6c] POST /api/v1/restaurants/6ea1b3c8-3a69-4908-8946-06a3f211a9a0/tax-rates - 400 - ["name must be longer than or equal to 1 characters"][39m
[31m[Nest] 7956  - [39m07/28/2026, 6:11:41 PM [31m  ERROR[39m [38;5;3m[AuditLog] [39m[31mRequest failed: {"userId":"2ccb7a21-1101-4b2c-aae3-4176c91a85a0","tenantId":"60638e25-3b9f-4372-b081-cf025b085fc6","method":"POST","path":"/api/v1/restaurants/6ea1b3c8-3a69-4908-8946-06a3f211a9a0/service-charges","statusCode":201,"duration":5,"error":"A service charge with this name already exists"}[39m
[33m[Nest] 7956  - [39m07/28/2026, 6:11:41 PM [33m   WARN[39m [38;5;3m[HttpExceptionFilter] [39m[33m[709810a86025e103f3854bc2c70fe6f8] POST /api/v1/restaurants/6ea1b3c8-3a69-4908-8946-06a3f211a9a0/service-charges - 409 - "A service charge with this name already exists"[39m
[31m[Nest] 7956  - [39m07/28/2026, 6:11:41 PM [31m  ERROR[39m [38;5;3m[AuditLog] [39m[31mRequest failed: {"userId":"2ccb7a21-1101-4b2c-aae3-4176c91a85a0","tenantId":"60638e25-3b9f-4372-b081-cf025b085fc6","method":"POST","path":"/api/v1/restaurants/6ea1b3c8-3a69-4908-8946-06a3f211a9a0/service-charges","statusCode":201,"duration":0,"error":"Bad Request Exception"}[39m
[33m[Nest] 7956  - [39m07/28/2026, 6:11:41 PM [33m   WARN[39m [38;5;3m[HttpExceptionFilter] [39m[33m[f7f56bdd9ae75448035c06cbae2f9446] POST /api/v1/restaurants/6ea1b3c8-3a69-4908-8946-06a3f211a9a0/service-charges - 400 - ["name must be longer than or equal to 1 characters"][39m
[31m[Nest] 7956  - [39m07/28/2026, 6:11:41 PM [31m  ERROR[39m [38;5;3m[AuditLog] [39m[31mRequest failed: {"userId":"2ccb7a21-1101-4b2c-aae3-4176c91a85a0","tenantId":"60638e25-3b9f-4372-b081-cf025b085fc6","method":"POST","path":"/api/v1/units","statusCode":201,"duration":3,"error":"A unit with this name already exists"}[39m
[33m[Nest] 7956  - [39m07/28/2026, 6:11:41 PM [33m   WARN[39m [38;5;3m[HttpExceptionFilter] [39m[33m[ec7ecf84933f605f99dcbd6312f89e40] POST /api/v1/units - 409 - "A unit with this name already exists"[39m
[31m[Nest] 7956  - [39m07/28/2026, 6:11:41 PM [31m  ERROR[39m [38;5;3m[AuditLog] [39m[31mRequest failed: {"userId":"2ccb7a21-1101-4b2c-aae3-4176c91a85a0","tenantId":"60638e25-3b9f-4372-b081-cf025b085fc6","method":"POST","path":"/api/v1/units","statusCode":201,"duration":1,"error":"Bad Request Exception"}[39m
[33m[Nest] 7956  - [39m07/28/2026, 6:11:41 PM [33m   WARN[39m [38;5;3m[HttpExceptionFilter] [39m[33m[132a160b51e2f07ac5919f90e7e0a93c] POST /api/v1/units - 400 - ["name must be longer than or equal to 1 characters","abbreviation must be longer than or equal to 1 characters","type must be one of the following values: WEIGHT, VOLUME, COUNT, LENGTH"][39m
[31m[Nest] 7956  - [39m07/28/2026, 6:11:42 PM [31m  ERROR[39m [38;5;3m[AuditLog] [39m[31mRequest failed: {"userId":"4fd257e6-4fe7-4ee0-ad57-de97b9981ace","tenantId":"7ee1721b-b1f0-41e4-8005-d5d6b498fcfd","method":"GET","path":"/api/v1/restaurants/6ea1b3c8-3a69-4908-8946-06a3f211a9a0/tax-rates","statusCode":200,"duration":2,"error":"Restaurant not found"}[39m
[33m[Nest] 7956  - [39m07/28/2026, 6:11:42 PM [33m   WARN[39m [38;5;3m[HttpExceptionFilter] [39m[33m[bc796033d583a676fcdba237f6d03ddf] GET /api/v1/restaurants/6ea1b3c8-3a69-4908-8946-06a3f211a9a0/tax-rates - 404 - "Restaurant not found"[39m
[31m[Nest] 7956  - [39m07/28/2026, 6:11:42 PM [31m  ERROR[39m [38;5;3m[AuditLog] [39m[31mRequest failed: {"userId":"4fd257e6-4fe7-4ee0-ad57-de97b9981ace","tenantId":"7ee1721b-b1f0-41e4-8005-d5d6b498fcfd","method":"GET","path":"/api/v1/restaurants/6ea1b3c8-3a69-4908-8946-06a3f211a9a0/service-charges","statusCode":200,"duration":2,"error":"Restaurant not found"}[39m
[33m[Nest] 7956  - [39m07/28/2026, 6:11:42 PM [33m   WARN[39m [38;5;3m[HttpExceptionFilter] [39m[33m[540a75d9fca4202383a6ab91faff695d] GET /api/v1/restaurants/6ea1b3c8-3a69-4908-8946-06a3f211a9a0/service-charges - 404 - "Restaurant not found"[39m
[31m[Nest] 7956  - [39m07/28/2026, 6:11:42 PM [31m  ERROR[39m [38;5;3m[AuditLog] [39m[31mRequest failed: {"userId":"7dd19ea3-1e2a-4b9d-b30f-36864052c8c4","tenantId":"5214b6b3-0cb2-44e1-bcf0-2bc62eb0108b","method":"POST","path":"/api/v1/ingredients","statusCode":201,"duration":3,"error":"An ingredient with this name already exists"}[39m
[33m[Nest] 7956  - [39m07/28/2026, 6:11:42 PM [33m   WARN[39m [38;5;3m[HttpExceptionFilter] [39m[33m[167822c408ef961655b46e3fa03fb9ff] POST /api/v1/ingredients - 409 - "An ingredient with this name already exists"[39m
[31m[Nest] 7956  - [39m07/28/2026, 6:11:42 PM [31m  ERROR[39m [38;5;3m[AuditLog] [39m[31mRequest failed: {"userId":"7dd19ea3-1e2a-4b9d-b30f-36864052c8c4","tenantId":"5214b6b3-0cb2-44e1-bcf0-2bc62eb0108b","method":"POST","path":"/api/v1/ingredients","statusCode":201,"duration":1,"error":"Bad Request Exception"}[39m
[33m[Nest] 7956  - [39m07/28/2026, 6:11:42 PM [33m   WARN[39m [38;5;3m[HttpExceptionFilter] [39m[33m[33e72cede88f37112b992f43656c94e1] POST /api/v1/ingredients - 400 - ["name must be longer than or equal to 1 characters","unit must be longer than or equal to 1 characters"][39m
[31m[Nest] 7956  - [39m07/28/2026, 6:11:42 PM [31m  ERROR[39m [38;5;3m[AuditLog] [39m[31mRequest failed: {"userId":"7dd19ea3-1e2a-4b9d-b30f-36864052c8c4","tenantId":"5214b6b3-0cb2-44e1-bcf0-2bc62eb0108b","method":"POST","path":"/api/v1/suppliers","statusCode":201,"duration":3,"error":"A supplier with this name already exists"}[39m
[33m[Nest] 7956  - [39m07/28/2026, 6:11:42 PM [33m   WARN[39m [38;5;3m[HttpExceptionFilter] [39m[33m[ced87d205aaa3744838d3a776698ea0f] POST /api/v1/suppliers - 409 - "A supplier with this name already exists"[39m
[31m[Nest] 7956  - [39m07/28/2026, 6:11:42 PM [31m  ERROR[39m [38;5;3m[AuditLog] [39m[31mRequest failed: {"userId":"7dd19ea3-1e2a-4b9d-b30f-36864052c8c4","tenantId":"5214b6b3-0cb2-44e1-bcf0-2bc62eb0108b","method":"POST","path":"/api/v1/suppliers","statusCode":201,"duration":0,"error":"Bad Request Exception"}[39m
[33m[Nest] 7956  - [39m07/28/2026, 6:11:42 PM [33m   WARN[39m [38;5;3m[HttpExceptionFilter] [39m[33m[9b7646525e2c756e709be20da6730b0b] POST /api/v1/suppliers - 400 - ["name must be longer than or equal to 1 characters","email must be an email"][39m
[31m[Nest] 7956  - [39m07/28/2026, 6:11:42 PM [31m  ERROR[39m [38;5;3m[AuditLog] [39m[31mRequest failed: {"userId":"7dd19ea3-1e2a-4b9d-b30f-36864052c8c4","tenantId":"5214b6b3-0cb2-44e1-bcf0-2bc62eb0108b","method":"POST","path":"/api/v1/restaurants/828e4f00-7b87-4ad1-9628-5eac978aee85/product-ingredients","statusCode":201,"duration":6,"error":"This ingredient is already linked to this product"}[39m
[33m[Nest] 7956  - [39m07/28/2026, 6:11:42 PM [33m   WARN[39m [38;5;3m[HttpExceptionFilter] [39m[33m[7d167c6d1f0a8ed5792458a5fcbacc19] POST /api/v1/restaurants/828e4f00-7b87-4ad1-9628-5eac978aee85/product-ingredients - 409 - "This ingredient is already linked to this product"[39m
[31m[Nest] 7956  - [39m07/28/2026, 6:11:43 PM [31m  ERROR[39m [38;5;3m[AuditLog] [39m[31mRequest failed: {"userId":"43bb9204-0463-49e4-9c64-d8283bf02791","tenantId":"9472e6d0-9537-4cc5-8c85-497052995d99","method":"GET","path":"/api/v1/restaurants/828e4f00-7b87-4ad1-9628-5eac978aee85/usage/orders/count","statusCode":200,"duration":2,"error":"Restaurant not found"}[39m
[33m[Nest] 7956  - [39m07/28/2026, 6:11:43 PM [33m   WARN[39m [38;5;3m[HttpExceptionFilter] [39m[33m[db30c640d3f9d7c8262f9868e0cd6b00] GET /api/v1/restaurants/828e4f00-7b87-4ad1-9628-5eac978aee85/usage/orders/count - 404 - "Restaurant not found"[39m
[31m[Nest] 7956  - [39m07/28/2026, 6:11:43 PM [31m  ERROR[39m [38;5;3m[AuditLog] [39m[31mRequest failed: {"method":"POST","path":"/api/v1/auth/login","statusCode":200,"duration":217,"error":"Invalid email or password"}[39m
[33m[Nest] 7956  - [39m07/28/2026, 6:11:43 PM [33m   WARN[39m [38;5;3m[HttpExceptionFilter] [39m[33m[3ab79bee300cf5d8425f1f68f9839d29] POST /api/v1/auth/login - 401 - "Invalid email or password"[39m
[31m[Nest] 7956  - [39m07/28/2026, 6:11:43 PM [31m  ERROR[39m [38;5;3m[AuditLog] [39m[31mRequest failed: {"method":"POST","path":"/api/v1/auth/login","statusCode":200,"duration":211,"error":"Invalid email or password"}[39m
[33m[Nest] 7956  - [39m07/28/2026, 6:11:43 PM [33m   WARN[39m [38;5;3m[HttpExceptionFilter] [39m[33m[c4a252510ab8f4286fc16cd11163e5f6] POST /api/v1/auth/login - 401 - "Invalid email or password"[39m
[31m[Nest] 7956  - [39m07/28/2026, 6:11:43 PM [31m  ERROR[39m [38;5;3m[AuditLog] [39m[31mRequest failed: {"method":"POST","path":"/api/v1/auth/login","statusCode":200,"duration":212,"error":"Invalid email or password"}[39m
[33m[Nest] 7956  - [39m07/28/2026, 6:11:43 PM [33m   WARN[39m [38;5;3m[HttpExceptionFilter] [39m[33m[f02675035a8ae87751d1b8894debe44f] POST /api/v1/auth/login - 401 - "Invalid email or password"[39m
[31m[Nest] 7956  - [39m07/28/2026, 6:11:44 PM [31m  ERROR[39m [38;5;3m[AuditLog] [39m[31mRequest failed: {"method":"POST","path":"/api/v1/auth/login","statusCode":200,"duration":210,"error":"Invalid email or password"}[39m
[33m[Nest] 7956  - [39m07/28/2026, 6:11:44 PM [33m   WARN[39m [38;5;3m[HttpExceptionFilter] [39m[33m[953c1e97e9869f387b9d7f76539b9d07] POST /api/v1/auth/login - 401 - "Invalid email or password"[39m
[31m[Nest] 7956  - [39m07/28/2026, 6:11:44 PM [31m  ERROR[39m [38;5;3m[AuditLog] [39m[31mRequest failed: {"method":"POST","path":"/api/v1/auth/login","statusCode":200,"duration":211,"error":"Account locked due to 5 failed attempts. Try again in 15 minute(s)."}[39m
[33m[Nest] 7956  - [39m07/28/2026, 6:11:44 PM [33m   WARN[39m [38;5;3m[HttpExceptionFilter] [39m[33m[752abf7098be8f04c60487e61c91422d] POST /api/v1/auth/login - 401 - "Account locked due to 5 failed attempts. Try again in 15 minute(s)."[39m
[31m[Nest] 7956  - [39m07/28/2026, 6:11:44 PM [31m  ERROR[39m [38;5;3m[AuditLog] [39m[31mRequest failed: {"method":"POST","path":"/api/v1/auth/login","statusCode":200,"duration":5,"error":"Account is locked. Try again in 15 minute(s)."}[39m
[33m[Nest] 7956  - [39m07/28/2026, 6:11:44 PM [33m   WARN[39m [38;5;3m[HttpExceptionFilter] [39m[33m[f5fc5eba06cd4ba6cc2445a50b3916f2] POST /api/v1/auth/login - 401 - "Account is locked. Try again in 15 minute(s)."[39m
[31m[Nest] 7956  - [39m07/28/2026, 6:11:45 PM [31m  ERROR[39m [38;5;3m[AuditLog] [39m[31mRequest failed: {"userId":"b95632dc-9941-44b1-a839-a6bdca177528","tenantId":"5266a372-3764-435d-ab5b-299ee38660cf","method":"GET","path":"/api/v1/restaurants/1378cee9-5ca6-4f82-8156-bea73f694f9e","statusCode":200,"duration":2,"error":"Restaurant not found"}[39m
[33m[Nest] 7956  - [39m07/28/2026, 6:11:45 PM [33m   WARN[39m [38;5;3m[HttpExceptionFilter] [39m[33m[c781fa68513f86f9c2cc3b178f458be2] GET /api/v1/restaurants/1378cee9-5ca6-4f82-8156-bea73f694f9e - 404 - "Restaurant not found"[39m
[31m[Nest] 7956  - [39m07/28/2026, 6:11:46 PM [31m  ERROR[39m [38;5;3m[AuditLog] [39m[31mRequest failed: {"userId":"b95632dc-9941-44b1-a839-a6bdca177528","tenantId":"5266a372-3764-435d-ab5b-299ee38660cf","method":"PUT","path":"/api/v1/ingredients/d4fa3a03-c208-41da-af03-069ca7183910","statusCode":200,"duration":2,"error":"Ingredient not found"}[39m
[33m[Nest] 7956  - [39m07/28/2026, 6:11:46 PM [33m   WARN[39m [38;5;3m[HttpExceptionFilter] [39m[33m[c9067b41dde3d843dd418d2b7cdd9da0] PUT /api/v1/ingredients/d4fa3a03-c208-41da-af03-069ca7183910 - 404 - "Ingredient not found"[39m
[31m[Nest] 7956  - [39m07/28/2026, 6:11:46 PM [31m  ERROR[39m [38;5;3m[AuditLog] [39m[31mRequest failed: {"userId":"b95632dc-9941-44b1-a839-a6bdca177528","tenantId":"5266a372-3764-435d-ab5b-299ee38660cf","method":"DELETE","path":"/api/v1/suppliers/8ce19fcc-4a87-492e-a808-f18ebf926846","statusCode":200,"duration":1,"error":"Supplier not found"}[39m
[33m[Nest] 7956  - [39m07/28/2026, 6:11:46 PM [33m   WARN[39m [38;5;3m[HttpExceptionFilter] [39m[33m[c22bb0e58d496aaf8bbb9b1c31d89269] DELETE /api/v1/suppliers/8ce19fcc-4a87-492e-a808-f18ebf926846 - 404 - "Supplier not found"[39m
[31m[Nest] 7956  - [39m07/28/2026, 6:11:46 PM [31m  ERROR[39m [38;5;3m[AuditLog] [39m[31mRequest failed: {"userId":"b95632dc-9941-44b1-a839-a6bdca177528","tenantId":"5266a372-3764-435d-ab5b-299ee38660cf","method":"GET","path":"/api/v1/restaurants/1378cee9-5ca6-4f82-8156-bea73f694f9e/usage/orders/count","statusCode":200,"duration":2,"error":"Restaurant not found"}[39m
[33m[Nest] 7956  - [39m07/28/2026, 6:11:46 PM [33m   WARN[39m [38;5;3m[HttpExceptionFilter] [39m[33m[80e613a0a32a2c72446b431b2e3ccfa2] GET /api/v1/restaurants/1378cee9-5ca6-4f82-8156-bea73f694f9e/usage/orders/count - 404 - "Restaurant not found"[39m
[31m[Nest] 7956  - [39m07/28/2026, 6:11:46 PM [31m  ERROR[39m [38;5;3m[AuditLog] [39m[31mRequest failed: {"userId":"b95632dc-9941-44b1-a839-a6bdca177528","tenantId":"5266a372-3764-435d-ab5b-299ee38660cf","method":"GET","path":"/api/v1/restaurants/1378cee9-5ca6-4f82-8156-bea73f694f9e/tax-rates","statusCode":200,"duration":2,"error":"Restaurant not found"}[39m
[33m[Nest] 7956  - [39m07/28/2026, 6:11:46 PM [33m   WARN[39m [38;5;3m[HttpExceptionFilter] [39m[33m[909fda2f03ed30545280d0cdad91f715] GET /api/v1/restaurants/1378cee9-5ca6-4f82-8156-bea73f694f9e/tax-rates - 404 - "Restaurant not found"[39m
[31m[Nest] 7956  - [39m07/28/2026, 6:11:46 PM [31m  ERROR[39m [38;5;3m[AuditLog] [39m[31mRequest failed: {"userId":"b95632dc-9941-44b1-a839-a6bdca177528","tenantId":"5266a372-3764-435d-ab5b-299ee38660cf","method":"GET","path":"/api/v1/restaurants/1378cee9-5ca6-4f82-8156-bea73f694f9e/business-hours","statusCode":200,"duration":2,"error":"Restaurant not found"}[39m
[33m[Nest] 7956  - [39m07/28/2026, 6:11:46 PM [33m   WARN[39m [38;5;3m[HttpExceptionFilter] [39m[33m[866179e81146925737aef68b61fddcfa] GET /api/v1/restaurants/1378cee9-5ca6-4f82-8156-bea73f694f9e/business-hours - 404 - "Restaurant not found"[39m
[31m[Nest] 7956  - [39m07/28/2026, 6:11:46 PM [31m  ERROR[39m [38;5;3m[AuditLog] [39m[31mRequest failed: {"userId":"b95632dc-9941-44b1-a839-a6bdca177528","tenantId":"5266a372-3764-435d-ab5b-299ee38660cf","method":"GET","path":"/api/v1/restaurants/1378cee9-5ca6-4f82-8156-bea73f694f9e/settings","statusCode":200,"duration":2,"error":"Restaurant not found"}[39m
[33m[Nest] 7956  - [39m07/28/2026, 6:11:46 PM [33m   WARN[39m [38;5;3m[HttpExceptionFilter] [39m[33m[1a5a9aba853afed6579737d3862d7e19] GET /api/v1/restaurants/1378cee9-5ca6-4f82-8156-bea73f694f9e/settings - 404 - "Restaurant not found"[39m
[95m[Nest] 7956  - [39m07/28/2026, 6:11:46 PM [95m  DEBUG[39m [38;5;3m[AuditLogsService] [39m[95mSkipping audit log for USER_REGISTERED on User: no tenant context[39m
[95m[Nest] 7956  - [39m07/28/2026, 6:11:46 PM [95m  DEBUG[39m [38;5;3m[AuditLogsService] [39m[95mSkipping audit log for USER_LOGIN on User: no tenant context[39m
[33m[Nest] 7956  - [39m07/28/2026, 6:11:46 PM [33m   WARN[39m [38;5;3m[HttpExceptionFilter] [39m[33m[2172d18ec095f3b008df70cae5c2b95a] POST /api/v1/users - 403 - "Insufficient permissions"[39m
[33m[Nest] 7956  - [39m07/28/2026, 6:11:46 PM [33m   WARN[39m [38;5;3m[HttpExceptionFilter] [39m[33m[bb60899c013f41fbe56af9e82b5d78f9] POST /api/v1/invitations - 403 - "Insufficient permissions"[39m
[33m[Nest] 7956  - [39m07/28/2026, 6:11:46 PM [33m   WARN[39m [38;5;3m[TenantGuard] [39m[33mUser 0a56c79b-8e93-400a-b87e-f7fe92b41f4a with role STAFF attempted access without tenant context[39m
[33m[Nest] 7956  - [39m07/28/2026, 6:11:46 PM [33m   WARN[39m [38;5;3m[HttpExceptionFilter] [39m[33m[881b3bf86834ea0cf2b8938c58d2984c] GET /api/v1/users - 403 - "No tenant context available"[39m
[33m[Nest] 7956  - [39m07/28/2026, 6:11:46 PM [33m   WARN[39m [38;5;3m[HttpExceptionFilter] [39m[33m[798d0d15879087de7f282dce4ea3bf2a] GET /api/v1/users - 401 - "Invalid or expired token"[39m
[33m[Nest] 7956  - [39m07/28/2026, 6:11:46 PM [33m   WARN[39m [38;5;3m[HttpExceptionFilter] [39m[33m[4e8c810f1f117b33975bf41f2cd13d93] GET /api/v1/users - 401 - "Invalid or expired token"[39m
[33m[Nest] 7956  - [39m07/28/2026, 6:11:46 PM [33m   WARN[39m [38;5;3m[HttpExceptionFilter] [39m[33m[cdc5e3ecb3fc7e5734f8185900f4dcc0] GET /api/v1/tenants - 403 - "Insufficient permissions"[39m
[31m[Nest] 7956  - [39m07/28/2026, 6:11:46 PM [31m  ERROR[39m [38;5;3m[AuditLog] [39m[31mRequest failed: {"method":"POST","path":"/api/v1/auth/register","statusCode":201,"duration":1,"error":"Bad Request Exception"}[39m
[33m[Nest] 7956  - [39m07/28/2026, 6:11:46 PM [33m   WARN[39m [38;5;3m[HttpExceptionFilter] [39m[33m[5d21c8ca917dead6053e91ef716d67ae] POST /api/v1/auth/register - 400 - ["email must be an email"][39m
[31m[Nest] 7956  - [39m07/28/2026, 6:11:46 PM [31m  ERROR[39m [38;5;3m[AuditLog] [39m[31mRequest failed: {"method":"POST","path":"/api/v1/auth/register","statusCode":201,"duration":0,"error":"Bad Request Exception"}[39m
[33m[Nest] 7956  - [39m07/28/2026, 6:11:46 PM [33m   WARN[39m [38;5;3m[HttpExceptionFilter] [39m[33m[dca7cb3eeea34e135081609c87ff1500] POST /api/v1/auth/register - 400 - ["Password must contain at least one uppercase letter, one lowercase letter, and one number","Password must be at least 8 characters"][39m
[31m[Nest] 7956  - [39m07/28/2026, 6:11:46 PM [31m  ERROR[39m [38;5;3m[AuditLog] [39m[31mRequest failed: {"userId":"a42ecd26-fbd6-4a20-a69f-d1ed87504abe","tenantId":"be855c34-1325-4aa8-92af-b2664c10b0ed","method":"POST","path":"/api/v1/ingredients","statusCode":201,"duration":0,"error":"Bad Request Exception"}[39m
[33m[Nest] 7956  - [39m07/28/2026, 6:11:46 PM [33m   WARN[39m [38;5;3m[HttpExceptionFilter] [39m[33m[8cd0d9d5fa7aeab9b02bf9cbbc934f3e] POST /api/v1/ingredients - 400 - ["name must be longer than or equal to 1 characters","unit must be longer than or equal to 1 characters"][39m
[31m[Nest] 7956  - [39m07/28/2026, 6:11:46 PM [31m  ERROR[39m [38;5;3m[AuditLog] [39m[31mRequest failed: {"userId":"a42ecd26-fbd6-4a20-a69f-d1ed87504abe","tenantId":"be855c34-1325-4aa8-92af-b2664c10b0ed","method":"POST","path":"/api/v1/suppliers","statusCode":201,"duration":1,"error":"Bad Request Exception"}[39m
[33m[Nest] 7956  - [39m07/28/2026, 6:11:46 PM [33m   WARN[39m [38;5;3m[HttpExceptionFilter] [39m[33m[e78fa10c9dd57759fdb1cd062a3e7aae] POST /api/v1/suppliers - 400 - ["email must be an email"][39m
[31m[Nest] 7956  - [39m07/28/2026, 6:11:46 PM [31m  ERROR[39m [38;5;3m[AuditLog] [39m[31mRequest failed: {"userId":"a42ecd26-fbd6-4a20-a69f-d1ed87504abe","tenantId":"be855c34-1325-4aa8-92af-b2664c10b0ed","method":"POST","path":"/api/v1/restaurants","statusCode":201,"duration":2,"error":"A restaurant with this slug already exists"}[39m
[33m[Nest] 7956  - [39m07/28/2026, 6:11:46 PM [33m   WARN[39m [38;5;3m[HttpExceptionFilter] [39m[33m[d988cf48363a9ebc61ba1156ea62f0ed] POST /api/v1/restaurants - 409 - "A restaurant with this slug already exists"[39m
[31m[Nest] 7956  - [39m07/28/2026, 6:11:46 PM [31m  ERROR[39m [38;5;3m[AuditLog] [39m[31mRequest failed: {"method":"POST","path":"/api/v1/auth/refresh","statusCode":200,"duration":3,"error":"Invalid refresh token"}[39m
[33m[Nest] 7956  - [39m07/28/2026, 6:11:46 PM [33m   WARN[39m [38;5;3m[HttpExceptionFilter] [39m[33m[3e84ff29fc42d2bc6f21577fdab4738f] POST /api/v1/auth/refresh - 401 - "Invalid refresh token"[39m
[95m[Nest] 7956  - [39m07/28/2026, 6:11:47 PM [95m  DEBUG[39m [38;5;3m[AuditLogsService] [39m[95mSkipping audit log for USER_LOGOUT on User: no tenant context[39m
[31m[Nest] 7956  - [39m07/28/2026, 6:11:47 PM [31m  ERROR[39m [38;5;3m[AuditLog] [39m[31mRequest failed: {"userId":"9a606e18-e846-4f51-9bcc-5f47ae54fb05","tenantId":"5e6c0bc7-73b5-41f9-814c-25a43882fc3f","method":"POST","path":"/api/v1/auth/change-password","statusCode":200,"duration":210,"error":"New password must be different from current password"}[39m
[33m[Nest] 7956  - [39m07/28/2026, 6:11:47 PM [33m   WARN[39m [38;5;3m[HttpExceptionFilter] [39m[33m[ea1a3c6efd61d712f4ce57f1b909d594] POST /api/v1/auth/change-password - 400 - "New password must be different from current password"[39m
[31m[Nest] 7956  - [39m07/28/2026, 6:12:07 PM [31m  ERROR[39m [38;5;3m[AuditLog] [39m[31mRequest failed: {"userId":"2c4d1e8f-4141-4ee9-bed7-329e13ccbcb4","tenantId":"82ce5b6d-4c81-473b-a5ff-bb2626130509","method":"DELETE","path":"/api/v1/restaurants/f3802db6-f2d7-4d22-8763-99de34b863d6/menu-categories/add0e2a8-479f-4362-a63d-990b1fe2fbf2","statusCode":200,"duration":5,"error":"Cannot delete category with active products. Reassign products first."}[39m
[33m[Nest] 7956  - [39m07/28/2026, 6:12:07 PM [33m   WARN[39m [38;5;3m[HttpExceptionFilter] [39m[33m[3b89f3970c3040474d3cbd97ae60e037] DELETE /api/v1/restaurants/f3802db6-f2d7-4d22-8763-99de34b863d6/menu-categories/add0e2a8-479f-4362-a63d-990b1fe2fbf2 - 409 - "Cannot delete category with active products. Reassign products first."[39m
[31m[Nest] 7956  - [39m07/28/2026, 6:12:07 PM [31m  ERROR[39m [38;5;3m[AuditLog] [39m[31mRequest failed: {"userId":"2c4d1e8f-4141-4ee9-bed7-329e13ccbcb4","tenantId":"82ce5b6d-4c81-473b-a5ff-bb2626130509","method":"POST","path":"/api/v1/restaurants/f3802db6-f2d7-4d22-8763-99de34b863d6/products","statusCode":201,"duration":1,"error":"Bad Request Exception"}[39m
[33m[Nest] 7956  - [39m07/28/2026, 6:12:07 PM [33m   WARN[39m [38;5;3m[HttpExceptionFilter] [39m[33m[ff81a6271025b064c54c83b21f55ec05] POST /api/v1/restaurants/f3802db6-f2d7-4d22-8763-99de34b863d6/products - 400 - ["basePrice must not be less than 0","basePrice must be a number conforming to the specified constraints"][39m
