[32m[Nest] 13684  - [39m07/28/2026, 6:35:15 PM [32m    LOG[39m [38;5;3m[NestFactory] [39m[32mStarting Nest application...[39m
[32m[Nest] 13684  - [39m07/28/2026, 6:35:15 PM [32m    LOG[39m [38;5;3m[InstanceLoader] [39m[32mPrismaModule dependencies initialized[39m[38;5;3m +32ms[39m
[32m[Nest] 13684  - [39m07/28/2026, 6:35:15 PM [32m    LOG[39m [38;5;3m[InstanceLoader] [39m[32mDomainEventModule dependencies initialized[39m[38;5;3m +0ms[39m
[32m[Nest] 13684  - [39m07/28/2026, 6:35:15 PM [32m    LOG[39m [38;5;3m[InstanceLoader] [39m[32mPassportModule dependencies initialized[39m[38;5;3m +0ms[39m
[32m[Nest] 13684  - [39m07/28/2026, 6:35:15 PM [32m    LOG[39m [38;5;3m[InstanceLoader] [39m[32mConfigHostModule dependencies initialized[39m[38;5;3m +9ms[39m
[32m[Nest] 13684  - [39m07/28/2026, 6:35:15 PM [32m    LOG[39m [38;5;3m[InstanceLoader] [39m[32mDiscoveryModule dependencies initialized[39m[38;5;3m +0ms[39m
[32m[Nest] 13684  - [39m07/28/2026, 6:35:15 PM [32m    LOG[39m [38;5;3m[InstanceLoader] [39m[32mConfigModule dependencies initialized[39m[38;5;3m +2ms[39m
[32m[Nest] 13684  - [39m07/28/2026, 6:35:15 PM [32m    LOG[39m [38;5;3m[InstanceLoader] [39m[32mConfigModule dependencies initialized[39m[38;5;3m +0ms[39m
[32m[Nest] 13684  - [39m07/28/2026, 6:35:15 PM [32m    LOG[39m [38;5;3m[InstanceLoader] [39m[32mScheduleModule dependencies initialized[39m[38;5;3m +0ms[39m
[32m[Nest] 13684  - [39m07/28/2026, 6:35:15 PM [32m    LOG[39m [38;5;3m[InstanceLoader] [39m[32mEventEmitterModule dependencies initialized[39m[38;5;3m +0ms[39m
[32m[Nest] 13684  - [39m07/28/2026, 6:35:15 PM [32m    LOG[39m [38;5;3m[InstanceLoader] [39m[32mTerminusModule dependencies initialized[39m[38;5;3m +0ms[39m
[32m[Nest] 13684  - [39m07/28/2026, 6:35:15 PM [32m    LOG[39m [38;5;3m[InstanceLoader] [39m[32mRedisModule dependencies initialized[39m[38;5;3m +2ms[39m
[32m[Nest] 13684  - [39m07/28/2026, 6:35:15 PM [32m    LOG[39m [38;5;3m[InstanceLoader] [39m[32mAuditLogsModule dependencies initialized[39m[38;5;3m +0ms[39m
[32m[Nest] 13684  - [39m07/28/2026, 6:35:15 PM [32m    LOG[39m [38;5;3m[InstanceLoader] [39m[32mCommonModule dependencies initialized[39m[38;5;3m +1ms[39m
[32m[Nest] 13684  - [39m07/28/2026, 6:35:15 PM [32m    LOG[39m [38;5;3m[InstanceLoader] [39m[32mSchedulerModule dependencies initialized[39m[38;5;3m +0ms[39m
[32m[Nest] 13684  - [39m07/28/2026, 6:35:15 PM [32m    LOG[39m [38;5;3m[InstanceLoader] [39m[32mThrottlerModule dependencies initialized[39m[38;5;3m +0ms[39m
[32m[Nest] 13684  - [39m07/28/2026, 6:35:15 PM [32m    LOG[39m [38;5;3m[InstanceLoader] [39m[32mJwtModule dependencies initialized[39m[38;5;3m +0ms[39m
[32m[Nest] 13684  - [39m07/28/2026, 6:35:15 PM [32m    LOG[39m [38;5;3m[InstanceLoader] [39m[32mTenantsModule dependencies initialized[39m[38;5;3m +0ms[39m
[32m[Nest] 13684  - [39m07/28/2026, 6:35:15 PM [32m    LOG[39m [38;5;3m[InstanceLoader] [39m[32mUsersModule dependencies initialized[39m[38;5;3m +0ms[39m
[32m[Nest] 13684  - [39m07/28/2026, 6:35:15 PM [32m    LOG[39m [38;5;3m[InstanceLoader] [39m[32mVariantGroupsModule dependencies initialized[39m[38;5;3m +0ms[39m
[32m[Nest] 13684  - [39m07/28/2026, 6:35:15 PM [32m    LOG[39m [38;5;3m[InstanceLoader] [39m[32mProductVariantsModule dependencies initialized[39m[38;5;3m +0ms[39m
[32m[Nest] 13684  - [39m07/28/2026, 6:35:15 PM [32m    LOG[39m [38;5;3m[InstanceLoader] [39m[32mModifierGroupsModule dependencies initialized[39m[38;5;3m +0ms[39m
[32m[Nest] 13684  - [39m07/28/2026, 6:35:15 PM [32m    LOG[39m [38;5;3m[InstanceLoader] [39m[32mModifiersModule dependencies initialized[39m[38;5;3m +0ms[39m
[32m[Nest] 13684  - [39m07/28/2026, 6:35:15 PM [32m    LOG[39m [38;5;3m[InstanceLoader] [39m[32mProductTagsModule dependencies initialized[39m[38;5;3m +0ms[39m
[32m[Nest] 13684  - [39m07/28/2026, 6:35:15 PM [32m    LOG[39m [38;5;3m[InstanceLoader] [39m[32mAllergensModule dependencies initialized[39m[38;5;3m +0ms[39m
[32m[Nest] 13684  - [39m07/28/2026, 6:35:15 PM [32m    LOG[39m [38;5;3m[InstanceLoader] [39m[32mNutritionModule dependencies initialized[39m[38;5;3m +0ms[39m
[32m[Nest] 13684  - [39m07/28/2026, 6:35:15 PM [32m    LOG[39m [38;5;3m[InstanceLoader] [39m[32mBusinessHoursModule dependencies initialized[39m[38;5;3m +0ms[39m
[32m[Nest] 13684  - [39m07/28/2026, 6:35:15 PM [32m    LOG[39m [38;5;3m[InstanceLoader] [39m[32mBusinessExceptionsModule dependencies initialized[39m[38;5;3m +0ms[39m
[32m[Nest] 13684  - [39m07/28/2026, 6:35:15 PM [32m    LOG[39m [38;5;3m[InstanceLoader] [39m[32mRestaurantSettingsModule dependencies initialized[39m[38;5;3m +0ms[39m
[32m[Nest] 13684  - [39m07/28/2026, 6:35:15 PM [32m    LOG[39m [38;5;3m[InstanceLoader] [39m[32mBranchSettingsModule dependencies initialized[39m[38;5;3m +0ms[39m
[32m[Nest] 13684  - [39m07/28/2026, 6:35:15 PM [32m    LOG[39m [38;5;3m[InstanceLoader] [39m[32mTaxRatesModule dependencies initialized[39m[38;5;3m +0ms[39m
[32m[Nest] 13684  - [39m07/28/2026, 6:35:15 PM [32m    LOG[39m [38;5;3m[InstanceLoader] [39m[32mServiceChargesModule dependencies initialized[39m[38;5;3m +0ms[39m
[32m[Nest] 13684  - [39m07/28/2026, 6:35:15 PM [32m    LOG[39m [38;5;3m[InstanceLoader] [39m[32mUnitsModule dependencies initialized[39m[38;5;3m +0ms[39m
[32m[Nest] 13684  - [39m07/28/2026, 6:35:15 PM [32m    LOG[39m [38;5;3m[InstanceLoader] [39m[32mIngredientsModule dependencies initialized[39m[38;5;3m +0ms[39m
[32m[Nest] 13684  - [39m07/28/2026, 6:35:15 PM [32m    LOG[39m [38;5;3m[InstanceLoader] [39m[32mSuppliersModule dependencies initialized[39m[38;5;3m +0ms[39m
[32m[Nest] 13684  - [39m07/28/2026, 6:35:15 PM [32m    LOG[39m [38;5;3m[InstanceLoader] [39m[32mProductIngredientsModule dependencies initialized[39m[38;5;3m +0ms[39m
[32m[Nest] 13684  - [39m07/28/2026, 6:35:15 PM [32m    LOG[39m [38;5;3m[InstanceLoader] [39m[32mRestaurantsModule dependencies initialized[39m[38;5;3m +0ms[39m
[32m[Nest] 13684  - [39m07/28/2026, 6:35:15 PM [32m    LOG[39m [38;5;3m[InstanceLoader] [39m[32mBranchesModule dependencies initialized[39m[38;5;3m +0ms[39m
[32m[Nest] 13684  - [39m07/28/2026, 6:35:15 PM [32m    LOG[39m [38;5;3m[InstanceLoader] [39m[32mFloorsModule dependencies initialized[39m[38;5;3m +0ms[39m
[32m[Nest] 13684  - [39m07/28/2026, 6:35:15 PM [32m    LOG[39m [38;5;3m[InstanceLoader] [39m[32mDiningAreasModule dependencies initialized[39m[38;5;3m +0ms[39m
[32m[Nest] 13684  - [39m07/28/2026, 6:35:15 PM [32m    LOG[39m [38;5;3m[InstanceLoader] [39m[32mTablesModule dependencies initialized[39m[38;5;3m +0ms[39m
[32m[Nest] 13684  - [39m07/28/2026, 6:35:15 PM [32m    LOG[39m [38;5;3m[InstanceLoader] [39m[32mProductImagesModule dependencies initialized[39m[38;5;3m +0ms[39m
[32m[Nest] 13684  - [39m07/28/2026, 6:35:15 PM [32m    LOG[39m [38;5;3m[InstanceLoader] [39m[32mProductAvailabilityModule dependencies initialized[39m[38;5;3m +0ms[39m
[32m[Nest] 13684  - [39m07/28/2026, 6:35:15 PM [32m    LOG[39m [38;5;3m[InstanceLoader] [39m[32mSessionsModule dependencies initialized[39m[38;5;3m +1ms[39m
[32m[Nest] 13684  - [39m07/28/2026, 6:35:15 PM [32m    LOG[39m [38;5;3m[InstanceLoader] [39m[32mInvitationsModule dependencies initialized[39m[38;5;3m +0ms[39m
[32m[Nest] 13684  - [39m07/28/2026, 6:35:15 PM [32m    LOG[39m [38;5;3m[InstanceLoader] [39m[32mQueueModule dependencies initialized[39m[38;5;3m +0ms[39m
[32m[Nest] 13684  - [39m07/28/2026, 6:35:15 PM [32m    LOG[39m [38;5;3m[InstanceLoader] [39m[32mUsageModule dependencies initialized[39m[38;5;3m +0ms[39m
[32m[Nest] 13684  - [39m07/28/2026, 6:35:15 PM [32m    LOG[39m [38;5;3m[InstanceLoader] [39m[32mHealthModule dependencies initialized[39m[38;5;3m +0ms[39m
[32m[Nest] 13684  - [39m07/28/2026, 6:35:15 PM [32m    LOG[39m [38;5;3m[InstanceLoader] [39m[32mMenuCategoriesModule dependencies initialized[39m[38;5;3m +0ms[39m
[32m[Nest] 13684  - [39m07/28/2026, 6:35:15 PM [32m    LOG[39m [38;5;3m[InstanceLoader] [39m[32mProductsModule dependencies initialized[39m[38;5;3m +0ms[39m
[32m[Nest] 13684  - [39m07/28/2026, 6:35:15 PM [32m    LOG[39m [38;5;3m[InstanceLoader] [39m[32mAuthModule dependencies initialized[39m[38;5;3m +0ms[39m
[32m[Nest] 13684  - [39m07/28/2026, 6:35:15 PM [32m    LOG[39m [38;5;3m[InstanceLoader] [39m[32mAppModule dependencies initialized[39m[38;5;3m +0ms[39m
[33m[Nest] 13684  - [39m07/28/2026, 6:35:15 PM [33m   WARN[39m [38;5;3m[LegacyRouteConverter] [39m[33mUnsupported route path: "/api/*". In previous versions, the symbols ?, *, and + were used to denote optional or repeating path parameters. The latest version of "path-to-regexp" now requires the use of named parameters. For example, instead of using a route like /users/* to capture all routes starting with "/users", you should use /users/*path. For more details, refer to the migration guide. Attempting to auto-convert to "/api/{*path}"...[39m
[32m[Nest] 13684  - [39m07/28/2026, 6:35:15 PM [32m    LOG[39m [38;5;3m[RoutesResolver] [39m[32mHealthController {/api/health} (version: 1):[39m[38;5;3m +1ms[39m
[32m[Nest] 13684  - [39m07/28/2026, 6:35:15 PM [32m    LOG[39m [38;5;3m[RouterExplorer] [39m[32mMapped {/api/health, GET} (version: 1) route[39m[38;5;3m +2ms[39m
[32m[Nest] 13684  - [39m07/28/2026, 6:35:15 PM [32m    LOG[39m [38;5;3m[RoutesResolver] [39m[32mAuthController {/api/auth} (version: 1):[39m[38;5;3m +0ms[39m
[32m[Nest] 13684  - [39m07/28/2026, 6:35:15 PM [32m    LOG[39m [38;5;3m[RouterExplorer] [39m[32mMapped {/api/auth/register, POST} (version: 1) route[39m[38;5;3m +0ms[39m
[32m[Nest] 13684  - [39m07/28/2026, 6:35:15 PM [32m    LOG[39m [38;5;3m[RouterExplorer] [39m[32mMapped {/api/auth/login, POST} (version: 1) route[39m[38;5;3m +1ms[39m
[32m[Nest] 13684  - [39m07/28/2026, 6:35:15 PM [32m    LOG[39m [38;5;3m[RouterExplorer] [39m[32mMapped {/api/auth/refresh, POST} (version: 1) route[39m[38;5;3m +0ms[39m
[32m[Nest] 13684  - [39m07/28/2026, 6:35:15 PM [32m    LOG[39m [38;5;3m[RouterExplorer] [39m[32mMapped {/api/auth/logout, POST} (version: 1) route[39m[38;5;3m +0ms[39m
[32m[Nest] 13684  - [39m07/28/2026, 6:35:15 PM [32m    LOG[39m [38;5;3m[RouterExplorer] [39m[32mMapped {/api/auth/logout-all, POST} (version: 1) route[39m[38;5;3m +0ms[39m
[32m[Nest] 13684  - [39m07/28/2026, 6:35:15 PM [32m    LOG[39m [38;5;3m[RouterExplorer] [39m[32mMapped {/api/auth/forgot-password, POST} (version: 1) route[39m[38;5;3m +0ms[39m
[32m[Nest] 13684  - [39m07/28/2026, 6:35:15 PM [32m    LOG[39m [38;5;3m[RouterExplorer] [39m[32mMapped {/api/auth/reset-password, POST} (version: 1) route[39m[38;5;3m +1ms[39m
[32m[Nest] 13684  - [39m07/28/2026, 6:35:15 PM [32m    LOG[39m [38;5;3m[RouterExplorer] [39m[32mMapped {/api/auth/change-password, POST} (version: 1) route[39m[38;5;3m +0ms[39m
[32m[Nest] 13684  - [39m07/28/2026, 6:35:15 PM [32m    LOG[39m [38;5;3m[RouterExplorer] [39m[32mMapped {/api/auth/verify-email/:token, GET} (version: 1) route[39m[38;5;3m +0ms[39m
[32m[Nest] 13684  - [39m07/28/2026, 6:35:15 PM [32m    LOG[39m [38;5;3m[RouterExplorer] [39m[32mMapped {/api/auth/resend-verification, POST} (version: 1) route[39m[38;5;3m +1ms[39m
[32m[Nest] 13684  - [39m07/28/2026, 6:35:15 PM [32m    LOG[39m [38;5;3m[RoutesResolver] [39m[32mAuditLogsController {/api/audit-logs} (version: 1):[39m[38;5;3m +0ms[39m
[32m[Nest] 13684  - [39m07/28/2026, 6:35:15 PM [32m    LOG[39m [38;5;3m[RouterExplorer] [39m[32mMapped {/api/audit-logs, GET} (version: 1) route[39m[38;5;3m +0ms[39m
[32m[Nest] 13684  - [39m07/28/2026, 6:35:15 PM [32m    LOG[39m [38;5;3m[RoutesResolver] [39m[32mTenantsController {/api/tenants} (version: 1):[39m[38;5;3m +0ms[39m
[32m[Nest] 13684  - [39m07/28/2026, 6:35:15 PM [32m    LOG[39m [38;5;3m[RouterExplorer] [39m[32mMapped {/api/tenants, POST} (version: 1) route[39m[38;5;3m +0ms[39m
[32m[Nest] 13684  - [39m07/28/2026, 6:35:15 PM [32m    LOG[39m [38;5;3m[RouterExplorer] [39m[32mMapped {/api/tenants, GET} (version: 1) route[39m[38;5;3m +0ms[39m
[32m[Nest] 13684  - [39m07/28/2026, 6:35:15 PM [32m    LOG[39m [38;5;3m[RouterExplorer] [39m[32mMapped {/api/tenants/:id, GET} (version: 1) route[39m[38;5;3m +0ms[39m
[32m[Nest] 13684  - [39m07/28/2026, 6:35:15 PM [32m    LOG[39m [38;5;3m[RouterExplorer] [39m[32mMapped {/api/tenants/:id, PUT} (version: 1) route[39m[38;5;3m +0ms[39m
[32m[Nest] 13684  - [39m07/28/2026, 6:35:15 PM [32m    LOG[39m [38;5;3m[RouterExplorer] [39m[32mMapped {/api/tenants/:id, DELETE} (version: 1) route[39m[38;5;3m +1ms[39m
[32m[Nest] 13684  - [39m07/28/2026, 6:35:15 PM [32m    LOG[39m [38;5;3m[RouterExplorer] [39m[32mMapped {/api/tenants/:id/restore, POST} (version: 1) route[39m[38;5;3m +0ms[39m
[32m[Nest] 13684  - [39m07/28/2026, 6:35:15 PM [32m    LOG[39m [38;5;3m[RoutesResolver] [39m[32mUsersController {/api/users} (version: 1):[39m[38;5;3m +0ms[39m
[32m[Nest] 13684  - [39m07/28/2026, 6:35:15 PM [32m    LOG[39m [38;5;3m[RouterExplorer] [39m[32mMapped {/api/users, POST} (version: 1) route[39m[38;5;3m +0ms[39m
[32m[Nest] 13684  - [39m07/28/2026, 6:35:15 PM [32m    LOG[39m [38;5;3m[RouterExplorer] [39m[32mMapped {/api/users, GET} (version: 1) route[39m[38;5;3m +0ms[39m
[32m[Nest] 13684  - [39m07/28/2026, 6:35:15 PM [32m    LOG[39m [38;5;3m[RouterExplorer] [39m[32mMapped {/api/users/:id, GET} (version: 1) route[39m[38;5;3m +0ms[39m
[32m[Nest] 13684  - [39m07/28/2026, 6:35:15 PM [32m    LOG[39m [38;5;3m[RouterExplorer] [39m[32mMapped {/api/users/:id, PUT} (version: 1) route[39m[38;5;3m +0ms[39m
[32m[Nest] 13684  - [39m07/28/2026, 6:35:15 PM [32m    LOG[39m [38;5;3m[RouterExplorer] [39m[32mMapped {/api/users/:id, DELETE} (version: 1) route[39m[38;5;3m +1ms[39m
[32m[Nest] 13684  - [39m07/28/2026, 6:35:15 PM [32m    LOG[39m [38;5;3m[RouterExplorer] [39m[32mMapped {/api/users/:id/restore, POST} (version: 1) route[39m[38;5;3m +0ms[39m
[32m[Nest] 13684  - [39m07/28/2026, 6:35:15 PM [32m    LOG[39m [38;5;3m[RoutesResolver] [39m[32mSessionsController {/api/sessions} (version: 1):[39m[38;5;3m +0ms[39m
[32m[Nest] 13684  - [39m07/28/2026, 6:35:15 PM [32m    LOG[39m [38;5;3m[RouterExplorer] [39m[32mMapped {/api/sessions, GET} (version: 1) route[39m[38;5;3m +0ms[39m
[32m[Nest] 13684  - [39m07/28/2026, 6:35:15 PM [32m    LOG[39m [38;5;3m[RouterExplorer] [39m[32mMapped {/api/sessions/:id, DELETE} (version: 1) route[39m[38;5;3m +0ms[39m
[32m[Nest] 13684  - [39m07/28/2026, 6:35:15 PM [32m    LOG[39m [38;5;3m[RouterExplorer] [39m[32mMapped {/api/sessions/revoke-all, POST} (version: 1) route[39m[38;5;3m +0ms[39m
[32m[Nest] 13684  - [39m07/28/2026, 6:35:15 PM [32m    LOG[39m [38;5;3m[RoutesResolver] [39m[32mInvitationsController {/api/invitations} (version: 1):[39m[38;5;3m +0ms[39m
[32m[Nest] 13684  - [39m07/28/2026, 6:35:15 PM [32m    LOG[39m [38;5;3m[RouterExplorer] [39m[32mMapped {/api/invitations, POST} (version: 1) route[39m[38;5;3m +0ms[39m
[32m[Nest] 13684  - [39m07/28/2026, 6:35:15 PM [32m    LOG[39m [38;5;3m[RouterExplorer] [39m[32mMapped {/api/invitations, GET} (version: 1) route[39m[38;5;3m +1ms[39m
[32m[Nest] 13684  - [39m07/28/2026, 6:35:15 PM [32m    LOG[39m [38;5;3m[RouterExplorer] [39m[32mMapped {/api/invitations/token/:token, GET} (version: 1) route[39m[38;5;3m +0ms[39m
[32m[Nest] 13684  - [39m07/28/2026, 6:35:15 PM [32m    LOG[39m [38;5;3m[RouterExplorer] [39m[32mMapped {/api/invitations/accept, POST} (version: 1) route[39m[38;5;3m +0ms[39m
[32m[Nest] 13684  - [39m07/28/2026, 6:35:15 PM [32m    LOG[39m [38;5;3m[RouterExplorer] [39m[32mMapped {/api/invitations/:id/revoke, POST} (version: 1) route[39m[38;5;3m +1ms[39m
[32m[Nest] 13684  - [39m07/28/2026, 6:35:15 PM [32m    LOG[39m [38;5;3m[RoutesResolver] [39m[32mRestaurantsController {/api/restaurants} (version: 1):[39m[38;5;3m +0ms[39m
[32m[Nest] 13684  - [39m07/28/2026, 6:35:15 PM [32m    LOG[39m [38;5;3m[RouterExplorer] [39m[32mMapped {/api/restaurants, POST} (version: 1) route[39m[38;5;3m +0ms[39m
[32m[Nest] 13684  - [39m07/28/2026, 6:35:15 PM [32m    LOG[39m [38;5;3m[RouterExplorer] [39m[32mMapped {/api/restaurants, GET} (version: 1) route[39m[38;5;3m +0ms[39m
[32m[Nest] 13684  - [39m07/28/2026, 6:35:15 PM [32m    LOG[39m [38;5;3m[RouterExplorer] [39m[32mMapped {/api/restaurants/:id, GET} (version: 1) route[39m[38;5;3m +1ms[39m
[32m[Nest] 13684  - [39m07/28/2026, 6:35:15 PM [32m    LOG[39m [38;5;3m[RouterExplorer] [39m[32mMapped {/api/restaurants/:id, PUT} (version: 1) route[39m[38;5;3m +0ms[39m
[32m[Nest] 13684  - [39m07/28/2026, 6:35:15 PM [32m    LOG[39m [38;5;3m[RouterExplorer] [39m[32mMapped {/api/restaurants/:id, DELETE} (version: 1) route[39m[38;5;3m +0ms[39m
[32m[Nest] 13684  - [39m07/28/2026, 6:35:15 PM [32m    LOG[39m [38;5;3m[RouterExplorer] [39m[32mMapped {/api/restaurants/:id/restore, POST} (version: 1) route[39m[38;5;3m +0ms[39m
[32m[Nest] 13684  - [39m07/28/2026, 6:35:15 PM [32m    LOG[39m [38;5;3m[RoutesResolver] [39m[32mBranchesController {/api/restaurants/:restaurantId/branches} (version: 1):[39m[38;5;3m +0ms[39m
[32m[Nest] 13684  - [39m07/28/2026, 6:35:15 PM [32m    LOG[39m [38;5;3m[RouterExplorer] [39m[32mMapped {/api/restaurants/:restaurantId/branches, POST} (version: 1) route[39m[38;5;3m +0ms[39m
[32m[Nest] 13684  - [39m07/28/2026, 6:35:15 PM [32m    LOG[39m [38;5;3m[RouterExplorer] [39m[32mMapped {/api/restaurants/:restaurantId/branches, GET} (version: 1) route[39m[38;5;3m +0ms[39m
[32m[Nest] 13684  - [39m07/28/2026, 6:35:15 PM [32m    LOG[39m [38;5;3m[RouterExplorer] [39m[32mMapped {/api/restaurants/:restaurantId/branches/:id, GET} (version: 1) route[39m[38;5;3m +0ms[39m
[32m[Nest] 13684  - [39m07/28/2026, 6:35:15 PM [32m    LOG[39m [38;5;3m[RouterExplorer] [39m[32mMapped {/api/restaurants/:restaurantId/branches/:id, PUT} (version: 1) route[39m[38;5;3m +1ms[39m
[32m[Nest] 13684  - [39m07/28/2026, 6:35:15 PM [32m    LOG[39m [38;5;3m[RouterExplorer] [39m[32mMapped {/api/restaurants/:restaurantId/branches/:id, DELETE} (version: 1) route[39m[38;5;3m +0ms[39m
[32m[Nest] 13684  - [39m07/28/2026, 6:35:15 PM [32m    LOG[39m [38;5;3m[RouterExplorer] [39m[32mMapped {/api/restaurants/:restaurantId/branches/:id/restore, POST} (version: 1) route[39m[38;5;3m +0ms[39m
[32m[Nest] 13684  - [39m07/28/2026, 6:35:15 PM [32m    LOG[39m [38;5;3m[RoutesResolver] [39m[32mFloorsController {/api/restaurants/:restaurantId/branches/:branchId/floors} (version: 1):[39m[38;5;3m +0ms[39m
[32m[Nest] 13684  - [39m07/28/2026, 6:35:15 PM [32m    LOG[39m [38;5;3m[RouterExplorer] [39m[32mMapped {/api/restaurants/:restaurantId/branches/:branchId/floors, POST} (version: 1) route[39m[38;5;3m +0ms[39m
[32m[Nest] 13684  - [39m07/28/2026, 6:35:15 PM [32m    LOG[39m [38;5;3m[RouterExplorer] [39m[32mMapped {/api/restaurants/:restaurantId/branches/:branchId/floors, GET} (version: 1) route[39m[38;5;3m +0ms[39m
[32m[Nest] 13684  - [39m07/28/2026, 6:35:15 PM [32m    LOG[39m [38;5;3m[RouterExplorer] [39m[32mMapped {/api/restaurants/:restaurantId/branches/:branchId/floors/:id, GET} (version: 1) route[39m[38;5;3m +0ms[39m
[32m[Nest] 13684  - [39m07/28/2026, 6:35:15 PM [32m    LOG[39m [38;5;3m[RouterExplorer] [39m[32mMapped {/api/restaurants/:restaurantId/branches/:branchId/floors/:id, PUT} (version: 1) route[39m[38;5;3m +1ms[39m
[32m[Nest] 13684  - [39m07/28/2026, 6:35:15 PM [32m    LOG[39m [38;5;3m[RouterExplorer] [39m[32mMapped {/api/restaurants/:restaurantId/branches/:branchId/floors/:id, DELETE} (version: 1) route[39m[38;5;3m +0ms[39m
[32m[Nest] 13684  - [39m07/28/2026, 6:35:15 PM [32m    LOG[39m [38;5;3m[RouterExplorer] [39m[32mMapped {/api/restaurants/:restaurantId/branches/:branchId/floors/:id/restore, POST} (version: 1) route[39m[38;5;3m +0ms[39m
[32m[Nest] 13684  - [39m07/28/2026, 6:35:15 PM [32m    LOG[39m [38;5;3m[RoutesResolver] [39m[32mDiningAreasController {/api/restaurants/:restaurantId/branches/:branchId/areas} (version: 1):[39m[38;5;3m +0ms[39m
[32m[Nest] 13684  - [39m07/28/2026, 6:35:15 PM [32m    LOG[39m [38;5;3m[RouterExplorer] [39m[32mMapped {/api/restaurants/:restaurantId/branches/:branchId/areas, POST} (version: 1) route[39m[38;5;3m +0ms[39m
[32m[Nest] 13684  - [39m07/28/2026, 6:35:15 PM [32m    LOG[39m [38;5;3m[RouterExplorer] [39m[32mMapped {/api/restaurants/:restaurantId/branches/:branchId/areas, GET} (version: 1) route[39m[38;5;3m +0ms[39m
[32m[Nest] 13684  - [39m07/28/2026, 6:35:15 PM [32m    LOG[39m [38;5;3m[RouterExplorer] [39m[32mMapped {/api/restaurants/:restaurantId/branches/:branchId/areas/:id, GET} (version: 1) route[39m[38;5;3m +0ms[39m
[32m[Nest] 13684  - [39m07/28/2026, 6:35:15 PM [32m    LOG[39m [38;5;3m[RouterExplorer] [39m[32mMapped {/api/restaurants/:restaurantId/branches/:branchId/areas/:id, PUT} (version: 1) route[39m[38;5;3m +0ms[39m
[32m[Nest] 13684  - [39m07/28/2026, 6:35:15 PM [32m    LOG[39m [38;5;3m[RouterExplorer] [39m[32mMapped {/api/restaurants/:restaurantId/branches/:branchId/areas/:id, DELETE} (version: 1) route[39m[38;5;3m +1ms[39m
[32m[Nest] 13684  - [39m07/28/2026, 6:35:15 PM [32m    LOG[39m [38;5;3m[RouterExplorer] [39m[32mMapped {/api/restaurants/:restaurantId/branches/:branchId/areas/:id/restore, POST} (version: 1) route[39m[38;5;3m +0ms[39m
[32m[Nest] 13684  - [39m07/28/2026, 6:35:15 PM [32m    LOG[39m [38;5;3m[RoutesResolver] [39m[32mTablesController {/api/restaurants/:restaurantId/branches/:branchId/tables} (version: 1):[39m[38;5;3m +0ms[39m
[32m[Nest] 13684  - [39m07/28/2026, 6:35:15 PM [32m    LOG[39m [38;5;3m[RouterExplorer] [39m[32mMapped {/api/restaurants/:restaurantId/branches/:branchId/tables, POST} (version: 1) route[39m[38;5;3m +0ms[39m
[32m[Nest] 13684  - [39m07/28/2026, 6:35:15 PM [32m    LOG[39m [38;5;3m[RouterExplorer] [39m[32mMapped {/api/restaurants/:restaurantId/branches/:branchId/tables, GET} (version: 1) route[39m[38;5;3m +0ms[39m
[32m[Nest] 13684  - [39m07/28/2026, 6:35:15 PM [32m    LOG[39m [38;5;3m[RouterExplorer] [39m[32mMapped {/api/restaurants/:restaurantId/branches/:branchId/tables/:id, GET} (version: 1) route[39m[38;5;3m +0ms[39m
[32m[Nest] 13684  - [39m07/28/2026, 6:35:15 PM [32m    LOG[39m [38;5;3m[RouterExplorer] [39m[32mMapped {/api/restaurants/:restaurantId/branches/:branchId/tables/:id, PUT} (version: 1) route[39m[38;5;3m +0ms[39m
[32m[Nest] 13684  - [39m07/28/2026, 6:35:15 PM [32m    LOG[39m [38;5;3m[RouterExplorer] [39m[32mMapped {/api/restaurants/:restaurantId/branches/:branchId/tables/:id/status, PUT} (version: 1) route[39m[38;5;3m +0ms[39m
[32m[Nest] 13684  - [39m07/28/2026, 6:35:15 PM [32m    LOG[39m [38;5;3m[RouterExplorer] [39m[32mMapped {/api/restaurants/:restaurantId/branches/:branchId/tables/:id/qr-regenerate, POST} (version: 1) route[39m[38;5;3m +0ms[39m
[32m[Nest] 13684  - [39m07/28/2026, 6:35:15 PM [32m    LOG[39m [38;5;3m[RouterExplorer] [39m[32mMapped {/api/restaurants/:restaurantId/branches/:branchId/tables/:id, DELETE} (version: 1) route[39m[38;5;3m +0ms[39m
[32m[Nest] 13684  - [39m07/28/2026, 6:35:15 PM [32m    LOG[39m [38;5;3m[RouterExplorer] [39m[32mMapped {/api/restaurants/:restaurantId/branches/:branchId/tables/:id/restore, POST} (version: 1) route[39m[38;5;3m +1ms[39m
[32m[Nest] 13684  - [39m07/28/2026, 6:35:15 PM [32m    LOG[39m [38;5;3m[RoutesResolver] [39m[32mMenuCategoriesController {/api/restaurants/:restaurantId/menu-categories} (version: 1):[39m[38;5;3m +0ms[39m
[32m[Nest] 13684  - [39m07/28/2026, 6:35:15 PM [32m    LOG[39m [38;5;3m[RouterExplorer] [39m[32mMapped {/api/restaurants/:restaurantId/menu-categories, POST} (version: 1) route[39m[38;5;3m +0ms[39m
[32m[Nest] 13684  - [39m07/28/2026, 6:35:15 PM [32m    LOG[39m [38;5;3m[RouterExplorer] [39m[32mMapped {/api/restaurants/:restaurantId/menu-categories, GET} (version: 1) route[39m[38;5;3m +0ms[39m
[32m[Nest] 13684  - [39m07/28/2026, 6:35:15 PM [32m    LOG[39m [38;5;3m[RouterExplorer] [39m[32mMapped {/api/restaurants/:restaurantId/menu-categories/:id, GET} (version: 1) route[39m[38;5;3m +0ms[39m
[32m[Nest] 13684  - [39m07/28/2026, 6:35:15 PM [32m    LOG[39m [38;5;3m[RouterExplorer] [39m[32mMapped {/api/restaurants/:restaurantId/menu-categories/:id, PUT} (version: 1) route[39m[38;5;3m +1ms[39m
[32m[Nest] 13684  - [39m07/28/2026, 6:35:15 PM [32m    LOG[39m [38;5;3m[RouterExplorer] [39m[32mMapped {/api/restaurants/:restaurantId/menu-categories/:id, DELETE} (version: 1) route[39m[38;5;3m +0ms[39m
[32m[Nest] 13684  - [39m07/28/2026, 6:35:15 PM [32m    LOG[39m [38;5;3m[RouterExplorer] [39m[32mMapped {/api/restaurants/:restaurantId/menu-categories/:id/restore, POST} (version: 1) route[39m[38;5;3m +0ms[39m
[32m[Nest] 13684  - [39m07/28/2026, 6:35:15 PM [32m    LOG[39m [38;5;3m[RoutesResolver] [39m[32mProductsController {/api/restaurants/:restaurantId/products} (version: 1):[39m[38;5;3m +0ms[39m
[32m[Nest] 13684  - [39m07/28/2026, 6:35:15 PM [32m    LOG[39m [38;5;3m[RouterExplorer] [39m[32mMapped {/api/restaurants/:restaurantId/products, POST} (version: 1) route[39m[38;5;3m +0ms[39m
[32m[Nest] 13684  - [39m07/28/2026, 6:35:15 PM [32m    LOG[39m [38;5;3m[RouterExplorer] [39m[32mMapped {/api/restaurants/:restaurantId/products, GET} (version: 1) route[39m[38;5;3m +0ms[39m
[32m[Nest] 13684  - [39m07/28/2026, 6:35:15 PM [32m    LOG[39m [38;5;3m[RouterExplorer] [39m[32mMapped {/api/restaurants/:restaurantId/products/:id, GET} (version: 1) route[39m[38;5;3m +0ms[39m
[32m[Nest] 13684  - [39m07/28/2026, 6:35:15 PM [32m    LOG[39m [38;5;3m[RouterExplorer] [39m[32mMapped {/api/restaurants/:restaurantId/products/:id, PUT} (version: 1) route[39m[38;5;3m +0ms[39m
[32m[Nest] 13684  - [39m07/28/2026, 6:35:15 PM [32m    LOG[39m [38;5;3m[RouterExplorer] [39m[32mMapped {/api/restaurants/:restaurantId/products/:id, DELETE} (version: 1) route[39m[38;5;3m +1ms[39m
[32m[Nest] 13684  - [39m07/28/2026, 6:35:15 PM [32m    LOG[39m [38;5;3m[RouterExplorer] [39m[32mMapped {/api/restaurants/:restaurantId/products/:id/restore, POST} (version: 1) route[39m[38;5;3m +0ms[39m
[32m[Nest] 13684  - [39m07/28/2026, 6:35:15 PM [32m    LOG[39m [38;5;3m[RoutesResolver] [39m[32mProductImagesController {/api/restaurants/:restaurantId/products/:productId/images} (version: 1):[39m[38;5;3m +0ms[39m
[32m[Nest] 13684  - [39m07/28/2026, 6:35:15 PM [32m    LOG[39m [38;5;3m[RouterExplorer] [39m[32mMapped {/api/restaurants/:restaurantId/products/:productId/images, POST} (version: 1) route[39m[38;5;3m +0ms[39m
[32m[Nest] 13684  - [39m07/28/2026, 6:35:15 PM [32m    LOG[39m [38;5;3m[RouterExplorer] [39m[32mMapped {/api/restaurants/:restaurantId/products/:productId/images, GET} (version: 1) route[39m[38;5;3m +0ms[39m
[32m[Nest] 13684  - [39m07/28/2026, 6:35:15 PM [32m    LOG[39m [38;5;3m[RouterExplorer] [39m[32mMapped {/api/restaurants/:restaurantId/products/:productId/images/:id, GET} (version: 1) route[39m[38;5;3m +0ms[39m
[32m[Nest] 13684  - [39m07/28/2026, 6:35:15 PM [32m    LOG[39m [38;5;3m[RouterExplorer] [39m[32mMapped {/api/restaurants/:restaurantId/products/:productId/images/:id, PUT} (version: 1) route[39m[38;5;3m +0ms[39m
[32m[Nest] 13684  - [39m07/28/2026, 6:35:15 PM [32m    LOG[39m [38;5;3m[RouterExplorer] [39m[32mMapped {/api/restaurants/:restaurantId/products/:productId/images/:id, DELETE} (version: 1) route[39m[38;5;3m +0ms[39m
[32m[Nest] 13684  - [39m07/28/2026, 6:35:15 PM [32m    LOG[39m [38;5;3m[RoutesResolver] [39m[32mProductAvailabilityController {/api/restaurants/:restaurantId/products/:productId/availability} (version: 1):[39m[38;5;3m +0ms[39m
[32m[Nest] 13684  - [39m07/28/2026, 6:35:15 PM [32m    LOG[39m [38;5;3m[RouterExplorer] [39m[32mMapped {/api/restaurants/:restaurantId/products/:productId/availability, POST} (version: 1) route[39m[38;5;3m +1ms[39m
[32m[Nest] 13684  - [39m07/28/2026, 6:35:15 PM [32m    LOG[39m [38;5;3m[RouterExplorer] [39m[32mMapped {/api/restaurants/:restaurantId/products/:productId/availability, GET} (version: 1) route[39m[38;5;3m +0ms[39m
[32m[Nest] 13684  - [39m07/28/2026, 6:35:15 PM [32m    LOG[39m [38;5;3m[RouterExplorer] [39m[32mMapped {/api/restaurants/:restaurantId/products/:productId/availability/:id, GET} (version: 1) route[39m[38;5;3m +0ms[39m
[32m[Nest] 13684  - [39m07/28/2026, 6:35:15 PM [32m    LOG[39m [38;5;3m[RouterExplorer] [39m[32mMapped {/api/restaurants/:restaurantId/products/:productId/availability/:id, PUT} (version: 1) route[39m[38;5;3m +0ms[39m
[32m[Nest] 13684  - [39m07/28/2026, 6:35:15 PM [32m    LOG[39m [38;5;3m[RouterExplorer] [39m[32mMapped {/api/restaurants/:restaurantId/products/:productId/availability/:id, DELETE} (version: 1) route[39m[38;5;3m +0ms[39m
[32m[Nest] 13684  - [39m07/28/2026, 6:35:15 PM [32m    LOG[39m [38;5;3m[RoutesResolver] [39m[32mVariantGroupsController {/api/restaurants/:restaurantId/variant-groups} (version: 1):[39m[38;5;3m +0ms[39m
[32m[Nest] 13684  - [39m07/28/2026, 6:35:15 PM [32m    LOG[39m [38;5;3m[RouterExplorer] [39m[32mMapped {/api/restaurants/:restaurantId/variant-groups, POST} (version: 1) route[39m[38;5;3m +0ms[39m
[32m[Nest] 13684  - [39m07/28/2026, 6:35:15 PM [32m    LOG[39m [38;5;3m[RouterExplorer] [39m[32mMapped {/api/restaurants/:restaurantId/variant-groups, GET} (version: 1) route[39m[38;5;3m +1ms[39m
[32m[Nest] 13684  - [39m07/28/2026, 6:35:15 PM [32m    LOG[39m [38;5;3m[RouterExplorer] [39m[32mMapped {/api/restaurants/:restaurantId/variant-groups/:id, GET} (version: 1) route[39m[38;5;3m +0ms[39m
[32m[Nest] 13684  - [39m07/28/2026, 6:35:15 PM [32m    LOG[39m [38;5;3m[RouterExplorer] [39m[32mMapped {/api/restaurants/:restaurantId/variant-groups/:id, PUT} (version: 1) route[39m[38;5;3m +0ms[39m
[32m[Nest] 13684  - [39m07/28/2026, 6:35:15 PM [32m    LOG[39m [38;5;3m[RouterExplorer] [39m[32mMapped {/api/restaurants/:restaurantId/variant-groups/:id, DELETE} (version: 1) route[39m[38;5;3m +0ms[39m
[32m[Nest] 13684  - [39m07/28/2026, 6:35:15 PM [32m    LOG[39m [38;5;3m[RouterExplorer] [39m[32mMapped {/api/restaurants/:restaurantId/variant-groups/:id/restore, POST} (version: 1) route[39m[38;5;3m +0ms[39m
[32m[Nest] 13684  - [39m07/28/2026, 6:35:15 PM [32m    LOG[39m [38;5;3m[RoutesResolver] [39m[32mProductVariantsController {/api/restaurants/:restaurantId/products/:productId/variants} (version: 1):[39m[38;5;3m +0ms[39m
[32m[Nest] 13684  - [39m07/28/2026, 6:35:15 PM [32m    LOG[39m [38;5;3m[RouterExplorer] [39m[32mMapped {/api/restaurants/:restaurantId/products/:productId/variants, POST} (version: 1) route[39m[38;5;3m +0ms[39m
[32m[Nest] 13684  - [39m07/28/2026, 6:35:15 PM [32m    LOG[39m [38;5;3m[RouterExplorer] [39m[32mMapped {/api/restaurants/:restaurantId/products/:productId/variants, GET} (version: 1) route[39m[38;5;3m +0ms[39m
[32m[Nest] 13684  - [39m07/28/2026, 6:35:15 PM [32m    LOG[39m [38;5;3m[RouterExplorer] [39m[32mMapped {/api/restaurants/:restaurantId/products/:productId/variants/:id, GET} (version: 1) route[39m[38;5;3m +0ms[39m
[32m[Nest] 13684  - [39m07/28/2026, 6:35:15 PM [32m    LOG[39m [38;5;3m[RouterExplorer] [39m[32mMapped {/api/restaurants/:restaurantId/products/:productId/variants/:id, PUT} (version: 1) route[39m[38;5;3m +1ms[39m
[32m[Nest] 13684  - [39m07/28/2026, 6:35:15 PM [32m    LOG[39m [38;5;3m[RouterExplorer] [39m[32mMapped {/api/restaurants/:restaurantId/products/:productId/variants/:id, DELETE} (version: 1) route[39m[38;5;3m +0ms[39m
[32m[Nest] 13684  - [39m07/28/2026, 6:35:15 PM [32m    LOG[39m [38;5;3m[RouterExplorer] [39m[32mMapped {/api/restaurants/:restaurantId/products/:productId/variants/:id/restore, POST} (version: 1) route[39m[38;5;3m +0ms[39m
[32m[Nest] 13684  - [39m07/28/2026, 6:35:15 PM [32m    LOG[39m [38;5;3m[RoutesResolver] [39m[32mModifierGroupsController {/api/restaurants/:restaurantId/modifier-groups} (version: 1):[39m[38;5;3m +0ms[39m
[32m[Nest] 13684  - [39m07/28/2026, 6:35:15 PM [32m    LOG[39m [38;5;3m[RouterExplorer] [39m[32mMapped {/api/restaurants/:restaurantId/modifier-groups, POST} (version: 1) route[39m[38;5;3m +0ms[39m
[32m[Nest] 13684  - [39m07/28/2026, 6:35:15 PM [32m    LOG[39m [38;5;3m[RouterExplorer] [39m[32mMapped {/api/restaurants/:restaurantId/modifier-groups, GET} (version: 1) route[39m[38;5;3m +0ms[39m
[32m[Nest] 13684  - [39m07/28/2026, 6:35:15 PM [32m    LOG[39m [38;5;3m[RouterExplorer] [39m[32mMapped {/api/restaurants/:restaurantId/modifier-groups/:id, GET} (version: 1) route[39m[38;5;3m +0ms[39m
[32m[Nest] 13684  - [39m07/28/2026, 6:35:15 PM [32m    LOG[39m [38;5;3m[RouterExplorer] [39m[32mMapped {/api/restaurants/:restaurantId/modifier-groups/:id, PUT} (version: 1) route[39m[38;5;3m +1ms[39m
[32m[Nest] 13684  - [39m07/28/2026, 6:35:15 PM [32m    LOG[39m [38;5;3m[RouterExplorer] [39m[32mMapped {/api/restaurants/:restaurantId/modifier-groups/:id, DELETE} (version: 1) route[39m[38;5;3m +0ms[39m
[32m[Nest] 13684  - [39m07/28/2026, 6:35:15 PM [32m    LOG[39m [38;5;3m[RouterExplorer] [39m[32mMapped {/api/restaurants/:restaurantId/modifier-groups/:id/restore, POST} (version: 1) route[39m[38;5;3m +0ms[39m
[32m[Nest] 13684  - [39m07/28/2026, 6:35:15 PM [32m    LOG[39m [38;5;3m[RoutesResolver] [39m[32mModifiersController {/api/restaurants/:restaurantId/modifier-groups/:modifierGroupId/modifiers} (version: 1):[39m[38;5;3m +0ms[39m
[32m[Nest] 13684  - [39m07/28/2026, 6:35:15 PM [32m    LOG[39m [38;5;3m[RouterExplorer] [39m[32mMapped {/api/restaurants/:restaurantId/modifier-groups/:modifierGroupId/modifiers, POST} (version: 1) route[39m[38;5;3m +0ms[39m
[32m[Nest] 13684  - [39m07/28/2026, 6:35:15 PM [32m    LOG[39m [38;5;3m[RouterExplorer] [39m[32mMapped {/api/restaurants/:restaurantId/modifier-groups/:modifierGroupId/modifiers, GET} (version: 1) route[39m[38;5;3m +0ms[39m
[32m[Nest] 13684  - [39m07/28/2026, 6:35:15 PM [32m    LOG[39m [38;5;3m[RouterExplorer] [39m[32mMapped {/api/restaurants/:restaurantId/modifier-groups/:modifierGroupId/modifiers/:id, GET} (version: 1) route[39m[38;5;3m +0ms[39m
[32m[Nest] 13684  - [39m07/28/2026, 6:35:15 PM [32m    LOG[39m [38;5;3m[RouterExplorer] [39m[32mMapped {/api/restaurants/:restaurantId/modifier-groups/:modifierGroupId/modifiers/:id, PUT} (version: 1) route[39m[38;5;3m +0ms[39m
[32m[Nest] 13684  - [39m07/28/2026, 6:35:15 PM [32m    LOG[39m [38;5;3m[RouterExplorer] [39m[32mMapped {/api/restaurants/:restaurantId/modifier-groups/:modifierGroupId/modifiers/:id, DELETE} (version: 1) route[39m[38;5;3m +0ms[39m
[32m[Nest] 13684  - [39m07/28/2026, 6:35:15 PM [32m    LOG[39m [38;5;3m[RouterExplorer] [39m[32mMapped {/api/restaurants/:restaurantId/modifier-groups/:modifierGroupId/modifiers/:id/restore, POST} (version: 1) route[39m[38;5;3m +0ms[39m
[32m[Nest] 13684  - [39m07/28/2026, 6:35:15 PM [32m    LOG[39m [38;5;3m[RoutesResolver] [39m[32mProductTagsController {/api/restaurants/:restaurantId/tags} (version: 1):[39m[38;5;3m +0ms[39m
[32m[Nest] 13684  - [39m07/28/2026, 6:35:15 PM [32m    LOG[39m [38;5;3m[RouterExplorer] [39m[32mMapped {/api/restaurants/:restaurantId/tags, POST} (version: 1) route[39m[38;5;3m +0ms[39m
[32m[Nest] 13684  - [39m07/28/2026, 6:35:15 PM [32m    LOG[39m [38;5;3m[RouterExplorer] [39m[32mMapped {/api/restaurants/:restaurantId/tags, GET} (version: 1) route[39m[38;5;3m +1ms[39m
[32m[Nest] 13684  - [39m07/28/2026, 6:35:15 PM [32m    LOG[39m [38;5;3m[RouterExplorer] [39m[32mMapped {/api/restaurants/:restaurantId/tags/:id, GET} (version: 1) route[39m[38;5;3m +0ms[39m
[32m[Nest] 13684  - [39m07/28/2026, 6:35:15 PM [32m    LOG[39m [38;5;3m[RouterExplorer] [39m[32mMapped {/api/restaurants/:restaurantId/tags/:id, PUT} (version: 1) route[39m[38;5;3m +0ms[39m
[32m[Nest] 13684  - [39m07/28/2026, 6:35:15 PM [32m    LOG[39m [38;5;3m[RouterExplorer] [39m[32mMapped {/api/restaurants/:restaurantId/tags/:id, DELETE} (version: 1) route[39m[38;5;3m +0ms[39m
[32m[Nest] 13684  - [39m07/28/2026, 6:35:15 PM [32m    LOG[39m [38;5;3m[RouterExplorer] [39m[32mMapped {/api/restaurants/:restaurantId/tags/:id/restore, POST} (version: 1) route[39m[38;5;3m +0ms[39m
[32m[Nest] 13684  - [39m07/28/2026, 6:35:15 PM [32m    LOG[39m [38;5;3m[RoutesResolver] [39m[32mProductTagAssignmentsController {/api/restaurants/:restaurantId/products/:productId/tags} (version: 1):[39m[38;5;3m +0ms[39m
[32m[Nest] 13684  - [39m07/28/2026, 6:35:15 PM [32m    LOG[39m [38;5;3m[RouterExplorer] [39m[32mMapped {/api/restaurants/:restaurantId/products/:productId/tags, GET} (version: 1) route[39m[38;5;3m +0ms[39m
[32m[Nest] 13684  - [39m07/28/2026, 6:35:15 PM [32m    LOG[39m [38;5;3m[RouterExplorer] [39m[32mMapped {/api/restaurants/:restaurantId/products/:productId/tags, POST} (version: 1) route[39m[38;5;3m +0ms[39m
[32m[Nest] 13684  - [39m07/28/2026, 6:35:15 PM [32m    LOG[39m [38;5;3m[RouterExplorer] [39m[32mMapped {/api/restaurants/:restaurantId/products/:productId/tags/:tagId, DELETE} (version: 1) route[39m[38;5;3m +0ms[39m
[32m[Nest] 13684  - [39m07/28/2026, 6:35:15 PM [32m    LOG[39m [38;5;3m[RoutesResolver] [39m[32mAllergensController {/api/restaurants/:restaurantId/allergens} (version: 1):[39m[38;5;3m +0ms[39m
[32m[Nest] 13684  - [39m07/28/2026, 6:35:15 PM [32m    LOG[39m [38;5;3m[RouterExplorer] [39m[32mMapped {/api/restaurants/:restaurantId/allergens, POST} (version: 1) route[39m[38;5;3m +1ms[39m
[32m[Nest] 13684  - [39m07/28/2026, 6:35:15 PM [32m    LOG[39m [38;5;3m[RouterExplorer] [39m[32mMapped {/api/restaurants/:restaurantId/allergens, GET} (version: 1) route[39m[38;5;3m +0ms[39m
[32m[Nest] 13684  - [39m07/28/2026, 6:35:15 PM [32m    LOG[39m [38;5;3m[RouterExplorer] [39m[32mMapped {/api/restaurants/:restaurantId/allergens/:id, GET} (version: 1) route[39m[38;5;3m +0ms[39m
[32m[Nest] 13684  - [39m07/28/2026, 6:35:15 PM [32m    LOG[39m [38;5;3m[RouterExplorer] [39m[32mMapped {/api/restaurants/:restaurantId/allergens/:id, PUT} (version: 1) route[39m[38;5;3m +0ms[39m
[32m[Nest] 13684  - [39m07/28/2026, 6:35:15 PM [32m    LOG[39m [38;5;3m[RouterExplorer] [39m[32mMapped {/api/restaurants/:restaurantId/allergens/:id, DELETE} (version: 1) route[39m[38;5;3m +0ms[39m
[32m[Nest] 13684  - [39m07/28/2026, 6:35:15 PM [32m    LOG[39m [38;5;3m[RouterExplorer] [39m[32mMapped {/api/restaurants/:restaurantId/allergens/:id/restore, POST} (version: 1) route[39m[38;5;3m +0ms[39m
[32m[Nest] 13684  - [39m07/28/2026, 6:35:15 PM [32m    LOG[39m [38;5;3m[RoutesResolver] [39m[32mProductAllergenAssignmentsController {/api/restaurants/:restaurantId/products/:productId/allergens} (version: 1):[39m[38;5;3m +0ms[39m
[32m[Nest] 13684  - [39m07/28/2026, 6:35:15 PM [32m    LOG[39m [38;5;3m[RouterExplorer] [39m[32mMapped {/api/restaurants/:restaurantId/products/:productId/allergens, GET} (version: 1) route[39m[38;5;3m +0ms[39m
[32m[Nest] 13684  - [39m07/28/2026, 6:35:15 PM [32m    LOG[39m [38;5;3m[RouterExplorer] [39m[32mMapped {/api/restaurants/:restaurantId/products/:productId/allergens, POST} (version: 1) route[39m[38;5;3m +0ms[39m
[32m[Nest] 13684  - [39m07/28/2026, 6:35:15 PM [32m    LOG[39m [38;5;3m[RouterExplorer] [39m[32mMapped {/api/restaurants/:restaurantId/products/:productId/allergens/:allergenId, DELETE} (version: 1) route[39m[38;5;3m +1ms[39m
[32m[Nest] 13684  - [39m07/28/2026, 6:35:15 PM [32m    LOG[39m [38;5;3m[RoutesResolver] [39m[32mNutritionController {/api/restaurants/:restaurantId/products/:productId/nutrition} (version: 1):[39m[38;5;3m +0ms[39m
[32m[Nest] 13684  - [39m07/28/2026, 6:35:15 PM [32m    LOG[39m [38;5;3m[RouterExplorer] [39m[32mMapped {/api/restaurants/:restaurantId/products/:productId/nutrition, POST} (version: 1) route[39m[38;5;3m +0ms[39m
[32m[Nest] 13684  - [39m07/28/2026, 6:35:15 PM [32m    LOG[39m [38;5;3m[RouterExplorer] [39m[32mMapped {/api/restaurants/:restaurantId/products/:productId/nutrition, GET} (version: 1) route[39m[38;5;3m +0ms[39m
[32m[Nest] 13684  - [39m07/28/2026, 6:35:15 PM [32m    LOG[39m [38;5;3m[RouterExplorer] [39m[32mMapped {/api/restaurants/:restaurantId/products/:productId/nutrition, PUT} (version: 1) route[39m[38;5;3m +0ms[39m
[32m[Nest] 13684  - [39m07/28/2026, 6:35:15 PM [32m    LOG[39m [38;5;3m[RouterExplorer] [39m[32mMapped {/api/restaurants/:restaurantId/products/:productId/nutrition, DELETE} (version: 1) route[39m[38;5;3m +0ms[39m
[32m[Nest] 13684  - [39m07/28/2026, 6:35:15 PM [32m    LOG[39m [38;5;3m[RoutesResolver] [39m[32mBusinessHoursController {/api/restaurants/:restaurantId/business-hours} (version: 1):[39m[38;5;3m +0ms[39m
[32m[Nest] 13684  - [39m07/28/2026, 6:35:15 PM [32m    LOG[39m [38;5;3m[RouterExplorer] [39m[32mMapped {/api/restaurants/:restaurantId/business-hours, POST} (version: 1) route[39m[38;5;3m +0ms[39m
[32m[Nest] 13684  - [39m07/28/2026, 6:35:15 PM [32m    LOG[39m [38;5;3m[RouterExplorer] [39m[32mMapped {/api/restaurants/:restaurantId/business-hours, GET} (version: 1) route[39m[38;5;3m +0ms[39m
[32m[Nest] 13684  - [39m07/28/2026, 6:35:15 PM [32m    LOG[39m [38;5;3m[RouterExplorer] [39m[32mMapped {/api/restaurants/:restaurantId/business-hours/:id, GET} (version: 1) route[39m[38;5;3m +0ms[39m
[32m[Nest] 13684  - [39m07/28/2026, 6:35:15 PM [32m    LOG[39m [38;5;3m[RouterExplorer] [39m[32mMapped {/api/restaurants/:restaurantId/business-hours/:id, PUT} (version: 1) route[39m[38;5;3m +1ms[39m
[32m[Nest] 13684  - [39m07/28/2026, 6:35:15 PM [32m    LOG[39m [38;5;3m[RouterExplorer] [39m[32mMapped {/api/restaurants/:restaurantId/business-hours/:id, DELETE} (version: 1) route[39m[38;5;3m +0ms[39m
[32m[Nest] 13684  - [39m07/28/2026, 6:35:15 PM [32m    LOG[39m [38;5;3m[RoutesResolver] [39m[32mBusinessExceptionsController {/api/restaurants/:restaurantId/business-exceptions} (version: 1):[39m[38;5;3m +0ms[39m
[32m[Nest] 13684  - [39m07/28/2026, 6:35:15 PM [32m    LOG[39m [38;5;3m[RouterExplorer] [39m[32mMapped {/api/restaurants/:restaurantId/business-exceptions, POST} (version: 1) route[39m[38;5;3m +0ms[39m
[32m[Nest] 13684  - [39m07/28/2026, 6:35:15 PM [32m    LOG[39m [38;5;3m[RouterExplorer] [39m[32mMapped {/api/restaurants/:restaurantId/business-exceptions, GET} (version: 1) route[39m[38;5;3m +0ms[39m
[32m[Nest] 13684  - [39m07/28/2026, 6:35:15 PM [32m    LOG[39m [38;5;3m[RouterExplorer] [39m[32mMapped {/api/restaurants/:restaurantId/business-exceptions/:id, GET} (version: 1) route[39m[38;5;3m +0ms[39m
[32m[Nest] 13684  - [39m07/28/2026, 6:35:15 PM [32m    LOG[39m [38;5;3m[RouterExplorer] [39m[32mMapped {/api/restaurants/:restaurantId/business-exceptions/:id, PUT} (version: 1) route[39m[38;5;3m +0ms[39m
[32m[Nest] 13684  - [39m07/28/2026, 6:35:15 PM [32m    LOG[39m [38;5;3m[RouterExplorer] [39m[32mMapped {/api/restaurants/:restaurantId/business-exceptions/:id, DELETE} (version: 1) route[39m[38;5;3m +0ms[39m
[32m[Nest] 13684  - [39m07/28/2026, 6:35:15 PM [32m    LOG[39m [38;5;3m[RoutesResolver] [39m[32mRestaurantSettingsController {/api/restaurants/:restaurantId/settings} (version: 1):[39m[38;5;3m +0ms[39m
[32m[Nest] 13684  - [39m07/28/2026, 6:35:15 PM [32m    LOG[39m [38;5;3m[RouterExplorer] [39m[32mMapped {/api/restaurants/:restaurantId/settings, GET} (version: 1) route[39m[38;5;3m +1ms[39m
[32m[Nest] 13684  - [39m07/28/2026, 6:35:15 PM [32m    LOG[39m [38;5;3m[RouterExplorer] [39m[32mMapped {/api/restaurants/:restaurantId/settings, PUT} (version: 1) route[39m[38;5;3m +0ms[39m
[32m[Nest] 13684  - [39m07/28/2026, 6:35:15 PM [32m    LOG[39m [38;5;3m[RoutesResolver] [39m[32mBranchSettingsController {/api/restaurants/:restaurantId/branches/:branchId/settings} (version: 1):[39m[38;5;3m +0ms[39m
[32m[Nest] 13684  - [39m07/28/2026, 6:35:15 PM [32m    LOG[39m [38;5;3m[RouterExplorer] [39m[32mMapped {/api/restaurants/:restaurantId/branches/:branchId/settings, GET} (version: 1) route[39m[38;5;3m +0ms[39m
[32m[Nest] 13684  - [39m07/28/2026, 6:35:15 PM [32m    LOG[39m [38;5;3m[RouterExplorer] [39m[32mMapped {/api/restaurants/:restaurantId/branches/:branchId/settings, PUT} (version: 1) route[39m[38;5;3m +0ms[39m
[32m[Nest] 13684  - [39m07/28/2026, 6:35:15 PM [32m    LOG[39m [38;5;3m[RoutesResolver] [39m[32mTaxRatesController {/api/restaurants/:restaurantId/tax-rates} (version: 1):[39m[38;5;3m +0ms[39m
[32m[Nest] 13684  - [39m07/28/2026, 6:35:15 PM [32m    LOG[39m [38;5;3m[RouterExplorer] [39m[32mMapped {/api/restaurants/:restaurantId/tax-rates, POST} (version: 1) route[39m[38;5;3m +1ms[39m
[32m[Nest] 13684  - [39m07/28/2026, 6:35:15 PM [32m    LOG[39m [38;5;3m[RouterExplorer] [39m[32mMapped {/api/restaurants/:restaurantId/tax-rates, GET} (version: 1) route[39m[38;5;3m +0ms[39m
[32m[Nest] 13684  - [39m07/28/2026, 6:35:15 PM [32m    LOG[39m [38;5;3m[RouterExplorer] [39m[32mMapped {/api/restaurants/:restaurantId/tax-rates/:id, GET} (version: 1) route[39m[38;5;3m +0ms[39m
[32m[Nest] 13684  - [39m07/28/2026, 6:35:15 PM [32m    LOG[39m [38;5;3m[RouterExplorer] [39m[32mMapped {/api/restaurants/:restaurantId/tax-rates/:id, PUT} (version: 1) route[39m[38;5;3m +0ms[39m
[32m[Nest] 13684  - [39m07/28/2026, 6:35:15 PM [32m    LOG[39m [38;5;3m[RouterExplorer] [39m[32mMapped {/api/restaurants/:restaurantId/tax-rates/:id, DELETE} (version: 1) route[39m[38;5;3m +0ms[39m
[32m[Nest] 13684  - [39m07/28/2026, 6:35:15 PM [32m    LOG[39m [38;5;3m[RouterExplorer] [39m[32mMapped {/api/restaurants/:restaurantId/tax-rates/:id/restore, POST} (version: 1) route[39m[38;5;3m +0ms[39m
[32m[Nest] 13684  - [39m07/28/2026, 6:35:15 PM [32m    LOG[39m [38;5;3m[RoutesResolver] [39m[32mServiceChargesController {/api/restaurants/:restaurantId/service-charges} (version: 1):[39m[38;5;3m +0ms[39m
[32m[Nest] 13684  - [39m07/28/2026, 6:35:15 PM [32m    LOG[39m [38;5;3m[RouterExplorer] [39m[32mMapped {/api/restaurants/:restaurantId/service-charges, POST} (version: 1) route[39m[38;5;3m +1ms[39m
[32m[Nest] 13684  - [39m07/28/2026, 6:35:15 PM [32m    LOG[39m [38;5;3m[RouterExplorer] [39m[32mMapped {/api/restaurants/:restaurantId/service-charges, GET} (version: 1) route[39m[38;5;3m +0ms[39m
[32m[Nest] 13684  - [39m07/28/2026, 6:35:15 PM [32m    LOG[39m [38;5;3m[RouterExplorer] [39m[32mMapped {/api/restaurants/:restaurantId/service-charges/:id, GET} (version: 1) route[39m[38;5;3m +0ms[39m
[32m[Nest] 13684  - [39m07/28/2026, 6:35:15 PM [32m    LOG[39m [38;5;3m[RouterExplorer] [39m[32mMapped {/api/restaurants/:restaurantId/service-charges/:id, PUT} (version: 1) route[39m[38;5;3m +0ms[39m
[32m[Nest] 13684  - [39m07/28/2026, 6:35:15 PM [32m    LOG[39m [38;5;3m[RouterExplorer] [39m[32mMapped {/api/restaurants/:restaurantId/service-charges/:id, DELETE} (version: 1) route[39m[38;5;3m +0ms[39m
[32m[Nest] 13684  - [39m07/28/2026, 6:35:15 PM [32m    LOG[39m [38;5;3m[RouterExplorer] [39m[32mMapped {/api/restaurants/:restaurantId/service-charges/:id/restore, POST} (version: 1) route[39m[38;5;3m +1ms[39m
[32m[Nest] 13684  - [39m07/28/2026, 6:35:15 PM [32m    LOG[39m [38;5;3m[RoutesResolver] [39m[32mUnitsController {/api/units} (version: 1):[39m[38;5;3m +0ms[39m
[32m[Nest] 13684  - [39m07/28/2026, 6:35:15 PM [32m    LOG[39m [38;5;3m[RouterExplorer] [39m[32mMapped {/api/units, POST} (version: 1) route[39m[38;5;3m +0ms[39m
[32m[Nest] 13684  - [39m07/28/2026, 6:35:15 PM [32m    LOG[39m [38;5;3m[RouterExplorer] [39m[32mMapped {/api/units, GET} (version: 1) route[39m[38;5;3m +0ms[39m
[32m[Nest] 13684  - [39m07/28/2026, 6:35:15 PM [32m    LOG[39m [38;5;3m[RouterExplorer] [39m[32mMapped {/api/units/:id, GET} (version: 1) route[39m[38;5;3m +0ms[39m
[32m[Nest] 13684  - [39m07/28/2026, 6:35:15 PM [32m    LOG[39m [38;5;3m[RouterExplorer] [39m[32mMapped {/api/units/:id, PUT} (version: 1) route[39m[38;5;3m +0ms[39m
[32m[Nest] 13684  - [39m07/28/2026, 6:35:15 PM [32m    LOG[39m [38;5;3m[RouterExplorer] [39m[32mMapped {/api/units/:id, DELETE} (version: 1) route[39m[38;5;3m +1ms[39m
[32m[Nest] 13684  - [39m07/28/2026, 6:35:15 PM [32m    LOG[39m [38;5;3m[RouterExplorer] [39m[32mMapped {/api/units/:id/restore, POST} (version: 1) route[39m[38;5;3m +0ms[39m
[32m[Nest] 13684  - [39m07/28/2026, 6:35:15 PM [32m    LOG[39m [38;5;3m[RoutesResolver] [39m[32mQueueController {/api/queues} (version: 1):[39m[38;5;3m +0ms[39m
[32m[Nest] 13684  - [39m07/28/2026, 6:35:15 PM [32m    LOG[39m [38;5;3m[RouterExplorer] [39m[32mMapped {/api/queues/:name/stats, GET} (version: 1) route[39m[38;5;3m +0ms[39m
[32m[Nest] 13684  - [39m07/28/2026, 6:35:15 PM [32m    LOG[39m [38;5;3m[RoutesResolver] [39m[32mIngredientsController {/api/ingredients} (version: 1):[39m[38;5;3m +0ms[39m
[32m[Nest] 13684  - [39m07/28/2026, 6:35:15 PM [32m    LOG[39m [38;5;3m[RouterExplorer] [39m[32mMapped {/api/ingredients, POST} (version: 1) route[39m[38;5;3m +0ms[39m
[32m[Nest] 13684  - [39m07/28/2026, 6:35:15 PM [32m    LOG[39m [38;5;3m[RouterExplorer] [39m[32mMapped {/api/ingredients, GET} (version: 1) route[39m[38;5;3m +0ms[39m
[32m[Nest] 13684  - [39m07/28/2026, 6:35:15 PM [32m    LOG[39m [38;5;3m[RouterExplorer] [39m[32mMapped {/api/ingredients/:id, GET} (version: 1) route[39m[38;5;3m +0ms[39m
[32m[Nest] 13684  - [39m07/28/2026, 6:35:15 PM [32m    LOG[39m [38;5;3m[RouterExplorer] [39m[32mMapped {/api/ingredients/:id, PUT} (version: 1) route[39m[38;5;3m +1ms[39m
[32m[Nest] 13684  - [39m07/28/2026, 6:35:15 PM [32m    LOG[39m [38;5;3m[RouterExplorer] [39m[32mMapped {/api/ingredients/:id, DELETE} (version: 1) route[39m[38;5;3m +0ms[39m
[32m[Nest] 13684  - [39m07/28/2026, 6:35:15 PM [32m    LOG[39m [38;5;3m[RouterExplorer] [39m[32mMapped {/api/ingredients/:id/restore, POST} (version: 1) route[39m[38;5;3m +0ms[39m
[32m[Nest] 13684  - [39m07/28/2026, 6:35:15 PM [32m    LOG[39m [38;5;3m[RoutesResolver] [39m[32mSuppliersController {/api/suppliers} (version: 1):[39m[38;5;3m +0ms[39m
[32m[Nest] 13684  - [39m07/28/2026, 6:35:15 PM [32m    LOG[39m [38;5;3m[RouterExplorer] [39m[32mMapped {/api/suppliers, POST} (version: 1) route[39m[38;5;3m +0ms[39m
[32m[Nest] 13684  - [39m07/28/2026, 6:35:15 PM [32m    LOG[39m [38;5;3m[RouterExplorer] [39m[32mMapped {/api/suppliers, GET} (version: 1) route[39m[38;5;3m +0ms[39m
[32m[Nest] 13684  - [39m07/28/2026, 6:35:15 PM [32m    LOG[39m [38;5;3m[RouterExplorer] [39m[32mMapped {/api/suppliers/:id, GET} (version: 1) route[39m[38;5;3m +0ms[39m
[32m[Nest] 13684  - [39m07/28/2026, 6:35:15 PM [32m    LOG[39m [38;5;3m[RouterExplorer] [39m[32mMapped {/api/suppliers/:id, PUT} (version: 1) route[39m[38;5;3m +1ms[39m
[32m[Nest] 13684  - [39m07/28/2026, 6:35:15 PM [32m    LOG[39m [38;5;3m[RouterExplorer] [39m[32mMapped {/api/suppliers/:id, DELETE} (version: 1) route[39m[38;5;3m +0ms[39m
[32m[Nest] 13684  - [39m07/28/2026, 6:35:15 PM [32m    LOG[39m [38;5;3m[RouterExplorer] [39m[32mMapped {/api/suppliers/:id/restore, POST} (version: 1) route[39m[38;5;3m +0ms[39m
[32m[Nest] 13684  - [39m07/28/2026, 6:35:15 PM [32m    LOG[39m [38;5;3m[RoutesResolver] [39m[32mProductIngredientsController {/api/restaurants/:restaurantId/product-ingredients} (version: 1):[39m[38;5;3m +0ms[39m
[32m[Nest] 13684  - [39m07/28/2026, 6:35:15 PM [32m    LOG[39m [38;5;3m[RouterExplorer] [39m[32mMapped {/api/restaurants/:restaurantId/product-ingredients, POST} (version: 1) route[39m[38;5;3m +0ms[39m
[32m[Nest] 13684  - [39m07/28/2026, 6:35:15 PM [32m    LOG[39m [38;5;3m[RouterExplorer] [39m[32mMapped {/api/restaurants/:restaurantId/product-ingredients/product/:productId, GET} (version: 1) route[39m[38;5;3m +0ms[39m
[32m[Nest] 13684  - [39m07/28/2026, 6:35:15 PM [32m    LOG[39m [38;5;3m[RouterExplorer] [39m[32mMapped {/api/restaurants/:restaurantId/product-ingredients/product/:productId/cost, GET} (version: 1) route[39m[38;5;3m +0ms[39m
[32m[Nest] 13684  - [39m07/28/2026, 6:35:15 PM [32m    LOG[39m [38;5;3m[RouterExplorer] [39m[32mMapped {/api/restaurants/:restaurantId/product-ingredients/:id, GET} (version: 1) route[39m[38;5;3m +0ms[39m
[32m[Nest] 13684  - [39m07/28/2026, 6:35:15 PM [32m    LOG[39m [38;5;3m[RouterExplorer] [39m[32mMapped {/api/restaurants/:restaurantId/product-ingredients/:id, PUT} (version: 1) route[39m[38;5;3m +0ms[39m
[32m[Nest] 13684  - [39m07/28/2026, 6:35:15 PM [32m    LOG[39m [38;5;3m[RouterExplorer] [39m[32mMapped {/api/restaurants/:restaurantId/product-ingredients/:id, DELETE} (version: 1) route[39m[38;5;3m +0ms[39m
[32m[Nest] 13684  - [39m07/28/2026, 6:35:15 PM [32m    LOG[39m [38;5;3m[RoutesResolver] [39m[32mUsageController {/api/restaurants/:restaurantId/usage} (version: 1):[39m[38;5;3m +0ms[39m
[32m[Nest] 13684  - [39m07/28/2026, 6:35:15 PM [32m    LOG[39m [38;5;3m[RouterExplorer] [39m[32mMapped {/api/restaurants/:restaurantId/usage/orders/count, GET} (version: 1) route[39m[38;5;3m +0ms[39m
[32m[Nest] 13684  - [39m07/28/2026, 6:35:15 PM [32m    LOG[39m [38;5;3m[RouterExplorer] [39m[32mMapped {/api/restaurants/:restaurantId/usage/products/:productId/count, GET} (version: 1) route[39m[38;5;3m +1ms[39m
[32m[Nest] 13684  - [39m07/28/2026, 6:35:15 PM [32m    LOG[39m [38;5;3m[RouterExplorer] [39m[32mMapped {/api/restaurants/:restaurantId/usage/products/top, GET} (version: 1) route[39m[38;5;3m +0ms[39m
[32m[Nest] 13684  - [39m07/28/2026, 6:35:15 PM [32m    LOG[39m [38;5;3m[RouterExplorer] [39m[32mMapped {/api/restaurants/:restaurantId/usage/orders/daily, GET} (version: 1) route[39m[38;5;3m +0ms[39m
[32m[Nest] 13684  - [39m07/28/2026, 6:35:15 PM [32m    LOG[39m [38;5;3m[PrismaService] [39m[32mDatabase connected successfully[39m
[32m[Nest] 13684  - [39m07/28/2026, 6:35:15 PM [32m    LOG[39m [38;5;3m[QueueService] [39m[32mQueueService initialized[39m
[32m[Nest] 13684  - [39m07/28/2026, 6:35:15 PM [32m    LOG[39m [38;5;3m[QueueService] [39m[32mWorker registered for queue "email" with concurrency 3[39m
[32m[Nest] 13684  - [39m07/28/2026, 6:35:15 PM [32m    LOG[39m [38;5;3m[EmailProcessor] [39m[32mEmail processor registered[39m
[32m[Nest] 13684  - [39m07/28/2026, 6:35:15 PM [32m    LOG[39m [38;5;3m[QueueService] [39m[32mWorker registered for queue "cleanup" with concurrency 1[39m
[32m[Nest] 13684  - [39m07/28/2026, 6:35:15 PM [32m    LOG[39m [38;5;3m[CleanupProcessor] [39m[32mCleanup processor registered[39m
[32m[Nest] 13684  - [39m07/28/2026, 6:35:15 PM [32m    LOG[39m [38;5;3m[QueueService] [39m[32mWorker registered for queue "notification" with concurrency 5[39m
[32m[Nest] 13684  - [39m07/28/2026, 6:35:15 PM [32m    LOG[39m [38;5;3m[NotificationProcessor] [39m[32mNotification processor registered[39m
[32m[Nest] 13684  - [39m07/28/2026, 6:35:15 PM [32m    LOG[39m [38;5;3m[UsageTrackingService] [39m[32mUsageTrackingService initialized[39m
[32m[Nest] 13684  - [39m07/28/2026, 6:35:15 PM [32m    LOG[39m [38;5;3m[NestApplication] [39m[32mNest application successfully started[39m[38;5;3m +20ms[39m
[31m[Nest] 13684  - [39m07/28/2026, 6:35:15 PM [31m  ERROR[39m [38;5;3m[NestApplication] [39m[31mError: listen EADDRINUSE: address already in use :::3000[39m[38;5;3m +9ms[39m
node:net:1940
    const ex = new UVExceptionWithHostPort(err, 'listen', address, port);
               ^

Error: listen EADDRINUSE: address already in use :::3000
    at Server.setupListenHandle [as _listen2] (node:net:1940:16)
    at listenInCluster (node:net:1997:12)
    at Server.listen (node:net:2102:7)
    at ExpressAdapter.listen (D:\New folder (8)\tablofy\node_modules\@nestjs\platform-express\adapters\express-adapter.js:115:32)
    at D:\New folder (8)\tablofy\node_modules\@nestjs\core\nest-application.js:190:30
    at new Promise (<anonymous>)
    at NestApplication.listen (D:\New folder (8)\tablofy\node_modules\@nestjs\core\nest-application.js:180:16)
    at async bootstrap (D:\New folder (8)\tablofy\dist\apps\api\main.js:17363:5) {
  code: 'EADDRINUSE',
  errno: -4091,
  syscall: 'listen',
  address: '::',
  port: 3000
}

Node.js v22.22.3
